Archive member included to satisfy reference by file (symbol)

/Applications/STM32CubeIDE.app/Contents/Eclipse/plugins/com.st.stm32cube.ide.mcu.externaltools.gnu-tools-for-stm32.12.3.rel1.macos64_1.1.0.202410301201/tools/bin/../lib/gcc/arm-none-eabi/12.3.1/../../../../arm-none-eabi/lib/thumb/v7e-m+fp/hard/libc_nano.a(libc_a-exit.o)
                              /Applications/STM32CubeIDE.app/Contents/Eclipse/plugins/com.st.stm32cube.ide.mcu.externaltools.gnu-tools-for-stm32.12.3.rel1.macos64_1.1.0.202410301201/tools/bin/../lib/gcc/arm-none-eabi/12.3.1/../../../../arm-none-eabi/lib/thumb/v7e-m+fp/hard/crt0.o (exit)
/Applications/STM32CubeIDE.app/Contents/Eclipse/plugins/com.st.stm32cube.ide.mcu.externaltools.gnu-tools-for-stm32.12.3.rel1.macos64_1.1.0.202410301201/tools/bin/../lib/gcc/arm-none-eabi/12.3.1/../../../../arm-none-eabi/lib/thumb/v7e-m+fp/hard/libc_nano.a(libc_a-findfp.o)
                              /Applications/STM32CubeIDE.app/Contents/Eclipse/plugins/com.st.stm32cube.ide.mcu.externaltools.gnu-tools-for-stm32.12.3.rel1.macos64_1.1.0.202410301201/tools/bin/../lib/gcc/arm-none-eabi/12.3.1/../../../../arm-none-eabi/lib/thumb/v7e-m+fp/hard/libc_nano.a(libc_a-exit.o) (__stdio_exit_handler)
/Applications/STM32CubeIDE.app/Contents/Eclipse/plugins/com.st.stm32cube.ide.mcu.externaltools.gnu-tools-for-stm32.12.3.rel1.macos64_1.1.0.202410301201/tools/bin/../lib/gcc/arm-none-eabi/12.3.1/../../../../arm-none-eabi/lib/thumb/v7e-m+fp/hard/libc_nano.a(libc_a-fwalk.o)
                              /Applications/STM32CubeIDE.app/Contents/Eclipse/plugins/com.st.stm32cube.ide.mcu.externaltools.gnu-tools-for-stm32.12.3.rel1.macos64_1.1.0.202410301201/tools/bin/../lib/gcc/arm-none-eabi/12.3.1/../../../../arm-none-eabi/lib/thumb/v7e-m+fp/hard/libc_nano.a(libc_a-findfp.o) (_fwalk_sglue)
/Applications/STM32CubeIDE.app/Contents/Eclipse/plugins/com.st.stm32cube.ide.mcu.externaltools.gnu-tools-for-stm32.12.3.rel1.macos64_1.1.0.202410301201/tools/bin/../lib/gcc/arm-none-eabi/12.3.1/../../../../arm-none-eabi/lib/thumb/v7e-m+fp/hard/libc_nano.a(libc_a-memset.o)
                              /Applications/STM32CubeIDE.app/Contents/Eclipse/plugins/com.st.stm32cube.ide.mcu.externaltools.gnu-tools-for-stm32.12.3.rel1.macos64_1.1.0.202410301201/tools/bin/../lib/gcc/arm-none-eabi/12.3.1/../../../../arm-none-eabi/lib/thumb/v7e-m+fp/hard/crt0.o (memset)
/Applications/STM32CubeIDE.app/Contents/Eclipse/plugins/com.st.stm32cube.ide.mcu.externaltools.gnu-tools-for-stm32.12.3.rel1.macos64_1.1.0.202410301201/tools/bin/../lib/gcc/arm-none-eabi/12.3.1/../../../../arm-none-eabi/lib/thumb/v7e-m+fp/hard/libc_nano.a(libc_a-impure.o)
                              /Applications/STM32CubeIDE.app/Contents/Eclipse/plugins/com.st.stm32cube.ide.mcu.externaltools.gnu-tools-for-stm32.12.3.rel1.macos64_1.1.0.202410301201/tools/bin/../lib/gcc/arm-none-eabi/12.3.1/../../../../arm-none-eabi/lib/thumb/v7e-m+fp/hard/libc_nano.a(libc_a-findfp.o) (_impure_data)
/Applications/STM32CubeIDE.app/Contents/Eclipse/plugins/com.st.stm32cube.ide.mcu.externaltools.gnu-tools-for-stm32.12.3.rel1.macos64_1.1.0.202410301201/tools/bin/../lib/gcc/arm-none-eabi/12.3.1/../../../../arm-none-eabi/lib/thumb/v7e-m+fp/hard/libc_nano.a(libc_a-errno.o)
                              ./Core/Src/syscalls.o (__errno)
/Applications/STM32CubeIDE.app/Contents/Eclipse/plugins/com.st.stm32cube.ide.mcu.externaltools.gnu-tools-for-stm32.12.3.rel1.macos64_1.1.0.202410301201/tools/bin/../lib/gcc/arm-none-eabi/12.3.1/../../../../arm-none-eabi/lib/thumb/v7e-m+fp/hard/libc_nano.a(libc_a-init.o)
                              /Applications/STM32CubeIDE.app/Contents/Eclipse/plugins/com.st.stm32cube.ide.mcu.externaltools.gnu-tools-for-stm32.12.3.rel1.macos64_1.1.0.202410301201/tools/bin/../lib/gcc/arm-none-eabi/12.3.1/../../../../arm-none-eabi/lib/thumb/v7e-m+fp/hard/crt0.o (__libc_init_array)
/Applications/STM32CubeIDE.app/Contents/Eclipse/plugins/com.st.stm32cube.ide.mcu.externaltools.gnu-tools-for-stm32.12.3.rel1.macos64_1.1.0.202410301201/tools/bin/../lib/gcc/arm-none-eabi/12.3.1/../../../../arm-none-eabi/lib/thumb/v7e-m+fp/hard/libc_nano.a(libc_a-lock.o)
                              /Applications/STM32CubeIDE.app/Contents/Eclipse/plugins/com.st.stm32cube.ide.mcu.externaltools.gnu-tools-for-stm32.12.3.rel1.macos64_1.1.0.202410301201/tools/bin/../lib/gcc/arm-none-eabi/12.3.1/../../../../arm-none-eabi/lib/thumb/v7e-m+fp/hard/libc_nano.a(libc_a-findfp.o) (__retarget_lock_init_recursive)
/Applications/STM32CubeIDE.app/Contents/Eclipse/plugins/com.st.stm32cube.ide.mcu.externaltools.gnu-tools-for-stm32.12.3.rel1.macos64_1.1.0.202410301201/tools/bin/../lib/gcc/arm-none-eabi/12.3.1/../../../../arm-none-eabi/lib/thumb/v7e-m+fp/hard/libc_nano.a(libc_a-mallocr.o)
[...]
Memory Configuration

Name             Origin             Length             Attributes
CCMRAM           0x10000000         0x00002000         xrw
RAM              0x20000000         0x0000a000         xrw
FLASH            0x08000000         0x00040000         xr
*default*        0x00000000         0xffffffff

Linker script and memory map

LOAD /Applications/STM32CubeIDE.app/Contents/Eclipse/plugins/com.st.stm32cube.ide.mcu.externaltools.gnu-tools-for-stm32.12.3.rel1.macos64_1.1.0.202410301201/tools/bin/../lib/gcc/arm-none-eabi/12.3.1/thumb/v7e-m+fp/hard/crti.o
LOAD /Applications/STM32CubeIDE.app/Contents/Eclipse/plugins/com.st.stm32cube.ide.mcu.externaltools.gnu-tools-for-stm32.12.3.rel1.macos64_1.1.0.202410301201/tools/bin/../lib/gcc/arm-none-eabi/12.3.1/thumb/v7e-m+fp/hard/crtbegin.o
LOAD /Applications/STM32CubeIDE.app/Contents/Eclipse/plugins/com.st.stm32cube.ide.mcu.externaltools.gnu-tools-for-stm32.12.3.rel1.macos64_1.1.0.202410301201/tools/bin/../lib/gcc/arm-none-eabi/12.3.1/../../../../arm-none-eabi/lib/thumb/v7e-m+fp/hard/crt0.o
LOAD ./Core/Src/main.o
LOAD ./Core/Src/stm32f3xx_hal_msp.o
LOAD ./Core/Src/stm32f3xx_it.o
LOAD ./Core/Src/syscalls.o
LOAD ./Core/Src/sysmem.o
LOAD ./Core/Src/system_stm32f3xx.o
LOAD ./Core/Startup/startup_stm32f303vctx.o
LOAD ./Drivers/STM32F3xx_HAL_Driver/Src/stm32f3xx_hal.o
LOAD ./Drivers/STM32F3xx_HAL_Driver/Src/stm32f3xx_hal_cortex.o
LOAD ./Drivers/STM32F3xx_HAL_Driver/Src/stm32f3xx_hal_dma.o
LOAD ./Drivers/STM32F3xx_HAL_Driver/Src/stm32f3xx_hal_exti.o
LOAD ./Drivers/STM32F3xx_HAL_Driver/Src/stm32f3xx_hal_flash.o
LOAD ./Drivers/STM32F3xx_HAL_Driver/Src/stm32f3xx_hal_flash_ex.o
LOAD ./Drivers/STM32F3xx_HAL_Driver/Src/stm32f3xx_hal_gpio.o
LOAD ./Drivers/STM32F3xx_HAL_Driver/Src/stm32f3xx_hal_i2c.o
LOAD ./Drivers/STM32F3xx_HAL_Driver/Src/stm32f3xx_hal_i2c_ex.o
LOAD ./Drivers/STM32F3xx_HAL_Driver/Src/stm32f3xx_hal_pcd.o
LOAD ./Drivers/STM32F3xx_HAL_Driver/Src/stm32f3xx_hal_pcd_ex.o
LOAD ./Drivers/STM32F3xx_HAL_Driver/Src/stm32f3xx_hal_pwr.o
LOAD ./Drivers/STM32F3xx_HAL_Driver/Src/stm32f3xx_hal_pwr_ex.o
LOAD ./Drivers/STM32F3xx_HAL_Driver/Src/stm32f3xx_hal_rcc.o
LOAD ./Drivers/STM32F3xx_HAL_Driver/Src/stm32f3xx_hal_rcc_ex.o
LOAD ./Drivers/STM32F3xx_HAL_Driver/Src/stm32f3xx_hal_spi.o
LOAD ./Drivers/STM32F3xx_HAL_Driver/Src/stm32f3xx_hal_spi_ex.o
LOAD ./Drivers/STM32F3xx_HAL_Driver/Src/stm32f3xx_ll_usb.o
LOAD ./Middlewares/ST/STM32_USB_Device_Library/Class/CDC/Src/usbd_cdc.o
LOAD ./Middlewares/ST/STM32_USB_Device_Library/Core/Src/usbd_core.o
LOAD ./Middlewares/ST/STM32_USB_Device_Library/Core/Src/usbd_ctlreq.o
LOAD ./Middlewares/ST/STM32_USB_Device_Library/Core/Src/usbd_ioreq.o
LOAD ./USB_DEVICE/App/usb_device.o
LOAD ./USB_DEVICE/App/usbd_cdc_if.o
LOAD ./USB_DEVICE/App/usbd_desc.o
LOAD ./USB_DEVICE/Target/usbd_conf.o
START GROUP
LOAD /Applications/STM32CubeIDE.app/Contents/Eclipse/plugins/com.st.stm32cube.ide.mcu.externaltools.gnu-tools-for-stm32.12.3.rel1.macos64_1.1.0.202410301201/tools/bin/../lib/gcc/arm-none-eabi/12.3.1/../../../../arm-none-eabi/lib/thumb/v7e-m+fp/hard/libc_nano.a
LOAD /Applications/STM32CubeIDE.app/Contents/Eclipse/plugins/com.st.stm32cube.ide.mcu.externaltools.gnu-tools-for-stm32.12.3.rel1.macos64_1.1.0.202410301201/tools/bin/../lib/gcc/arm-none-eabi/12.3.1/../../../../arm-none-eabi/lib/thumb/v7e-m+fp/hard/libm.a
END GROUP
START GROUP
LOAD /Applications/STM32CubeIDE.app/Contents/Eclipse/plugins/com.st.stm32cube.ide.mcu.externaltools.gnu-tools-for-stm32.12.3.rel1.macos64_1.1.0.202410301201/tools/bin/../lib/gcc/arm-none-eabi/12.3.1/thumb/v7e-m+fp/hard/libgcc.a
LOAD /Applications/STM32CubeIDE.app/Contents/Eclipse/plugins/com.st.stm32cube.ide.mcu.externaltools.gnu-tools-for-stm32.12.3.rel1.macos64_1.1.0.202410301201/tools/bin/../lib/gcc/arm-none-eabi/12.3.1/../../../../arm-none-eabi/lib/thumb/v7e-m+fp/hard/libc_nano.a
END GROUP
START GROUP
LOAD /Applications/STM32CubeIDE.app/Contents/Eclipse/plugins/com.st.stm32cube.ide.mcu.externaltools.gnu-tools-for-stm32.12.3.rel1.macos64_1.1.0.202410301201/tools/bin/../lib/gcc/arm-none-eabi/12.3.1/thumb/v7e-m+fp/hard/libgcc.a
LOAD /Applications/STM32CubeIDE.app/Contents/Eclipse/plugins/com.st.stm32cube.ide.mcu.externaltools.gnu-tools-for-stm32.12.3.rel1.macos64_1.1.0.202410301201/tools/bin/../lib/gcc/arm-none-eabi/12.3.1/../../../../arm-none-eabi/lib/thumb/v7e-m+fp/hard/libc_nano.a
LOAD /Applications/STM32CubeIDE.app/Contents/Eclipse/plugins/com.st.stm32cube.ide.mcu.externaltools.gnu-tools-for-stm32.12.3.rel1.macos64_1.1.0.202410301201/tools/bin/../lib/gcc/arm-none-eabi/12.3.1/../../../../arm-none-eabi/lib/thumb/v7e-m+fp/hard/libnosys.a
END GROUP
START GROUP
LOAD /Applications/STM32CubeIDE.app/Contents/Eclipse/plugins/com.st.stm32cube.ide.mcu.externaltools.gnu-tools-for-stm32.12.3.rel1.macos64_1.1.0.202410301201/tools/bin/../lib/gcc/arm-none-eabi/12.3.1/thumb/v7e-m+fp/hard/libgcc.a
LOAD /Applications/STM32CubeIDE.app/Contents/Eclipse/plugins/com.st.stm32cube.ide.mcu.externaltools.gnu-tools-for-stm32.12.3.rel1.macos64_1.1.0.202410301201/tools/bin/../lib/gcc/arm-none-eabi/12.3.1/../../../../arm-none-eabi/lib/thumb/v7e-m+fp/hard/libc_nano.a
LOAD /Applications/STM32CubeIDE.app/Contents/Eclipse/plugins/com.st.stm32cube.ide.mcu.externaltools.gnu-tools-for-stm32.12.3.rel1.macos64_1.1.0.202410301201/tools/bin/../lib/gcc/arm-none-eabi/12.3.1/../../../../arm-none-eabi/lib/thumb/v7e-m+fp/hard/libnosys.a
END GROUP
LOAD /Applications/STM32CubeIDE.app/Contents/Eclipse/plugins/com.st.stm32cube.ide.mcu.externaltools.gnu-tools-for-stm32.12.3.rel1.macos64_1.1.0.202410301201/tools/bin/../lib/gcc/arm-none-eabi/12.3.1/thumb/v7e-m+fp/hard/crtend.o
LOAD /Applications/STM32CubeIDE.app/Contents/Eclipse/plugins/com.st.stm32cube.ide.mcu.externaltools.gnu-tools-for-stm32.12.3.rel1.macos64_1.1.0.202410301201/tools/bin/../lib/gcc/arm-none-eabi/12.3.1/thumb/v7e-m+fp/hard/crtn.o
                0x2000a000                        _estack = (ORIGIN (RAM) + LENGTH (RAM))
                0x00000200                        _Min_Heap_Size = 0x200
                0x00000400                        _Min_Stack_Size = 0x400

.isr_vector     0x08000000      0x188
                0x08000000                        . = ALIGN (0x4)
 *(.isr_vector)
 .isr_vector    0x08000000      0x188 ./Core/Startup/startup_stm32f303vctx.o
                0x08000000                g_pfnVectors
                0x08000188                        . = ALIGN (0x4)

.text           0x08000188     0x88c4
                0x08000188                        . = ALIGN (0x4)
 *(.text)
 .text          0x08000188       0x40 /Applications/STM32CubeIDE.app/Contents/Eclipse/plugins/com.st.stm32cube.ide.mcu.externaltools.gnu-tools-for-stm32.12.3.rel1.macos64_1.1.0.202410301201/tools/bin/../lib/gcc/arm-none-eabi/12.3.1/thumb/v7e-m+fp/hard/crtbegin.o
 *(.text*)
 .text.main     0x080001c8       0x7c ./Core/Src/main.o
                0x080001c8                main
 .text.SystemClock_Config
                0x08000244       0xc4 ./Core/Src/main.o
                0x08000244                SystemClock_Config
 .text.MX_I2C1_Init
                0x08000308       0x80 ./Core/Src/main.o
 .text.MX_SPI1_Init
                0x08000388       0x7c ./Core/Src/main.o
 .text.MX_GPIO_Init
                0x08000404       0xfc ./Core/Src/main.o
 .text.Error_Handler
                0x08000500        0xc ./Core/Src/main.o
                0x08000500                Error_Handler
 .text.HAL_MspInit
                0x0800050c       0x48 ./Core/Src/stm32f3xx_hal_msp.o
                0x0800050c                HAL_MspInit
 .text.HAL_I2C_MspInit
                0x08000554       0x88 ./Core/Src/stm32f3xx_hal_msp.o
                0x08000554                HAL_I2C_MspInit
 .text.HAL_SPI_MspInit
                0x080005dc       0x84 ./Core/Src/stm32f3xx_hal_msp.o
                0x080005dc                HAL_SPI_MspInit
 .text.NMI_Handler
                0x08000660        0x8 ./Core/Src/stm32f3xx_it.o
                0x08000660                NMI_Handler
 .text.HardFault_Handler
                0x08000668        0x8 ./Core/Src/stm32f3xx_it.o
                0x08000668                HardFault_Handler
 .text.MemManage_Handler
                0x08000670        0x8 ./Core/Src/stm32f3xx_it.o
                0x08000670                MemManage_Handler
 .text.BusFault_Handler
                0x08000678        0x8 ./Core/Src/stm32f3xx_it.o
                0x08000678                BusFault_Handler
 .text.UsageFault_Handler
                0x08000680        0x8 ./Core/Src/stm32f3xx_it.o
                0x08000680                UsageFault_Handler
 .text.SVC_Handler
                0x08000688        0xe ./Core/Src/stm32f3xx_it.o
                0x08000688                SVC_Handler
 .text.DebugMon_Handler
                0x08000696        0xe ./Core/Src/stm32f3xx_it.o
                0x08000696                DebugMon_Handler
 .text.PendSV_Handler
                0x080006a4        0xe ./Core/Src/stm32f3xx_it.o
                0x080006a4                PendSV_Handler
 .text.SysTick_Handler
                0x080006b2        0xc ./Core/Src/stm32f3xx_it.o
                0x080006b2                SysTick_Handler
 *fill*         0x080006be        0x2 
 .text.USB_LP_CAN_RX0_IRQHandler
                0x080006c0       0x14 ./Core/Src/stm32f3xx_it.o
                0x080006c0                USB_LP_CAN_RX0_IRQHandler
 .text.SystemInit
                0x080006d4       0x24 ./Core/Src/system_stm32f3xx.o
                0x080006d4                SystemInit
 .text.Reset_Handler
                0x080006f8       0x50 ./Core/Startup/startup_stm32f303vctx.o
                0x080006f8                Reset_Handler
 .text.Default_Handler
                0x08000748        0x2 ./Core/Startup/startup_stm32f303vctx.o
                0x08000748                TIM1_BRK_TIM15_IRQHandler
                0x08000748                TIM8_TRG_COM_IRQHandler
                0x08000748                TIM8_CC_IRQHandler
                0x08000748                TIM1_CC_IRQHandler
                0x08000748                USB_HP_IRQHandler
                0x08000748                PVD_IRQHandler
                0x08000748                TAMP_STAMP_IRQHandler
                0x08000748                EXTI3_IRQHandler
                0x08000748                USB_HP_CAN_TX_IRQHandler
                0x08000748                EXTI0_IRQHandler
                0x08000748                I2C2_EV_IRQHandler
                0x08000748                FPU_IRQHandler
                0x08000748                TIM1_UP_TIM16_IRQHandler
                0x08000748                ADC1_2_IRQHandler
                0x08000748                SPI1_IRQHandler
                0x08000748                CAN_SCE_IRQHandler
                0x08000748                TIM6_DAC_IRQHandler
                0x08000748                TIM8_UP_IRQHandler
                0x08000748                DMA2_Channel2_IRQHandler
                0x08000748                DMA1_Channel4_IRQHandler
                0x08000748                USART3_IRQHandler
                0x08000748                DMA1_Channel7_IRQHandler
                0x08000748                UART5_IRQHandler
                0x08000748                ADC3_IRQHandler
                0x08000748                TIM4_IRQHandler
                0x08000748                CAN_RX1_IRQHandler
                0x08000748                DMA2_Channel1_IRQHandler
                0x08000748                I2C1_EV_IRQHandler
                0x08000748                DMA1_Channel6_IRQHandler
                0x08000748                UART4_IRQHandler
                0x08000748                DMA2_Channel4_IRQHandler
                0x08000748                TIM3_IRQHandler
                0x08000748                RCC_IRQHandler
                0x08000748                DMA1_Channel1_IRQHandler
                0x08000748                Default_Handler
                0x08000748                USBWakeUp_RMP_IRQHandler
                0x08000748                EXTI15_10_IRQHandler
                0x08000748                TIM7_IRQHandler
                0x08000748                EXTI9_5_IRQHandler
                0x08000748                RTC_WKUP_IRQHandler
                0x08000748                SPI2_IRQHandler
                0x08000748                DMA2_Channel5_IRQHandler
                0x08000748                DMA1_Channel5_IRQHandler
                0x08000748                USB_LP_IRQHandler
                0x08000748                EXTI4_IRQHandler
                0x08000748                TIM1_TRG_COM_TIM17_IRQHandler
                0x08000748                DMA1_Channel3_IRQHandler
                0x08000748                ADC4_IRQHandler
                0x08000748                WWDG_IRQHandler
                0x08000748                TIM2_IRQHandler
                0x08000748                COMP7_IRQHandler
                0x08000748                COMP1_2_3_IRQHandler
                0x08000748                EXTI1_IRQHandler
                0x08000748                USART2_IRQHandler
                0x08000748                COMP4_5_6_IRQHandler
                0x08000748                I2C2_ER_IRQHandler
                0x08000748                DMA1_Channel2_IRQHandler
                0x08000748                TIM8_BRK_IRQHandler
                0x08000748                FLASH_IRQHandler
                0x08000748                USART1_IRQHandler
                0x08000748                SPI3_IRQHandler
                0x08000748                I2C1_ER_IRQHandler
                0x08000748                USBWakeUp_IRQHandler
                0x08000748                DMA2_Channel3_IRQHandler
                0x08000748                EXTI2_TSC_IRQHandler
                0x08000748                RTC_Alarm_IRQHandler
 *fill*         0x0800074a        0x2 
 .text.HAL_Init
                0x0800074c       0x2c ./Drivers/STM32F3xx_HAL_Driver/Src/stm32f3xx_hal.o
                0x0800074c                HAL_Init
 .text.HAL_InitTick
                0x08000778       0x60 ./Drivers/STM32F3xx_HAL_Driver/Src/stm32f3xx_hal.o
                0x08000778                HAL_InitTick
 .text.HAL_IncTick
                0x080007d8       0x28 ./Drivers/STM32F3xx_HAL_Driver/Src/stm32f3xx_hal.o
                0x080007d8                HAL_IncTick
 .text.HAL_GetTick
                0x08000800       0x18 ./Drivers/STM32F3xx_HAL_Driver/Src/stm32f3xx_hal.o
                0x08000800                HAL_GetTick
 .text.HAL_Delay
                0x08000818       0x48 ./Drivers/STM32F3xx_HAL_Driver/Src/stm32f3xx_hal.o
                0x08000818                HAL_Delay
 .text.__NVIC_SetPriorityGrouping
                0x08000860       0x48 ./Drivers/STM32F3xx_HAL_Driver/Src/stm32f3xx_hal_cortex.o
 .text.__NVIC_GetPriorityGrouping
                0x080008a8       0x1c ./Drivers/STM32F3xx_HAL_Driver/Src/stm32f3xx_hal_cortex.o
 .text.__NVIC_EnableIRQ
                0x080008c4       0x3c ./Drivers/STM32F3xx_HAL_Driver/Src/stm32f3xx_hal_cortex.o
 .text.__NVIC_SetPriority
                0x08000900       0x54 ./Drivers/STM32F3xx_HAL_Driver/Src/stm32f3xx_hal_cortex.o
 .text.NVIC_EncodePriority
                0x08000954       0x66 ./Drivers/STM32F3xx_HAL_Driver/Src/stm32f3xx_hal_cortex.o
 *fill*         0x080009ba        0x2 
 .text.SysTick_Config
                0x080009bc       0x44 ./Drivers/STM32F3xx_HAL_Driver/Src/stm32f3xx_hal_cortex.o
 .text.HAL_NVIC_SetPriorityGrouping
                0x08000a00       0x16 ./Drivers/STM32F3xx_HAL_Driver/Src/stm32f3xx_hal_cortex.o
                0x08000a00                HAL_NVIC_SetPriorityGrouping
 .text.HAL_NVIC_SetPriority
                0x08000a16       0x38 ./Drivers/STM32F3xx_HAL_Driver/Src/stm32f3xx_hal_cortex.o
                0x08000a16                HAL_NVIC_SetPriority
 .text.HAL_NVIC_EnableIRQ
                0x08000a4e       0x1c ./Drivers/STM32F3xx_HAL_Driver/Src/stm32f3xx_hal_cortex.o
                0x08000a4e                HAL_NVIC_EnableIRQ
 .text.HAL_SYSTICK_Config
                0x08000a6a       0x18 ./Drivers/STM32F3xx_HAL_Driver/Src/stm32f3xx_hal_cortex.o
                0x08000a6a                HAL_SYSTICK_Config
 *fill*         0x08000a82        0x2 
 .text.HAL_GPIO_Init
                0x08000a84      0x2f4 ./Drivers/STM32F3xx_HAL_Driver/Src/stm32f3xx_hal_gpio.o
                0x08000a84                HAL_GPIO_Init
 .text.HAL_GPIO_WritePin
                0x08000d78       0x30 ./Drivers/STM32F3xx_HAL_Driver/Src/stm32f3xx_hal_gpio.o
                0x08000d78                HAL_GPIO_WritePin
 .text.HAL_I2C_Init
                0x08000da8      0x136 ./Drivers/STM32F3xx_HAL_Driver/Src/stm32f3xx_hal_i2c.o
                0x08000da8                HAL_I2C_Init
 .text.HAL_I2CEx_ConfigAnalogFilter
                0x08000ede       0x96 ./Drivers/STM32F3xx_HAL_Driver/Src/stm32f3xx_hal_i2c_ex.o
                0x08000ede                HAL_I2CEx_ConfigAnalogFilter
 .text.HAL_I2CEx_ConfigDigitalFilter
                0x08000f74       0x98 ./Drivers/STM32F3xx_HAL_Driver/Src/stm32f3xx_hal_i2c_ex.o
                0x08000f74                HAL_I2CEx_ConfigDigitalFilter
 .text.HAL_PCD_Init
                0x0800100c      0x18e ./Drivers/STM32F3xx_HAL_Driver/Src/stm32f3xx_hal_pcd.o
                0x0800100c                HAL_PCD_Init
 .text.HAL_PCD_Start
                0x0800119a       0x4c ./Drivers/STM32F3xx_HAL_Driver/Src/stm32f3xx_hal_pcd.o
                0x0800119a                HAL_PCD_Start
 .text.HAL_PCD_IRQHandler
                0x080011e6      0x1a8 ./Drivers/STM32F3xx_HAL_Driver/Src/stm32f3xx_hal_pcd.o
                0x080011e6                HAL_PCD_IRQHandler
 .text.HAL_PCD_SetAddress
                0x0800138e       0x48 ./Drivers/STM32F3xx_HAL_Driver/Src/stm32f3xx_hal_pcd.o
                0x0800138e                HAL_PCD_SetAddress
 .text.HAL_PCD_EP_Open
                0x080013d6       0xba ./Drivers/STM32F3xx_HAL_Driver/Src/stm32f3xx_hal_pcd.o
                0x080013d6                HAL_PCD_EP_Open
 .text.HAL_PCD_EP_Close
                0x08001490       0x90 ./Drivers/STM32F3xx_HAL_Driver/Src/stm32f3xx_hal_pcd.o
                0x08001490                HAL_PCD_EP_Close
 .text.HAL_PCD_EP_Receive
                0x08001520       0x62 ./Drivers/STM32F3xx_HAL_Driver/Src/stm32f3xx_hal_pcd.o
                0x08001520                HAL_PCD_EP_Receive
 .text.HAL_PCD_EP_GetRxCount
                0x08001582       0x30 ./Drivers/STM32F3xx_HAL_Driver/Src/stm32f3xx_hal_pcd.o
                0x08001582                HAL_PCD_EP_GetRxCount
 .text.HAL_PCD_EP_Transmit
                0x080015b2       0x6e ./Drivers/STM32F3xx_HAL_Driver/Src/stm32f3xx_hal_pcd.o
                0x080015b2                HAL_PCD_EP_Transmit
 .text.HAL_PCD_EP_SetStall
                0x08001620       0xa4 ./Drivers/STM32F3xx_HAL_Driver/Src/stm32f3xx_hal_pcd.o
                0x08001620                HAL_PCD_EP_SetStall
 .text.HAL_PCD_EP_ClrStall
                0x080016c4       0xa8 ./Drivers/STM32F3xx_HAL_Driver/Src/stm32f3xx_hal_pcd.o
                0x080016c4                HAL_PCD_EP_ClrStall
 .text.PCD_EP_ISR_Handler
                0x0800176c      0x79e ./Drivers/STM32F3xx_HAL_Driver/Src/stm32f3xx_hal_pcd.o
 .text.HAL_PCD_EP_DB_Receive
                0x08001f0a      0x21a ./Drivers/STM32F3xx_HAL_Driver/Src/stm32f3xx_hal_pcd.o
 .text.HAL_PCD_EP_DB_Transmit
                0x08002124      0x7f4 ./Drivers/STM32F3xx_HAL_Driver/Src/stm32f3xx_hal_pcd.o
 .text.HAL_PCDEx_PMAConfig
                0x08002918       0x86 ./Drivers/STM32F3xx_HAL_Driver/Src/stm32f3xx_hal_pcd_ex.o
                0x08002918                HAL_PCDEx_PMAConfig
 *fill*         0x0800299e        0x2 
 .text.HAL_RCC_OscConfig
                0x080029a0     0x107c ./Drivers/STM32F3xx_HAL_Driver/Src/stm32f3xx_hal_rcc.o
                0x080029a0                HAL_RCC_OscConfig
 .text.HAL_RCC_ClockConfig
                0x08003a1c      0x2f8 ./Drivers/STM32F3xx_HAL_Driver/Src/stm32f3xx_hal_rcc.o
                0x08003a1c                HAL_RCC_ClockConfig
 .text.HAL_RCC_GetSysClockFreq
                0x08003d14       0xa8 ./Drivers/STM32F3xx_HAL_Driver/Src/stm32f3xx_hal_rcc.o
                0x08003d14                HAL_RCC_GetSysClockFreq
 .text.HAL_RCCEx_PeriphCLKConfig
                0x08003dbc      0x360 ./Drivers/STM32F3xx_HAL_Driver/Src/stm32f3xx_hal_rcc_ex.o
                0x08003dbc                HAL_RCCEx_PeriphCLKConfig
 .text.HAL_SPI_Init
                0x0800411c      0x156 ./Drivers/STM32F3xx_HAL_Driver/Src/stm32f3xx_hal_spi.o
                0x0800411c                HAL_SPI_Init
 .text.USB_EnableGlobalInt
                0x08004272       0x2e ./Drivers/STM32F3xx_HAL_Driver/Src/stm32f3xx_ll_usb.o
                0x08004272                USB_EnableGlobalInt
 .text.USB_DisableGlobalInt
                0x080042a0       0x36 ./Drivers/STM32F3xx_HAL_Driver/Src/stm32f3xx_ll_usb.o
                0x080042a0                USB_DisableGlobalInt
 .text.USB_DevInit
                0x080042d6       0x3c ./Drivers/STM32F3xx_HAL_Driver/Src/stm32f3xx_ll_usb.o
                0x080042d6                USB_DevInit
 *fill*         0x08004312        0x2 
 .text.USB_ActivateEndpoint
                0x08004314      0x788 ./Drivers/STM32F3xx_HAL_Driver/Src/stm32f3xx_ll_usb.o
                0x08004314                USB_ActivateEndpoint
 .text.USB_DeactivateEndpoint
                0x08004a9c      0x3da ./Drivers/STM32F3xx_HAL_Driver/Src/stm32f3xx_ll_usb.o
                0x08004a9c                USB_DeactivateEndpoint
 .text.USB_EPStartXfer
                0x08004e76     0x1764 ./Drivers/STM32F3xx_HAL_Driver/Src/stm32f3xx_ll_usb.o
                0x08004e76                USB_EPStartXfer
 .text.USB_EPSetStall
                0x080065da       0xa2 ./Drivers/STM32F3xx_HAL_Driver/Src/stm32f3xx_ll_usb.o
                0x080065da                USB_EPSetStall
 .text.USB_EPClearStall
                0x0800667c      0x15c ./Drivers/STM32F3xx_HAL_Driver/Src/stm32f3xx_ll_usb.o
                0x0800667c                USB_EPClearStall
 .text.USB_SetDevAddress
                0x080067d8       0x28 ./Drivers/STM32F3xx_HAL_Driver/Src/stm32f3xx_ll_usb.o
                0x080067d8                USB_SetDevAddress
 .text.USB_DevConnect
                0x08006800       0x16 ./Drivers/STM32F3xx_HAL_Driver/Src/stm32f3xx_ll_usb.o
                0x08006800                USB_DevConnect
 .text.USB_ReadInterrupts
                0x08006816       0x20 ./Drivers/STM32F3xx_HAL_Driver/Src/stm32f3xx_ll_usb.o
                0x08006816                USB_ReadInterrupts
 .text.USB_WritePMA
                0x08006836       0x8c ./Drivers/STM32F3xx_HAL_Driver/Src/stm32f3xx_ll_usb.o
                0x08006836                USB_WritePMA
 .text.USB_ReadPMA
                0x080068c2       0xa0 ./Drivers/STM32F3xx_HAL_Driver/Src/stm32f3xx_ll_usb.o
                0x080068c2                USB_ReadPMA
 .text.USBD_CDC_Init
                0x08006962       0xf4 ./Middlewares/ST/STM32_USB_Device_Library/Class/CDC/Src/usbd_cdc.o
 .text.USBD_CDC_DeInit
                0x08006a56       0x6e ./Middlewares/ST/STM32_USB_Device_Library/Class/CDC/Src/usbd_cdc.o
 .text.USBD_CDC_Setup
                0x08006ac4      0x146 ./Middlewares/ST/STM32_USB_Device_Library/Class/CDC/Src/usbd_cdc.o
 .text.USBD_CDC_DataIn
                0x08006c0a       0xa6 ./Middlewares/ST/STM32_USB_Device_Library/Class/CDC/Src/usbd_cdc.o
 .text.USBD_CDC_DataOut
                0x08006cb0       0x56 ./Middlewares/ST/STM32_USB_Device_Library/Class/CDC/Src/usbd_cdc.o
 .text.USBD_CDC_EP0_RxReady
                0x08006d06       0x4e ./Middlewares/ST/STM32_USB_Device_Library/Class/CDC/Src/usbd_cdc.o
 .text.USBD_CDC_GetFSCfgDesc
                0x08006d54       0x20 ./Middlewares/ST/STM32_USB_Device_Library/Class/CDC/Src/usbd_cdc.o
 .text.USBD_CDC_GetHSCfgDesc
                0x08006d74       0x20 ./Middlewares/ST/STM32_USB_Device_Library/Class/CDC/Src/usbd_cdc.o
 .text.USBD_CDC_GetOtherSpeedCfgDesc
                0x08006d94       0x20 ./Middlewares/ST/STM32_USB_Device_Library/Class/CDC/Src/usbd_cdc.o
 .text.USBD_CDC_GetDeviceQualifierDescriptor
                0x08006db4       0x20 ./Middlewares/ST/STM32_USB_Device_Library/Class/CDC/Src/usbd_cdc.o
                0x08006db4                USBD_CDC_GetDeviceQualifierDescriptor
 .text.USBD_CDC_RegisterInterface
                0x08006dd4       0x2e ./Middlewares/ST/STM32_USB_Device_Library/Class/CDC/Src/usbd_cdc.o
                0x08006dd4                USBD_CDC_RegisterInterface
 .text.USBD_CDC_SetTxBuffer
                0x08006e02       0x34 ./Middlewares/ST/STM32_USB_Device_Library/Class/CDC/Src/usbd_cdc.o
                0x08006e02                USBD_CDC_SetTxBuffer
 .text.USBD_CDC_SetRxBuffer
                0x08006e36       0x28 ./Middlewares/ST/STM32_USB_Device_Library/Class/CDC/Src/usbd_cdc.o
                0x08006e36                USBD_CDC_SetRxBuffer
 .text.USBD_CDC_TransmitPacket
                0x08006e5e       0x5e ./Middlewares/ST/STM32_USB_Device_Library/Class/CDC/Src/usbd_cdc.o
                0x08006e5e                USBD_CDC_TransmitPacket
 .text.USBD_CDC_ReceivePacket
                0x08006ebc       0x54 ./Middlewares/ST/STM32_USB_Device_Library/Class/CDC/Src/usbd_cdc.o
                0x08006ebc                USBD_CDC_ReceivePacket
 .text.USBD_Init
                0x08006f10       0x56 ./Middlewares/ST/STM32_USB_Device_Library/Core/Src/usbd_core.o
                0x08006f10                USBD_Init
 .text.USBD_RegisterClass
                0x08006f66       0x34 ./Middlewares/ST/STM32_USB_Device_Library/Core/Src/usbd_core.o
                0x08006f66                USBD_RegisterClass
 .text.USBD_Start
                0x08006f9a       0x18 ./Middlewares/ST/STM32_USB_Device_Library/Core/Src/usbd_core.o
                0x08006f9a                USBD_Start
 .text.USBD_RunTestMode
                0x08006fb2       0x16 ./Middlewares/ST/STM32_USB_Device_Library/Core/Src/usbd_core.o
                0x08006fb2                USBD_RunTestMode
 .text.USBD_SetClassConfig
                0x08006fc8       0x3e ./Middlewares/ST/STM32_USB_Device_Library/Core/Src/usbd_core.o
                0x08006fc8                USBD_SetClassConfig
 .text.USBD_ClrClassConfig
                0x08007006       0x26 ./Middlewares/ST/STM32_USB_Device_Library/Core/Src/usbd_core.o
                0x08007006                USBD_ClrClassConfig
 .text.USBD_LL_SetupStage
                0x0800702c       0x9a ./Middlewares/ST/STM32_USB_Device_Library/Core/Src/usbd_core.o
                0x0800702c                USBD_LL_SetupStage
 .text.USBD_LL_DataOutStage
                0x080070c6       0xe2 ./Middlewares/ST/STM32_USB_Device_Library/Core/Src/usbd_core.o
                0x080070c6                USBD_LL_DataOutStage
 .text.USBD_LL_DataInStage
                0x080071a8      0x14a ./Middlewares/ST/STM32_USB_Device_Library/Core/Src/usbd_core.o
                0x080071a8                USBD_LL_DataInStage
 .text.USBD_LL_Reset
                0x080072f2       0x82 ./Middlewares/ST/STM32_USB_Device_Library/Core/Src/usbd_core.o
                0x080072f2                USBD_LL_Reset
 .text.USBD_LL_SetSpeed
                0x08007374       0x20 ./Middlewares/ST/STM32_USB_Device_Library/Core/Src/usbd_core.o
                0x08007374                USBD_LL_SetSpeed
 .text.USBD_LL_Suspend
                0x08007394       0x2a ./Middlewares/ST/STM32_USB_Device_Library/Core/Src/usbd_core.o
                0x08007394                USBD_LL_Suspend
 .text.USBD_LL_Resume
                0x080073be       0x2c ./Middlewares/ST/STM32_USB_Device_Library/Core/Src/usbd_core.o
                0x080073be                USBD_LL_Resume
 .text.USBD_LL_SOF
                0x080073ea       0x34 ./Middlewares/ST/STM32_USB_Device_Library/Core/Src/usbd_core.o
                0x080073ea                USBD_LL_SOF
 *fill*         0x0800741e        0x2 
 .text.USBD_StdDevReq
                0x08007420       0xd4 ./Middlewares/ST/STM32_USB_Device_Library/Core/Src/usbd_ctlreq.o
                0x08007420                USBD_StdDevReq
 .text.USBD_StdItfReq
                0x080074f4       0x90 ./Middlewares/ST/STM32_USB_Device_Library/Core/Src/usbd_ctlreq.o
                0x080074f4                USBD_StdItfReq
 .text.USBD_StdEPReq
                0x08007584      0x2c6 ./Middlewares/ST/STM32_USB_Device_Library/Core/Src/usbd_ctlreq.o
                0x08007584                USBD_StdEPReq
 *fill*         0x0800784a        0x2 
 .text.USBD_GetDescriptor
                0x0800784c      0x2d0 ./Middlewares/ST/STM32_USB_Device_Library/Core/Src/usbd_ctlreq.o
 .text.USBD_SetAddress
                0x08007b1c       0x86 ./Middlewares/ST/STM32_USB_Device_Library/Core/Src/usbd_ctlreq.o
 *fill*         0x08007ba2        0x2 
 .text.USBD_SetConfig
                0x08007ba4      0x11c ./Middlewares/ST/STM32_USB_Device_Library/Core/Src/usbd_ctlreq.o
 .text.USBD_GetConfig
                0x08007cc0       0x6a ./Middlewares/ST/STM32_USB_Device_Library/Core/Src/usbd_ctlreq.o
 .text.USBD_GetStatus
                0x08007d2a       0x66 ./Middlewares/ST/STM32_USB_Device_Library/Core/Src/usbd_ctlreq.o
 .text.USBD_SetFeature
                0x08007d90       0x28 ./Middlewares/ST/STM32_USB_Device_Library/Core/Src/usbd_ctlreq.o
 .text.USBD_ClrFeature
                0x08007db8       0x42 ./Middlewares/ST/STM32_USB_Device_Library/Core/Src/usbd_ctlreq.o
 .text.USBD_ParseSetupRequest
                0x08007dfa       0x74 ./Middlewares/ST/STM32_USB_Device_Library/Core/Src/usbd_ctlreq.o
                0x08007dfa                USBD_ParseSetupRequest
 .text.USBD_CtlError
                0x08007e6e       0x22 ./Middlewares/ST/STM32_USB_Device_Library/Core/Src/usbd_ctlreq.o
                0x08007e6e                USBD_CtlError
 .text.USBD_GetString
                0x08007e90       0x84 ./Middlewares/ST/STM32_USB_Device_Library/Core/Src/usbd_ctlreq.o
                0x08007e90                USBD_GetString
 .text.USBD_GetLen
                0x08007f14       0x30 ./Middlewares/ST/STM32_USB_Device_Library/Core/Src/usbd_ctlreq.o
 .text.USBD_CtlSendData
                0x08007f44       0x38 ./Middlewares/ST/STM32_USB_Device_Library/Core/Src/usbd_ioreq.o
                0x08007f44                USBD_CtlSendData
 .text.USBD_CtlContinueSendData
                0x08007f7c       0x24 ./Middlewares/ST/STM32_USB_Device_Library/Core/Src/usbd_ioreq.o
                0x08007f7c                USBD_CtlContinueSendData
 .text.USBD_CtlPrepareRx
                0x08007fa0       0x3c ./Middlewares/ST/STM32_USB_Device_Library/Core/Src/usbd_ioreq.o
                0x08007fa0                USBD_CtlPrepareRx
 .text.USBD_CtlContinueRx
                0x08007fdc       0x24 ./Middlewares/ST/STM32_USB_Device_Library/Core/Src/usbd_ioreq.o
                0x08007fdc                USBD_CtlContinueRx
 .text.USBD_CtlSendStatus
                0x08008000       0x26 ./Middlewares/ST/STM32_USB_Device_Library/Core/Src/usbd_ioreq.o
                0x08008000                USBD_CtlSendStatus
 .text.USBD_CtlReceiveStatus
                0x08008026       0x26 ./Middlewares/ST/STM32_USB_Device_Library/Core/Src/usbd_ioreq.o
                0x08008026                USBD_CtlReceiveStatus
 .text.MX_USB_DEVICE_Init
                0x0800804c       0x60 ./USB_DEVICE/App/usb_device.o
                0x0800804c                MX_USB_DEVICE_Init
 .text.CDC_Init_FS
                0x080080ac       0x28 ./USB_DEVICE/App/usbd_cdc_if.o
 .text.CDC_DeInit_FS
                0x080080d4       0x10 ./USB_DEVICE/App/usbd_cdc_if.o
 .text.CDC_Control_FS
                0x080080e4       0xbc ./USB_DEVICE/App/usbd_cdc_if.o
 .text.CDC_Receive_FS
                0x080081a0       0x28 ./USB_DEVICE/App/usbd_cdc_if.o
 .text.CDC_Transmit_FS
                0x080081c8       0x4c ./USB_DEVICE/App/usbd_cdc_if.o
                0x080081c8                CDC_Transmit_FS
 .text.USBD_FS_DeviceDescriptor
                0x08008214       0x24 ./USB_DEVICE/App/usbd_desc.o
                0x08008214                USBD_FS_DeviceDescriptor
 .text.USBD_FS_LangIDStrDescriptor
                0x08008238       0x24 ./USB_DEVICE/App/usbd_desc.o
                0x08008238                USBD_FS_LangIDStrDescriptor
 .text.USBD_FS_ProductStrDescriptor
                0x0800825c       0x3c ./USB_DEVICE/App/usbd_desc.o
                0x0800825c                USBD_FS_ProductStrDescriptor
 .text.USBD_FS_ManufacturerStrDescriptor
                0x08008298       0x28 ./USB_DEVICE/App/usbd_desc.o
                0x08008298                USBD_FS_ManufacturerStrDescriptor
 .text.USBD_FS_SerialStrDescriptor
                0x080082c0       0x24 ./USB_DEVICE/App/usbd_desc.o
                0x080082c0                USBD_FS_SerialStrDescriptor
 .text.USBD_FS_ConfigStrDescriptor
                0x080082e4       0x3c ./USB_DEVICE/App/usbd_desc.o
                0x080082e4                USBD_FS_ConfigStrDescriptor
 .text.USBD_FS_InterfaceStrDescriptor
                0x08008320       0x3c ./USB_DEVICE/App/usbd_desc.o
                0x08008320                USBD_FS_InterfaceStrDescriptor
 .text.Get_SerialNum
                0x0800835c       0x58 ./USB_DEVICE/App/usbd_desc.o
 .text.IntToUnicode
                0x080083b4       0x7e ./USB_DEVICE/App/usbd_desc.o
 *fill*         0x08008432        0x2 
 .text.HAL_PCD_MspInit
                0x08008434       0x98 ./USB_DEVICE/Target/usbd_conf.o
                0x08008434                HAL_PCD_MspInit
 .text.HAL_PCD_SetupStageCallback
                0x080084cc       0x24 ./USB_DEVICE/Target/usbd_conf.o
                0x080084cc                HAL_PCD_SetupStageCallback
 .text.HAL_PCD_DataOutStageCallback
                0x080084f0       0x36 ./USB_DEVICE/Target/usbd_conf.o
                0x080084f0                HAL_PCD_DataOutStageCallback
 .text.HAL_PCD_DataInStageCallback
                0x08008526       0x34 ./USB_DEVICE/Target/usbd_conf.o
                0x08008526                HAL_PCD_DataInStageCallback
 .text.HAL_PCD_SOFCallback
                0x0800855a       0x1c ./USB_DEVICE/Target/usbd_conf.o
                0x0800855a                HAL_PCD_SOFCallback
 .text.HAL_PCD_ResetCallback
                0x08008576       0x3c ./USB_DEVICE/Target/usbd_conf.o
                0x08008576                HAL_PCD_ResetCallback
 *fill*         0x080085b2        0x2 
 .text.HAL_PCD_SuspendCallback
                0x080085b4       0x34 ./USB_DEVICE/Target/usbd_conf.o
                0x080085b4                HAL_PCD_SuspendCallback
 .text.HAL_PCD_ResumeCallback
                0x080085e8       0x1c ./USB_DEVICE/Target/usbd_conf.o
                0x080085e8                HAL_PCD_ResumeCallback
 .text.USBD_LL_Init
                0x08008604       0xb4 ./USB_DEVICE/Target/usbd_conf.o
                0x08008604                USBD_LL_Init
 .text.USBD_LL_Start
                0x080086b8       0x36 ./USB_DEVICE/Target/usbd_conf.o
                0x080086b8                USBD_LL_Start
 .text.USBD_LL_OpenEP
                0x080086ee       0x4c ./USB_DEVICE/Target/usbd_conf.o
                0x080086ee                USBD_LL_OpenEP
 .text.USBD_LL_CloseEP
                0x0800873a       0x3e ./USB_DEVICE/Target/usbd_conf.o
                0x0800873a                USBD_LL_CloseEP
 .text.USBD_LL_StallEP
                0x08008778       0x3e ./USB_DEVICE/Target/usbd_conf.o
                0x08008778                USBD_LL_StallEP
 .text.USBD_LL_ClearStallEP
                0x080087b6       0x3e ./USB_DEVICE/Target/usbd_conf.o
                0x080087b6                USBD_LL_ClearStallEP
 .text.USBD_LL_IsStallEP
                0x080087f4       0x58 ./USB_DEVICE/Target/usbd_conf.o
                0x080087f4                USBD_LL_IsStallEP
 .text.USBD_LL_SetUSBAddress
                0x0800884c       0x3e ./USB_DEVICE/Target/usbd_conf.o
                0x0800884c                USBD_LL_SetUSBAddress
 .text.USBD_LL_Transmit
                0x0800888a       0x46 ./USB_DEVICE/Target/usbd_conf.o
                0x0800888a                USBD_LL_Transmit
 .text.USBD_LL_PrepareReceive
                0x080088d0       0x46 ./USB_DEVICE/Target/usbd_conf.o
                0x080088d0                USBD_LL_PrepareReceive
 .text.USBD_LL_GetRxDataSize
                0x08008916       0x26 ./USB_DEVICE/Target/usbd_conf.o
                0x08008916                USBD_LL_GetRxDataSize
 .text.USBD_static_malloc
                0x0800893c       0x1c ./USB_DEVICE/Target/usbd_conf.o
                0x0800893c                USBD_static_malloc
 .text.USBD_static_free
                0x08008958       0x14 ./USB_DEVICE/Target/usbd_conf.o
                0x08008958                USBD_static_free
 .text.HAL_PCDEx_SetConnectionState
                0x0800896c       0x18 ./USB_DEVICE/Target/usbd_conf.o
                0x0800896c                HAL_PCDEx_SetConnectionState
 .text.USBD_Get_USB_Status
                0x08008984       0x58 ./USB_DEVICE/Target/usbd_conf.o
 .text.memset   0x080089dc       0x10 /Applications/STM32CubeIDE.app/Contents/Eclipse/plugins/com.st.stm32cube.ide.mcu.externaltools.gnu-tools-for-stm32.12.3.rel1.macos64_1.1.0.202410301201/tools/bin/../lib/gcc/arm-none-eabi/12.3.1/../../../../arm-none-eabi/lib/thumb/v7e-m+fp/hard/libc_nano.a(libc_a-memset.o)
                0x080089dc                memset
 .text.__libc_init_array
                0x080089ec       0x48 /Applications/STM32CubeIDE.app/Contents/Eclipse/plugins/com.st.stm32cube.ide.mcu.externaltools.gnu-tools-for-stm32.12.3.rel1.macos64_1.1.0.202410301201/tools/bin/../lib/gcc/arm-none-eabi/12.3.1/../../../../arm-none-eabi/lib/thumb/v7e-m+fp/hard/libc_nano.a(libc_a-init.o)
                0x080089ec                __libc_init_array
 *(.glue_7)
 .glue_7        0x08008a34        0x0 linker stubs
 *(.glue_7t)
 .glue_7t       0x08008a34        0x0 linker stubs
 *(.eh_frame)
 .eh_frame      0x08008a34        0x0 /Applications/STM32CubeIDE.app/Contents/Eclipse/plugins/com.st.stm32cube.ide.mcu.externaltools.gnu-tools-for-stm32.12.3.rel1.macos64_1.1.0.202410301201/tools/bin/../lib/gcc/arm-none-eabi/12.3.1/thumb/v7e-m+fp/hard/crtbegin.o
 *(.init)
 .init          0x08008a34        0x4 /Applications/STM32CubeIDE.app/Contents/Eclipse/plugins/com.st.stm32cube.ide.mcu.externaltools.gnu-tools-for-stm32.12.3.rel1.macos64_1.1.0.202410301201/tools/bin/../lib/gcc/arm-none-eabi/12.3.1/thumb/v7e-m+fp/hard/crti.o
                0x08008a34                _init
 .init          0x08008a38        0x8 /Applications/STM32CubeIDE.app/Contents/Eclipse/plugins/com.st.stm32cube.ide.mcu.externaltools.gnu-tools-for-stm32.12.3.rel1.macos64_1.1.0.202410301201/tools/bin/../lib/gcc/arm-none-eabi/12.3.1/thumb/v7e-m+fp/hard/crtn.o
 *(.fini)
 .fini          0x08008a40        0x4 /Applications/STM32CubeIDE.app/Contents/Eclipse/plugins/com.st.stm32cube.ide.mcu.externaltools.gnu-tools-for-stm32.12.3.rel1.macos64_1.1.0.202410301201/tools/bin/../lib/gcc/arm-none-eabi/12.3.1/thumb/v7e-m+fp/hard/crti.o
                0x08008a40                _fini
 .fini          0x08008a44        0x8 /Applications/STM32CubeIDE.app/Contents/Eclipse/plugins/com.st.stm32cube.ide.mcu.externaltools.gnu-tools-for-stm32.12.3.rel1.macos64_1.1.0.202410301201/tools/bin/../lib/gcc/arm-none-eabi/12.3.1/thumb/v7e-m+fp/hard/crtn.o
                0x08008a4c                        . = ALIGN (0x4)
                0x08008a4c                        _etext = .

.vfp11_veneer   0x08008a4c        0x0
 .vfp11_veneer  0x08008a4c        0x0 linker stubs

.v4_bx          0x08008a4c        0x0
 .v4_bx         0x08008a4c        0x0 linker stubs

.iplt           0x08008a4c        0x0
 .iplt          0x08008a4c        0x0 /Applications/STM32CubeIDE.app/Contents/Eclipse/plugins/com.st.stm32cube.ide.mcu.externaltools.gnu-tools-for-stm32.12.3.rel1.macos64_1.1.0.202410301201/tools/bin/../lib/gcc/arm-none-eabi/12.3.1/thumb/v7e-m+fp/hard/crtbegin.o

.rodata         0x08008a4c       0x8c
                0x08008a4c                        . = ALIGN (0x4)
 *(.rodata)
 .rodata        0x08008a4c       0x14 ./Core/Src/main.o
 .rodata        0x08008a60       0x46 ./USB_DEVICE/App/usbd_desc.o
 *(.rodata*)
 *fill*         0x08008aa6        0x2 
 .rodata.AHBPrescTable
                0x08008aa8       0x10 ./Core/Src/system_stm32f3xx.o
                0x08008aa8                AHBPrescTable
 .rodata.aPLLMULFactorTable
                0x08008ab8       0x10 ./Drivers/STM32F3xx_HAL_Driver/Src/stm32f3xx_hal_rcc.o
 .rodata.aPredivFactorTable
                0x08008ac8       0x10 ./Drivers/STM32F3xx_HAL_Driver/Src/stm32f3xx_hal_rcc.o
                0x08008ad8                        . = ALIGN (0x4)

.ARM.extab      0x08008ad8        0x0
                0x08008ad8                        . = ALIGN (0x4)
 *(.ARM.extab* .gnu.linkonce.armextab.*)
                0x08008ad8                        . = ALIGN (0x4)

.ARM            0x08008ad8        0x0
                0x08008ad8                        . = ALIGN (0x4)
                0x08008ad8                        __exidx_start = .
 *(.ARM.exidx*)
                0x08008ad8                        __exidx_end = .
                0x08008ad8                        . = ALIGN (0x4)

.preinit_array  0x08008ad8        0x0
                0x08008ad8                        . = ALIGN (0x4)
                0x08008ad8                        PROVIDE (__preinit_array_start = .)
 *(.preinit_array*)
                0x08008ad8                        PROVIDE (__preinit_array_end = .)
                0x08008ad8                        . = ALIGN (0x4)

.init_array     0x08008ad8        0x4
                0x08008ad8                        . = ALIGN (0x4)
                0x08008ad8                        PROVIDE (__init_array_start = .)
 *(SORT_BY_NAME(.init_array.*))
 *(.init_array*)
 .init_array    0x08008ad8        0x4 /Applications/STM32CubeIDE.app/Contents/Eclipse/plugins/com.st.stm32cube.ide.mcu.externaltools.gnu-tools-for-stm32.12.3.rel1.macos64_1.1.0.202410301201/tools/bin/../lib/gcc/arm-none-eabi/12.3.1/thumb/v7e-m+fp/hard/crtbegin.o
                0x08008adc                        PROVIDE (__init_array_end = .)
                0x08008adc                        . = ALIGN (0x4)

.fini_array     0x08008adc        0x4
                0x08008adc                        . = ALIGN (0x4)
                [!provide]                        PROVIDE (__fini_array_start = .)
 *(SORT_BY_NAME(.fini_array.*))
 *(.fini_array*)
 .fini_array    0x08008adc        0x4 /Applications/STM32CubeIDE.app/Contents/Eclipse/plugins/com.st.stm32cube.ide.mcu.externaltools.gnu-tools-for-stm32.12.3.rel1.macos64_1.1.0.202410301201/tools/bin/../lib/gcc/arm-none-eabi/12.3.1/thumb/v7e-m+fp/hard/crtbegin.o
                [!provide]                        PROVIDE (__fini_array_end = .)
                0x08008ae0                        . = ALIGN (0x4)
                0x08008ae0                        _sidata = LOADADDR (.data)

.rel.dyn        0x08008ae0        0x0
 .rel.iplt      0x08008ae0        0x0 /Applications/STM32CubeIDE.app/Contents/Eclipse/plugins/com.st.stm32cube.ide.mcu.externaltools.gnu-tools-for-stm32.12.3.rel1.macos64_1.1.0.202410301201/tools/bin/../lib/gcc/arm-none-eabi/12.3.1/thumb/v7e-m+fp/hard/crtbegin.o

.data           0x20000000      0x17c load address 0x08008ae0
                0x20000000                        . = ALIGN (0x4)
                0x20000000                        _sdata = .
 *(.data)
 *(.data*)
 .data.SystemCoreClock
                0x20000000        0x4 ./Core/Src/system_stm32f3xx.o
                0x20000000                SystemCoreClock
 .data.uwTickPrio
                0x20000004        0x4 ./Drivers/STM32F3xx_HAL_Driver/Src/stm32f3xx_hal.o
                0x20000004                uwTickPrio
 .data.uwTickFreq
                0x20000008        0x1 ./Drivers/STM32F3xx_HAL_Driver/Src/stm32f3xx_hal.o
                0x20000008                uwTickFreq
 *fill*         0x20000009        0x3 
 .data.USBD_CDC_DeviceQualifierDesc
                0x2000000c        0xa ./Middlewares/ST/STM32_USB_Device_Library/Class/CDC/Src/usbd_cdc.o
 *fill*         0x20000016        0x2 
 .data.USBD_CDC
                0x20000018       0x38 ./Middlewares/ST/STM32_USB_Device_Library/Class/CDC/Src/usbd_cdc.o
                0x20000018                USBD_CDC
 .data.USBD_CDC_CfgHSDesc
                0x20000050       0x43 ./Middlewares/ST/STM32_USB_Device_Library/Class/CDC/Src/usbd_cdc.o
                0x20000050                USBD_CDC_CfgHSDesc
 *fill*         0x20000093        0x1 
 .data.USBD_CDC_CfgFSDesc
                0x20000094       0x43 ./Middlewares/ST/STM32_USB_Device_Library/Class/CDC/Src/usbd_cdc.o
                0x20000094                USBD_CDC_CfgFSDesc
 *fill*         0x200000d7        0x1 
 .data.USBD_CDC_OtherSpeedCfgDesc
                0x200000d8       0x43 ./Middlewares/ST/STM32_USB_Device_Library/Class/CDC/Src/usbd_cdc.o
                0x200000d8                USBD_CDC_OtherSpeedCfgDesc
 *fill*         0x2000011b        0x1 
 .data.USBD_Interface_fops_FS
                0x2000011c       0x10 ./USB_DEVICE/App/usbd_cdc_if.o
                0x2000011c                USBD_Interface_fops_FS
 .data.FS_Desc  0x2000012c       0x1c ./USB_DEVICE/App/usbd_desc.o
                0x2000012c                FS_Desc
 .data.USBD_FS_DeviceDesc
                0x20000148       0x12 ./USB_DEVICE/App/usbd_desc.o
                0x20000148                USBD_FS_DeviceDesc
 *fill*         0x2000015a        0x2 
 .data.USBD_LangIDDesc
                0x2000015c        0x4 ./USB_DEVICE/App/usbd_desc.o
                0x2000015c                USBD_LangIDDesc
 .data.USBD_StringSerial
                0x20000160       0x1a ./USB_DEVICE/App/usbd_desc.o
                0x20000160                USBD_StringSerial
 *(.RamFunc)
 *(.RamFunc*)
                0x2000017c                        . = ALIGN (0x4)
 *fill*         0x2000017a        0x2 
                0x2000017c                        _edata = .
                0x08008c5c                        _siccmram = LOADADDR (.ccmram)

.igot.plt       0x2000017c        0x0 load address 0x08008c5c
 .igot.plt      0x2000017c        0x0 /Applications/STM32CubeIDE.app/Contents/Eclipse/plugins/com.st.stm32cube.ide.mcu.externaltools.gnu-tools-for-stm32.12.3.rel1.macos64_1.1.0.202410301201/tools/bin/../lib/gcc/arm-none-eabi/12.3.1/thumb/v7e-m+fp/hard/crtbegin.o

.ccmram         0x10000000        0x0 load address 0x08008c5c
                0x10000000                        . = ALIGN (0x4)
                0x10000000                        _sccmram = .
 *(.ccmram)
 *(.ccmram*)
                0x10000000                        . = ALIGN (0x4)
                0x10000000                        _eccmram = .
                0x10000000                        . = ALIGN (0x4)

.bss            0x2000017c     0x1294
                0x2000017c                        _sbss = .
                0x2000017c                        __bss_start__ = _sbss
 *(.bss)
 .bss           0x2000017c       0x1c /Applications/STM32CubeIDE.app/Contents/Eclipse/plugins/com.st.stm32cube.ide.mcu.externaltools.gnu-tools-for-stm32.12.3.rel1.macos64_1.1.0.202410301201/tools/bin/../lib/gcc/arm-none-eabi/12.3.1/thumb/v7e-m+fp/hard/crtbegin.o
 *(.bss*)
 .bss.hi2c1     0x20000198       0x54 ./Core/Src/main.o
                0x20000198                hi2c1
 .bss.hspi1     0x200001ec       0x64 ./Core/Src/main.o
                0x200001ec                hspi1
 .bss.uwTick    0x20000250        0x4 ./Drivers/STM32F3xx_HAL_Driver/Src/stm32f3xx_hal.o
                0x20000250                uwTick
 .bss.cfgidx.0  0x20000254        0x1 ./Middlewares/ST/STM32_USB_Device_Library/Core/Src/usbd_ctlreq.o
 *fill*         0x20000255        0x3 
 .bss.hUsbDeviceFS
                0x20000258      0x2c4 ./USB_DEVICE/App/usb_device.o
                0x20000258                hUsbDeviceFS
 .bss.UserRxBufferFS
                0x2000051c      0x400 ./USB_DEVICE/App/usbd_cdc_if.o
                0x2000051c                UserRxBufferFS
 .bss.UserTxBufferFS
                0x2000091c      0x400 ./USB_DEVICE/App/usbd_cdc_if.o
                0x2000091c                UserTxBufferFS
 .bss.USBD_StrDesc
                0x20000d1c      0x200 ./USB_DEVICE/App/usbd_desc.o
                0x20000d1c                USBD_StrDesc
 .bss.hpcd_USB_FS
                0x20000f1c      0x2d4 ./USB_DEVICE/Target/usbd_conf.o
                0x20000f1c                hpcd_USB_FS
 .bss.mem.0     0x200011f0      0x220 ./USB_DEVICE/Target/usbd_conf.o
 *(COMMON)
                0x20001410                        . = ALIGN (0x4)
                0x20001410                        _ebss = .
                0x20001410                        __bss_end__ = _ebss

._user_heap_stack
                0x20001410      0x600
                0x20001410                        . = ALIGN (0x8)
                [!provide]                        PROVIDE (end = .)
                0x20001410                        PROVIDE (_end = .)
                0x20001610                        . = (. + _Min_Heap_Size)
 *fill*         0x20001410      0x200 
                0x20001a10                        . = (. + _Min_Stack_Size)
 *fill*         0x20001610      0x400 
                0x20001a10                        . = ALIGN (0x8)

/DISCARD/
 libc.a(*)
 libm.a(*)
 libgcc.a(*)

.ARM.attributes
                0x00000000       0x30
 *(.ARM.attributes)
 .ARM.attributes
                0x00000000       0x22 /Applications/STM32CubeIDE.app/Contents/Eclipse/plugins/com.st.stm32cube.ide.mcu.externaltools.gnu-tools-for-stm32.12.3.rel1.macos64_1.1.0.202410301201/tools/bin/../lib/gcc/arm-none-eabi/12.3.1/thumb/v7e-m+fp/hard/crti.o
 .ARM.attributes
                0x00000022       0x34 /Applications/STM32CubeIDE.app/Contents/Eclipse/plugins/com.st.stm32cube.ide.mcu.externaltools.gnu-tools-for-stm32.12.3.rel1.macos64_1.1.0.202410301201/tools/bin/../lib/gcc/arm-none-eabi/12.3.1/thumb/v7e-m+fp/hard/crtbegin.o
 .ARM.attributes
                0x00000056       0x34 ./Core/Src/main.o
 .ARM.attributes
                0x0000008a       0x34 ./Core/Src/stm32f3xx_hal_msp.o
 .ARM.attributes
                0x000000be       0x34 ./Core/Src/stm32f3xx_it.o
 .ARM.attributes
                0x000000f2       0x34 ./Core/Src/system_stm32f3xx.o
 .ARM.attributes
                0x00000126       0x21 ./Core/Startup/startup_stm32f303vctx.o
 .ARM.attributes
                0x00000147       0x34 ./Drivers/STM32F3xx_HAL_Driver/Src/stm32f3xx_hal.o
 .ARM.attributes
                0x0000017b       0x34 ./Drivers/STM32F3xx_HAL_Driver/Src/stm32f3xx_hal_cortex.o
 .ARM.attributes
                0x000001af       0x34 ./Drivers/STM32F3xx_HAL_Driver/Src/stm32f3xx_hal_gpio.o
 .ARM.attributes
                0x000001e3       0x34 ./Drivers/STM32F3xx_HAL_Driver/Src/stm32f3xx_hal_i2c.o
 .ARM.attributes
                0x00000217       0x34 ./Drivers/STM32F3xx_HAL_Driver/Src/stm32f3xx_hal_i2c_ex.o
 .ARM.attributes
                0x0000024b       0x34 ./Drivers/STM32F3xx_HAL_Driver/Src/stm32f3xx_hal_pcd.o
 .ARM.attributes
                0x0000027f       0x34 ./Drivers/STM32F3xx_HAL_Driver/Src/stm32f3xx_hal_pcd_ex.o
 .ARM.attributes
                0x000002b3       0x34 ./Drivers/STM32F3xx_HAL_Driver/Src/stm32f3xx_hal_rcc.o
 .ARM.attributes
                0x000002e7       0x34 ./Drivers/STM32F3xx_HAL_Driver/Src/stm32f3xx_hal_rcc_ex.o
 .ARM.attributes
                0x0000031b       0x34 ./Drivers/STM32F3xx_HAL_Driver/Src/stm32f3xx_hal_spi.o
 .ARM.attributes
                0x0000034f       0x34 ./Drivers/STM32F3xx_HAL_Driver/Src/stm32f3xx_ll_usb.o
 .ARM.attributes
                0x00000383       0x34 ./Middlewares/ST/STM32_USB_Device_Library/Class/CDC/Src/usbd_cdc.o
 .ARM.attributes
                0x000003b7       0x34 ./Middlewares/ST/STM32_USB_Device_Library/Core/Src/usbd_core.o
 .ARM.attributes
                0x000003eb       0x34 ./Middlewares/ST/STM32_USB_Device_Library/Core/Src/usbd_ctlreq.o
 .ARM.attributes
                0x0000041f       0x34 ./Middlewares/ST/STM32_USB_Device_Library/Core/Src/usbd_ioreq.o
 .ARM.attributes
                0x00000453       0x34 ./USB_DEVICE/App/usb_device.o
 .ARM.attributes
                0x00000487       0x34 ./USB_DEVICE/App/usbd_cdc_if.o
 .ARM.attributes
                0x000004bb       0x34 ./USB_DEVICE/App/usbd_desc.o
 .ARM.attributes
                0x000004ef       0x34 ./USB_DEVICE/Target/usbd_conf.o
 .ARM.attributes
                0x00000523       0x34 /Applications/STM32CubeIDE.app/Contents/Eclipse/plugins/com.st.stm32cube.ide.mcu.externaltools.gnu-tools-for-stm32.12.3.rel1.macos64_1.1.0.202410301201/tools/bin/../lib/gcc/arm-none-eabi/12.3.1/../../../../arm-none-eabi/lib/thumb/v7e-m+fp/hard/libc_nano.a(libc_a-memset.o)
 .ARM.attributes
                0x00000557       0x34 /Applications/STM32CubeIDE.app/Contents/Eclipse/plugins/com.st.stm32cube.ide.mcu.externaltools.gnu-tools-for-stm32.12.3.rel1.macos64_1.1.0.202410301201/tools/bin/../lib/gcc/arm-none-eabi/12.3.1/../../../../arm-none-eabi/lib/thumb/v7e-m+fp/hard/libc_nano.a(libc_a-init.o)
 .ARM.attributes
                0x0000058b       0x22 /Applications/STM32CubeIDE.app/Contents/Eclipse/plugins/com.st.stm32cube.ide.mcu.externaltools.gnu-tools-for-stm32.12.3.rel1.macos64_1.1.0.202410301201/tools/bin/../lib/gcc/arm-none-eabi/12.3.1/thumb/v7e-m+fp/hard/crtn.o
OUTPUT(urat_test.elf elf32-littlearm)
LOAD linker stubs
LOAD /Applications/STM32CubeIDE.app/Contents/Eclipse/plugins/com.st.stm32cube.ide.mcu.externaltools.gnu-tools-for-stm32.12.3.rel1.macos64_1.1.0.202410301201/tools/bin/../lib/gcc/arm-none-eabi/12.3.1/../../../../arm-none-eabi/lib/thumb/v7e-m+fp/hard/libc.a
LOAD /Applications/STM32CubeIDE.app/Contents/Eclipse/plugins/com.st.stm32cube.ide.mcu.externaltools.gnu-tools-for-stm32.12.3.rel1.macos64_1.1.0.202410301201/tools/bin/../lib/gcc/arm-none-eabi/12.3.1/../../../../arm-none-eabi/lib/thumb/v7e-m+fp/hard/libm.a
LOAD /Applications/STM32CubeIDE.app/Contents/Eclipse/plugins/com.st.stm32cube.ide.mcu.externaltools.gnu-tools-for-stm32.12.3.rel1.macos64_1.1.0.202410301201/tools/bin/../lib/gcc/arm-none-eabi/12.3.1/thumb/v7e-m+fp/hard/libgcc.a

.debug_info     0x00000000    0x123d3
 .debug_info    0x00000000      0xf89 ./Core/Src/main.o
 .debug_info    0x00000f89      0xbad ./Core/Src/stm32f3xx_hal_msp.o
 .debug_info    0x00001b36      0x5e8 ./Core/Src/stm32f3xx_it.o
 .debug_info    0x0000211e      0x407 ./Core/Src/system_stm32f3xx.o
 .debug_info    0x00002525       0x30 ./Core/Startup/startup_stm32f303vctx.o
 .debug_info    0x00002555      0x7d4 ./Drivers/STM32F3xx_HAL_Driver/Src/stm32f3xx_hal.o
 .debug_info    0x00002d29      0xce4 ./Drivers/STM32F3xx_HAL_Driver/Src/stm32f3xx_hal_cortex.o
 .debug_info    0x00003a0d      0x5fe ./Drivers/STM32F3xx_HAL_Driver/Src/stm32f3xx_hal_gpio.o
 .debug_info    0x0000400b     0x20c3 ./Drivers/STM32F3xx_HAL_Driver/Src/stm32f3xx_hal_i2c.o
 .debug_info    0x000060ce      0x818 ./Drivers/STM32F3xx_HAL_Driver/Src/stm32f3xx_hal_i2c_ex.o
 .debug_info    0x000068e6     0x166f ./Drivers/STM32F3xx_HAL_Driver/Src/stm32f3xx_hal_pcd.o
 .debug_info    0x00007f55      0x6a9 ./Drivers/STM32F3xx_HAL_Driver/Src/stm32f3xx_hal_pcd_ex.o
 .debug_info    0x000085fe     0x148a ./Drivers/STM32F3xx_HAL_Driver/Src/stm32f3xx_hal_rcc.o
 .debug_info    0x00009a88      0x5b9 ./Drivers/STM32F3xx_HAL_Driver/Src/stm32f3xx_hal_rcc_ex.o
 .debug_info    0x0000a041     0x1622 ./Drivers/STM32F3xx_HAL_Driver/Src/stm32f3xx_hal_spi.o
 .debug_info    0x0000b663     0x163b ./Drivers/STM32F3xx_HAL_Driver/Src/stm32f3xx_ll_usb.o
 .debug_info    0x0000cc9e     0x1028 ./Middlewares/ST/STM32_USB_Device_Library/Class/CDC/Src/usbd_cdc.o
 .debug_info    0x0000dcc6      0xa52 ./Middlewares/ST/STM32_USB_Device_Library/Core/Src/usbd_core.o
 .debug_info    0x0000e718      0x91c ./Middlewares/ST/STM32_USB_Device_Library/Core/Src/usbd_ctlreq.o
 .debug_info    0x0000f034      0x6a0 ./Middlewares/ST/STM32_USB_Device_Library/Core/Src/usbd_ioreq.o
 .debug_info    0x0000f6d4      0x63d ./USB_DEVICE/App/usb_device.o
 .debug_info    0x0000fd11      0x7ec ./USB_DEVICE/App/usbd_cdc_if.o
 .debug_info    0x000104fd      0x44a ./USB_DEVICE/App/usbd_desc.o
 .debug_info    0x00010947     0x1a8c ./USB_DEVICE/Target/usbd_conf.o

.debug_abbrev   0x00000000     0x3276
 .debug_abbrev  0x00000000      0x285 ./Core/Src/main.o
 .debug_abbrev  0x00000285      0x1ae ./Core/Src/stm32f3xx_hal_msp.o
 .debug_abbrev  0x00000433      0x192 ./Core/Src/stm32f3xx_it.o
 .debug_abbrev  0x000005c5      0x11a ./Core/Src/system_stm32f3xx.o
 .debug_abbrev  0x000006df       0x24 ./Core/Startup/startup_stm32f303vctx.o
 .debug_abbrev  0x00000703      0x215 ./Drivers/STM32F3xx_HAL_Driver/Src/stm32f3xx_hal.o
 .debug_abbrev  0x00000918      0x31e ./Drivers/STM32F3xx_HAL_Driver/Src/stm32f3xx_hal_cortex.o
 .debug_abbrev  0x00000c36      0x1ca ./Drivers/STM32F3xx_HAL_Driver/Src/stm32f3xx_hal_gpio.o
 .debug_abbrev  0x00000e00      0x260 ./Drivers/STM32F3xx_HAL_Driver/Src/stm32f3xx_hal_i2c.o
 .debug_abbrev  0x00001060      0x1c2 ./Drivers/STM32F3xx_HAL_Driver/Src/stm32f3xx_hal_i2c_ex.o
 .debug_abbrev  0x00001222      0x2d9 ./Drivers/STM32F3xx_HAL_Driver/Src/stm32f3xx_hal_pcd.o
 .debug_abbrev  0x000014fb      0x189 ./Drivers/STM32F3xx_HAL_Driver/Src/stm32f3xx_hal_pcd_ex.o
 .debug_abbrev  0x00001684      0x300 ./Drivers/STM32F3xx_HAL_Driver/Src/stm32f3xx_hal_rcc.o
 .debug_abbrev  0x00001984      0x221 ./Drivers/STM32F3xx_HAL_Driver/Src/stm32f3xx_hal_rcc_ex.o
 .debug_abbrev  0x00001ba5      0x269 ./Drivers/STM32F3xx_HAL_Driver/Src/stm32f3xx_hal_spi.o
 .debug_abbrev  0x00001e0e      0x247 ./Drivers/STM32F3xx_HAL_Driver/Src/stm32f3xx_ll_usb.o
 .debug_abbrev  0x00002055      0x2d3 ./Middlewares/ST/STM32_USB_Device_Library/Class/CDC/Src/usbd_cdc.o
 .debug_abbrev  0x00002328      0x24a ./Middlewares/ST/STM32_USB_Device_Library/Core/Src/usbd_core.o
 .debug_abbrev  0x00002572      0x26b ./Middlewares/ST/STM32_USB_Device_Library/Core/Src/usbd_ctlreq.o
 .debug_abbrev  0x000027dd      0x192 ./Middlewares/ST/STM32_USB_Device_Library/Core/Src/usbd_ioreq.o
 .debug_abbrev  0x0000296f      0x18d ./USB_DEVICE/App/usb_device.o
 .debug_abbrev  0x00002afc      0x25d ./USB_DEVICE/App/usbd_cdc_if.o
 .debug_abbrev  0x00002d59      0x1ff ./USB_DEVICE/App/usbd_desc.o
 .debug_abbrev  0x00002f58      0x31e ./USB_DEVICE/Target/usbd_conf.o

.debug_aranges  0x00000000      0xf58
 .debug_aranges
                0x00000000       0x48 ./Core/Src/main.o
 .debug_aranges
                0x00000048       0x40 ./Core/Src/stm32f3xx_hal_msp.o
 .debug_aranges
                0x00000088       0x68 ./Core/Src/stm32f3xx_it.o
 .debug_aranges
                0x000000f0       0x28 ./Core/Src/system_stm32f3xx.o
 .debug_aranges
                0x00000118       0x28 ./Core/Startup/startup_stm32f303vctx.o
 .debug_aranges
                0x00000140       0xe0 ./Drivers/STM32F3xx_HAL_Driver/Src/stm32f3xx_hal.o
 .debug_aranges
                0x00000220      0x128 ./Drivers/STM32F3xx_HAL_Driver/Src/stm32f3xx_hal_cortex.o
 .debug_aranges
                0x00000348       0x58 ./Drivers/STM32F3xx_HAL_Driver/Src/stm32f3xx_hal_gpio.o
 .debug_aranges
                0x000003a0      0x2a0 ./Drivers/STM32F3xx_HAL_Driver/Src/stm32f3xx_hal_i2c.o
 .debug_aranges
                0x00000640       0x48 ./Drivers/STM32F3xx_HAL_Driver/Src/stm32f3xx_hal_i2c_ex.o
 .debug_aranges
                0x00000688      0x140 ./Drivers/STM32F3xx_HAL_Driver/Src/stm32f3xx_hal_pcd.o
 .debug_aranges
                0x000007c8       0x38 ./Drivers/STM32F3xx_HAL_Driver/Src/stm32f3xx_hal_pcd_ex.o
 .debug_aranges
                0x00000800       0x88 ./Drivers/STM32F3xx_HAL_Driver/Src/stm32f3xx_hal_rcc.o
 .debug_aranges
                0x00000888       0x38 ./Drivers/STM32F3xx_HAL_Driver/Src/stm32f3xx_hal_rcc_ex.o
 .debug_aranges
                0x000008c0      0x1d8 ./Drivers/STM32F3xx_HAL_Driver/Src/stm32f3xx_hal_spi.o
 .debug_aranges
                0x00000a98       0xc8 ./Drivers/STM32F3xx_HAL_Driver/Src/stm32f3xx_ll_usb.o
 .debug_aranges
                0x00000b60       0x90 ./Middlewares/ST/STM32_USB_Device_Library/Class/CDC/Src/usbd_cdc.o
 .debug_aranges
                0x00000bf0       0xb8 ./Middlewares/ST/STM32_USB_Device_Library/Core/Src/usbd_core.o
 .debug_aranges
                0x00000ca8       0x88 ./Middlewares/ST/STM32_USB_Device_Library/Core/Src/usbd_ctlreq.o
 .debug_aranges
                0x00000d30       0x50 ./Middlewares/ST/STM32_USB_Device_Library/Core/Src/usbd_ioreq.o
 .debug_aranges
                0x00000d80       0x20 ./USB_DEVICE/App/usb_device.o
 .debug_aranges
                0x00000da0       0x40 ./USB_DEVICE/App/usbd_cdc_if.o
 .debug_aranges
                0x00000de0       0x60 ./USB_DEVICE/App/usbd_desc.o
 .debug_aranges
                0x00000e40      0x118 ./USB_DEVICE/Target/usbd_conf.o

.debug_rnglists
                0x00000000      0xb92
 .debug_rnglists
                0x00000000       0x34 ./Core/Src/main.o
 .debug_rnglists
                0x00000034       0x2d ./Core/Src/stm32f3xx_hal_msp.o
 .debug_rnglists
                0x00000061       0x49 ./Core/Src/stm32f3xx_it.o
 .debug_rnglists
                0x000000aa       0x1a ./Core/Src/system_stm32f3xx.o
 .debug_rnglists
                0x000000c4       0x19 ./Core/Startup/startup_stm32f303vctx.o
 .debug_rnglists
                0x000000dd       0xa3 ./Drivers/STM32F3xx_HAL_Driver/Src/stm32f3xx_hal.o
 .debug_rnglists
                0x00000180       0xda ./Drivers/STM32F3xx_HAL_Driver/Src/stm32f3xx_hal_cortex.o
 .debug_rnglists
                0x0000025a       0x3f ./Drivers/STM32F3xx_HAL_Driver/Src/stm32f3xx_hal_gpio.o
 .debug_rnglists
                0x00000299      0x228 ./Drivers/STM32F3xx_HAL_Driver/Src/stm32f3xx_hal_i2c.o
 .debug_rnglists
                0x000004c1       0x35 ./Drivers/STM32F3xx_HAL_Driver/Src/stm32f3xx_hal_i2c_ex.o
 .debug_rnglists
                0x000004f6       0xf4 ./Drivers/STM32F3xx_HAL_Driver/Src/stm32f3xx_hal_pcd.o
 .debug_rnglists
                0x000005ea       0x26 ./Drivers/STM32F3xx_HAL_Driver/Src/stm32f3xx_hal_pcd_ex.o
 .debug_rnglists
                0x00000610       0x66 ./Drivers/STM32F3xx_HAL_Driver/Src/stm32f3xx_hal_rcc.o
 .debug_rnglists
                0x00000676       0x28 ./Drivers/STM32F3xx_HAL_Driver/Src/stm32f3xx_hal_rcc_ex.o
 .debug_rnglists
                0x0000069e      0x178 ./Drivers/STM32F3xx_HAL_Driver/Src/stm32f3xx_hal_spi.o
 .debug_rnglists
                0x00000816       0x99 ./Drivers/STM32F3xx_HAL_Driver/Src/stm32f3xx_ll_usb.o
 .debug_rnglists
                0x000008af       0x6a ./Middlewares/ST/STM32_USB_Device_Library/Class/CDC/Src/usbd_cdc.o
 .debug_rnglists
                0x00000919       0x89 ./Middlewares/ST/STM32_USB_Device_Library/Core/Src/usbd_core.o
 .debug_rnglists
                0x000009a2       0x68 ./Middlewares/ST/STM32_USB_Device_Library/Core/Src/usbd_ctlreq.o
 .debug_rnglists
                0x00000a0a       0x37 ./Middlewares/ST/STM32_USB_Device_Library/Core/Src/usbd_ioreq.o
 .debug_rnglists
                0x00000a41       0x13 ./USB_DEVICE/App/usb_device.o
 .debug_rnglists
                0x00000a54       0x2c ./USB_DEVICE/App/usbd_cdc_if.o
 .debug_rnglists
                0x00000a80       0x43 ./USB_DEVICE/App/usbd_desc.o
 .debug_rnglists
                0x00000ac3       0xcf ./USB_DEVICE/Target/usbd_conf.o

.debug_macro    0x00000000    0x1fd50
 .debug_macro   0x00000000      0x3a5 ./Core/Src/main.o
 .debug_macro   0x000003a5      0xab4 ./Core/Src/main.o
 .debug_macro   0x00000e59      0x15e ./Core/Src/main.o
 .debug_macro   0x00000fb7       0x2e ./Core/Src/main.o
 .debug_macro   0x00000fe5       0x28 ./Core/Src/main.o
 .debug_macro   0x0000100d       0x22 ./Core/Src/main.o
 .debug_macro   0x0000102f       0x8e ./Core/Src/main.o
 .debug_macro   0x000010bd       0x51 ./Core/Src/main.o
 .debug_macro   0x0000110e      0x103 ./Core/Src/main.o
 .debug_macro   0x00001211       0x6a ./Core/Src/main.o
 .debug_macro   0x0000127b      0x1df ./Core/Src/main.o
 .debug_macro   0x0000145a       0x1c ./Core/Src/main.o
 .debug_macro   0x00001476       0x22 ./Core/Src/main.o
 .debug_macro   0x00001498       0xd9 ./Core/Src/main.o
 .debug_macro   0x00001571     0x102d ./Core/Src/main.o
 .debug_macro   0x0000259e      0x11f ./Core/Src/main.o
 .debug_macro   0x000026bd    0x12a3a ./Core/Src/main.o
 .debug_macro   0x000150f7       0x6d ./Core/Src/main.o
 .debug_macro   0x00015164     0x3574 ./Core/Src/main.o
 .debug_macro   0x000186d8      0x189 ./Core/Src/main.o
 .debug_macro   0x00018861       0x55 ./Core/Src/main.o
 .debug_macro   0x000188b6      0x961 ./Core/Src/main.o
 .debug_macro   0x00019217      0x5fe ./Core/Src/main.o
 .debug_macro   0x00019815      0x1b5 ./Core/Src/main.o
 .debug_macro   0x000199ca      0x1fb ./Core/Src/main.o
 .debug_macro   0x00019bc5      0x1dc ./Core/Src/main.o
 .debug_macro   0x00019da1      0x1bc ./Core/Src/main.o
 .debug_macro   0x00019f5d       0x30 ./Core/Src/main.o
 .debug_macro   0x00019f8d       0x3c ./Core/Src/main.o
 .debug_macro   0x00019fc9      0x235 ./Core/Src/main.o
 .debug_macro   0x0001a1fe       0xc5 ./Core/Src/main.o
 .debug_macro   0x0001a2c3      0x21d ./Core/Src/main.o
 .debug_macro   0x0001a4e0      0x22c ./Core/Src/main.o
 .debug_macro   0x0001a70c       0x5b ./Core/Src/main.o
 .debug_macro   0x0001a767       0xa5 ./Core/Src/main.o
 .debug_macro   0x0001a80c       0x73 ./Core/Src/main.o
 .debug_macro   0x0001a87f      0x242 ./Core/Src/main.o
 .debug_macro   0x0001aac1       0x81 ./Core/Src/main.o
 .debug_macro   0x0001ab42       0xd3 ./Core/Src/main.o
 .debug_macro   0x0001ac15      0x2fe ./Core/Src/main.o
 .debug_macro   0x0001af13      0x275 ./Core/Src/main.o
 .debug_macro   0x0001b188      0x160 ./Core/Src/main.o
 .debug_macro   0x0001b2e8       0x61 ./Core/Src/main.o
 .debug_macro   0x0001b349       0x2a ./Core/Src/main.o
 .debug_macro   0x0001b373       0x43 ./Core/Src/main.o
 .debug_macro   0x0001b3b6       0x34 ./Core/Src/main.o
 .debug_macro   0x0001b3ea       0x16 ./Core/Src/main.o
 .debug_macro   0x0001b400       0x35 ./Core/Src/main.o
 .debug_macro   0x0001b435      0x369 ./Core/Src/main.o
 .debug_macro   0x0001b79e       0x10 ./Core/Src/main.o
 .debug_macro   0x0001b7ae       0x16 ./Core/Src/main.o
 .debug_macro   0x0001b7c4       0x43 ./Core/Src/main.o
 .debug_macro   0x0001b807       0x34 ./Core/Src/main.o
 .debug_macro   0x0001b83b       0x10 ./Core/Src/main.o
 .debug_macro   0x0001b84b       0x58 ./Core/Src/main.o
 .debug_macro   0x0001b8a3       0x8e ./Core/Src/main.o
 .debug_macro   0x0001b931       0x1c ./Core/Src/main.o
 .debug_macro   0x0001b94d      0x177 ./Core/Src/main.o
 .debug_macro   0x0001bac4       0x16 ./Core/Src/main.o
 .debug_macro   0x0001bada       0x16 ./Core/Src/main.o
 .debug_macro   0x0001baf0      0x146 ./Core/Src/main.o
 .debug_macro   0x0001bc36       0x16 ./Core/Src/main.o
 .debug_macro   0x0001bc4c       0x16 ./Core/Src/main.o
 .debug_macro   0x0001bc62       0x29 ./Core/Src/main.o
 .debug_macro   0x0001bc8b       0x16 ./Core/Src/main.o
 .debug_macro   0x0001bca1       0x20 ./Core/Src/main.o
 .debug_macro   0x0001bcc1       0x59 ./Core/Src/main.o
 .debug_macro   0x0001bd1a      0x1c8 ./Core/Src/main.o
 .debug_macro   0x0001bee2       0x8f ./Core/Src/main.o
 .debug_macro   0x0001bf71       0x10 ./Core/Src/main.o
 .debug_macro   0x0001bf81      0x1f7 ./Core/Src/stm32f3xx_hal_msp.o
 .debug_macro   0x0001c178      0x201 ./Core/Src/stm32f3xx_it.o
 .debug_macro   0x0001c379      0x1e8 ./Core/Src/system_stm32f3xx.o
 .debug_macro   0x0001c561      0x20c ./Drivers/STM32F3xx_HAL_Driver/Src/stm32f3xx_hal.o
 .debug_macro   0x0001c76d      0x1e8 ./Drivers/STM32F3xx_HAL_Driver/Src/stm32f3xx_hal_cortex.o
 .debug_macro   0x0001c955      0x1ef ./Drivers/STM32F3xx_HAL_Driver/Src/stm32f3xx_hal_gpio.o
 .debug_macro   0x0001cb44      0x2b4 ./Drivers/STM32F3xx_HAL_Driver/Src/stm32f3xx_hal_i2c.o
 .debug_macro   0x0001cdf8      0x1e8 ./Drivers/STM32F3xx_HAL_Driver/Src/stm32f3xx_hal_i2c_ex.o
 .debug_macro   0x0001cfe0      0x1f4 ./Drivers/STM32F3xx_HAL_Driver/Src/stm32f3xx_hal_pcd.o
 .debug_macro   0x0001d1d4      0x1e8 ./Drivers/STM32F3xx_HAL_Driver/Src/stm32f3xx_hal_pcd_ex.o
 .debug_macro   0x0001d3bc      0x20c ./Drivers/STM32F3xx_HAL_Driver/Src/stm32f3xx_hal_rcc.o
 .debug_macro   0x0001d5c8      0x1e8 ./Drivers/STM32F3xx_HAL_Driver/Src/stm32f3xx_hal_rcc_ex.o
 .debug_macro   0x0001d7b0      0x1f0 ./Drivers/STM32F3xx_HAL_Driver/Src/stm32f3xx_hal_spi.o
 .debug_macro   0x0001d9a0      0x1e8 ./Drivers/STM32F3xx_HAL_Driver/Src/stm32f3xx_ll_usb.o
 .debug_macro   0x0001db88      0x386 ./Middlewares/ST/STM32_USB_Device_Library/Class/CDC/Src/usbd_cdc.o
 .debug_macro   0x0001df0e       0x9e ./Middlewares/ST/STM32_USB_Device_Library/Class/CDC/Src/usbd_cdc.o
 .debug_macro   0x0001dfac      0x10b ./Middlewares/ST/STM32_USB_Device_Library/Class/CDC/Src/usbd_cdc.o
 .debug_macro   0x0001e0b7       0x4f ./Middlewares/ST/STM32_USB_Device_Library/Class/CDC/Src/usbd_cdc.o
 .debug_macro   0x0001e106      0x36d ./Middlewares/ST/STM32_USB_Device_Library/Core/Src/usbd_core.o
 .debug_macro   0x0001e473      0x1ce ./Middlewares/ST/STM32_USB_Device_Library/Core/Src/usbd_core.o
 .debug_macro   0x0001e641      0x377 ./Middlewares/ST/STM32_USB_Device_Library/Core/Src/usbd_ctlreq.o
 .debug_macro   0x0001e9b8      0x373 ./Middlewares/ST/STM32_USB_Device_Library/Core/Src/usbd_ioreq.o
 .debug_macro   0x0001ed2b      0x3a6 ./USB_DEVICE/App/usb_device.o
 .debug_macro   0x0001f0d1      0x166 ./USB_DEVICE/App/usb_device.o
 .debug_macro   0x0001f237       0x22 ./USB_DEVICE/App/usb_device.o
 .debug_macro   0x0001f259       0x16 ./USB_DEVICE/App/usb_device.o
 .debug_macro   0x0001f26f      0x391 ./USB_DEVICE/App/usbd_cdc_if.o
 .debug_macro   0x0001f600      0x3aa ./USB_DEVICE/App/usbd_desc.o
 .debug_macro   0x0001f9aa       0x1c ./USB_DEVICE/App/usbd_desc.o
 .debug_macro   0x0001f9c6      0x38a ./USB_DEVICE/Target/usbd_conf.o

.debug_line     0x00000000    0x15578
 .debug_line    0x00000000      0xb67 ./Core/Src/main.o
 .debug_line    0x00000b67      0x7b6 ./Core/Src/stm32f3xx_hal_msp.o
 .debug_line    0x0000131d      0x7f5 ./Core/Src/stm32f3xx_it.o
 .debug_line    0x00001b12      0x794 ./Core/Src/system_stm32f3xx.o
 .debug_line    0x000022a6       0x7a ./Core/Startup/startup_stm32f303vctx.o
 .debug_line    0x00002320      0x9cc ./Drivers/STM32F3xx_HAL_Driver/Src/stm32f3xx_hal.o
 .debug_line    0x00002cec      0xcb9 ./Drivers/STM32F3xx_HAL_Driver/Src/stm32f3xx_hal_cortex.o
 .debug_line    0x000039a5      0xb43 ./Drivers/STM32F3xx_HAL_Driver/Src/stm32f3xx_hal_gpio.o
 .debug_line    0x000044e8     0x3a43 ./Drivers/STM32F3xx_HAL_Driver/Src/stm32f3xx_hal_i2c.o
 .debug_line    0x00007f2b      0x938 ./Drivers/STM32F3xx_HAL_Driver/Src/stm32f3xx_hal_i2c_ex.o
 .debug_line    0x00008863     0x1354 ./Drivers/STM32F3xx_HAL_Driver/Src/stm32f3xx_hal_pcd.o
 .debug_line    0x00009bb7      0x794 ./Drivers/STM32F3xx_HAL_Driver/Src/stm32f3xx_hal_pcd_ex.o
 .debug_line    0x0000a34b     0x1360 ./Drivers/STM32F3xx_HAL_Driver/Src/stm32f3xx_hal_rcc.o
 .debug_line    0x0000b6ab      0xd1a ./Drivers/STM32F3xx_HAL_Driver/Src/stm32f3xx_hal_rcc_ex.o
 .debug_line    0x0000c3c5     0x2005 ./Drivers/STM32F3xx_HAL_Driver/Src/stm32f3xx_hal_spi.o
 .debug_line    0x0000e3ca     0x100e ./Drivers/STM32F3xx_HAL_Driver/Src/stm32f3xx_ll_usb.o
 .debug_line    0x0000f3d8      0xd20 ./Middlewares/ST/STM32_USB_Device_Library/Class/CDC/Src/usbd_cdc.o
 .debug_line    0x000100f8      0xd9c ./Middlewares/ST/STM32_USB_Device_Library/Core/Src/usbd_core.o
 .debug_line    0x00010e94      0xfdc ./Middlewares/ST/STM32_USB_Device_Library/Core/Src/usbd_ctlreq.o
 .debug_line    0x00011e70      0xa32 ./Middlewares/ST/STM32_USB_Device_Library/Core/Src/usbd_ioreq.o
 .debug_line    0x000128a2      0x9f2 ./USB_DEVICE/App/usb_device.o
 .debug_line    0x00013294      0xa3a ./USB_DEVICE/App/usbd_cdc_if.o
 .debug_line    0x00013cce      0xabb ./USB_DEVICE/App/usbd_desc.o
 .debug_line    0x00014789      0xdef ./USB_DEVICE/Target/usbd_conf.o

.debug_str      0x00000000    0xb07c2
 .debug_str     0x00000000    0xac8ea ./Core/Src/main.o
                              0xad104 (size before relaxing)
 .debug_str     0x000ac8ea       0xa7 ./Core/Src/stm32f3xx_hal_msp.o
                              0xa887f (size before relaxing)
 .debug_str     0x000ac991      0x3cb ./Core/Src/stm32f3xx_it.o
                              0xa84ca (size before relaxing)
 .debug_str     0x000acd5c       0xdf ./Core/Src/system_stm32f3xx.o
                              0xa7c8e (size before relaxing)
 .debug_str     0x000ace3b       0x44 ./Core/Startup/startup_stm32f303vctx.o
                                 0x7d (size before relaxing)
 .debug_str     0x000ace7f      0x6b3 ./Drivers/STM32F3xx_HAL_Driver/Src/stm32f3xx_hal.o
                              0xa84cc (size before relaxing)
 .debug_str     0x000ad532      0x37f ./Drivers/STM32F3xx_HAL_Driver/Src/stm32f3xx_hal_cortex.o
                              0xa8550 (size before relaxing)
 .debug_str     0x000ad8b1      0x130 ./Drivers/STM32F3xx_HAL_Driver/Src/stm32f3xx_hal_gpio.o
                              0xa7dfb (size before relaxing)
 .debug_str     0x000ad9e1      0xe70 ./Drivers/STM32F3xx_HAL_Driver/Src/stm32f3xx_hal_i2c.o
                              0xa8f8e (size before relaxing)
 .debug_str     0x000ae851       0xb8 ./Drivers/STM32F3xx_HAL_Driver/Src/stm32f3xx_hal_i2c_ex.o
                              0xa8185 (size before relaxing)
 .debug_str     0x000ae909      0x548 ./Drivers/STM32F3xx_HAL_Driver/Src/stm32f3xx_hal_pcd.o
                              0xa84c3 (size before relaxing)
 .debug_str     0x000aee51      0x170 ./Drivers/STM32F3xx_HAL_Driver/Src/stm32f3xx_hal_pcd_ex.o
                              0xa807d (size before relaxing)
 .debug_str     0x000aefc1      0x2c6 ./Drivers/STM32F3xx_HAL_Driver/Src/stm32f3xx_hal_rcc.o
                              0xa812e (size before relaxing)
 .debug_str     0x000af287       0xbe ./Drivers/STM32F3xx_HAL_Driver/Src/stm32f3xx_hal_rcc_ex.o
                              0xa7ef2 (size before relaxing)
 .debug_str     0x000af345      0x56b ./Drivers/STM32F3xx_HAL_Driver/Src/stm32f3xx_hal_spi.o
                              0xa85b4 (size before relaxing)
 .debug_str     0x000af8b0       0xd8 ./Drivers/STM32F3xx_HAL_Driver/Src/stm32f3xx_ll_usb.o
                              0xa8018 (size before relaxing)
 .debug_str     0x000af988      0x635 ./Middlewares/ST/STM32_USB_Device_Library/Class/CDC/Src/usbd_cdc.o
                              0xacfe0 (size before relaxing)
 .debug_str     0x000affbd      0x288 ./Middlewares/ST/STM32_USB_Device_Library/Core/Src/usbd_core.o
                              0xac927 (size before relaxing)
 .debug_str     0x000b0245      0x120 ./Middlewares/ST/STM32_USB_Device_Library/Core/Src/usbd_ctlreq.o
                              0xac841 (size before relaxing)
 .debug_str     0x000b0365       0x51 ./Middlewares/ST/STM32_USB_Device_Library/Core/Src/usbd_ioreq.o
                              0xac76e (size before relaxing)
 .debug_str     0x000b03b6       0xc6 ./USB_DEVICE/App/usb_device.o
                              0xacaf9 (size before relaxing)
 .debug_str     0x000b047c       0x76 ./USB_DEVICE/App/usbd_cdc_if.o
                              0xacb1f (size before relaxing)
 .debug_str     0x000b04f2      0x258 ./USB_DEVICE/App/usbd_desc.o
                              0xac6aa (size before relaxing)
 .debug_str     0x000b074a       0x78 ./USB_DEVICE/Target/usbd_conf.o
                              0xad769 (size before relaxing)

.comment        0x00000000       0x43
 .comment       0x00000000       0x43 ./Core/Src/main.o
                                 0x44 (size before relaxing)
 .comment       0x00000043       0x44 ./Core/Src/stm32f3xx_hal_msp.o
 .comment       0x00000043       0x44 ./Core/Src/stm32f3xx_it.o
 .comment       0x00000043       0x44 ./Core/Src/system_stm32f3xx.o
 .comment       0x00000043       0x44 ./Drivers/STM32F3xx_HAL_Driver/Src/stm32f3xx_hal.o
 .comment       0x00000043       0x44 ./Drivers/STM32F3xx_HAL_Driver/Src/stm32f3xx_hal_cortex.o
 .comment       0x00000043       0x44 ./Drivers/STM32F3xx_HAL_Driver/Src/stm32f3xx_hal_gpio.o
 .comment       0x00000043       0x44 ./Drivers/STM32F3xx_HAL_Driver/Src/stm32f3xx_hal_i2c.o
 .comment       0x00000043       0x44 ./Drivers/STM32F3xx_HAL_Driver/Src/stm32f3xx_hal_i2c_ex.o
 .comment       0x00000043       0x44 ./Drivers/STM32F3xx_HAL_Driver/Src/stm32f3xx_hal_pcd.o
 .comment       0x00000043       0x44 ./Drivers/STM32F3xx_HAL_Driver/Src/stm32f3xx_hal_pcd_ex.o
 .comment       0x00000043       0x44 ./Drivers/STM32F3xx_HAL_Driver/Src/stm32f3xx_hal_rcc.o
 .comment       0x00000043       0x44 ./Drivers/STM32F3xx_HAL_Driver/Src/stm32f3xx_hal_rcc_ex.o
 .comment       0x00000043       0x44 ./Drivers/STM32F3xx_HAL_Driver/Src/stm32f3xx_hal_spi.o
 .comment       0x00000043       0x44 ./Drivers/STM32F3xx_HAL_Driver/Src/stm32f3xx_ll_usb.o
 .comment       0x00000043       0x44 ./Middlewares/ST/STM32_USB_Device_Library/Class/CDC/Src/usbd_cdc.o
 .comment       0x00000043       0x44 ./Middlewares/ST/STM32_USB_Device_Library/Core/Src/usbd_core.o
 .comment       0x00000043       0x44 ./Middlewares/ST/STM32_USB_Device_Library/Core/Src/usbd_ctlreq.o
 .comment       0x00000043       0x44 ./Middlewares/ST/STM32_USB_Device_Library/Core/Src/usbd_ioreq.o
 .comment       0x00000043       0x44 ./USB_DEVICE/App/usb_device.o
 .comment       0x00000043       0x44 ./USB_DEVICE/App/usbd_cdc_if.o
 .comment       0x00000043       0x44 ./USB_DEVICE/App/usbd_desc.o
 .comment       0x00000043       0x44 ./USB_DEVICE/Target/usbd_conf.o

.debug_frame    0x00000000     0x3e34
 .debug_frame   0x00000000       0xd0 ./Core/Src/main.o
 .debug_frame   0x000000d0       0xc4 ./Core/Src/stm32f3xx_hal_msp.o
 .debug_frame   0x00000194      0x120 ./Core/Src/stm32f3xx_it.o
 .debug_frame   0x000002b4       0x58 ./Core/Src/system_stm32f3xx.o
 .debug_frame   0x0000030c      0x334 ./Drivers/STM32F3xx_HAL_Driver/Src/stm32f3xx_hal.o
 .debug_frame   0x00000640      0x4e8 ./Drivers/STM32F3xx_HAL_Driver/Src/stm32f3xx_hal_cortex.o
 .debug_frame   0x00000b28      0x14c ./Drivers/STM32F3xx_HAL_Driver/Src/stm32f3xx_hal_gpio.o
 .debug_frame   0x00000c74      0xc38 ./Drivers/STM32F3xx_HAL_Driver/Src/stm32f3xx_hal_i2c.o
 .debug_frame   0x000018ac      0x100 ./Drivers/STM32F3xx_HAL_Driver/Src/stm32f3xx_hal_i2c_ex.o
 .debug_frame   0x000019ac      0x590 ./Drivers/STM32F3xx_HAL_Driver/Src/stm32f3xx_hal_pcd.o
 .debug_frame   0x00001f3c       0xb0 ./Drivers/STM32F3xx_HAL_Driver/Src/stm32f3xx_hal_pcd_ex.o
 .debug_frame   0x00001fec      0x214 ./Drivers/STM32F3xx_HAL_Driver/Src/stm32f3xx_hal_rcc.o
 .debug_frame   0x00002200       0xb0 ./Drivers/STM32F3xx_HAL_Driver/Src/stm32f3xx_hal_rcc_ex.o
 .debug_frame   0x000022b0      0x860 ./Drivers/STM32F3xx_HAL_Driver/Src/stm32f3xx_hal_spi.o
 .debug_frame   0x00002b10      0x380 ./Drivers/STM32F3xx_HAL_Driver/Src/stm32f3xx_ll_usb.o
 .debug_frame   0x00002e90      0x248 ./Middlewares/ST/STM32_USB_Device_Library/Class/CDC/Src/usbd_cdc.o
 .debug_frame   0x000030d8      0x300 ./Middlewares/ST/STM32_USB_Device_Library/Core/Src/usbd_core.o
 .debug_frame   0x000033d8      0x218 ./Middlewares/ST/STM32_USB_Device_Library/Core/Src/usbd_ctlreq.o
 .debug_frame   0x000035f0      0x10c ./Middlewares/ST/STM32_USB_Device_Library/Core/Src/usbd_ioreq.o
 .debug_frame   0x000036fc       0x2c ./USB_DEVICE/App/usb_device.o
 .debug_frame   0x00003728       0xbc ./USB_DEVICE/App/usbd_cdc_if.o
 .debug_frame   0x000037e4      0x160 ./USB_DEVICE/App/usbd_desc.o
 .debug_frame   0x00003944      0x4a4 ./USB_DEVICE/Target/usbd_conf.o
 .debug_frame   0x00003de8       0x20 /Applications/STM32CubeIDE.app/Contents/Eclipse/plugins/com.st.stm32cube.ide.mcu.externaltools.gnu-tools-for-stm32.12.3.rel1.macos64_1.1.0.202410301201/tools/bin/../lib/gcc/arm-none-eabi/12.3.1/../../../../arm-none-eabi/lib/thumb/v7e-m+fp/hard/libc_nano.a(libc_a-memset.o)
 .debug_frame   0x00003e08       0x2c /Applications/STM32CubeIDE.app/Contents/Eclipse/plugins/com.st.stm32cube.ide.mcu.externaltools.gnu-tools-for-stm32.12.3.rel1.macos64_1.1.0.202410301201/tools/bin/../lib/gcc/arm-none-eabi/12.3.1/../../../../arm-none-eabi/lib/thumb/v7e-m+fp/hard/libc_nano.a(libc_a-init.o)

.debug_line_str
                0x00000000       0x61
 .debug_line_str
                0x00000000       0x61 ./Core/Startup/startup_stm32f303vctx.o
