../Core/Src/main.c:69:5:main	8	static
../Core/Src/main.c:121:6:SystemClock_Config	88	static
../Core/Src/main.c:162:13:MX_NVIC_Init	8	static
../Core/Src/main.c:177:13:MX_TIM4_Init	64	static
../Core/Src/main.c:240:13:MX_GPIO_Init	40	static
../Core/Src/main.c:275:6:StartMotorPWM	8	static
../Core/Src/main.c:280:6:SetMotorSpeed	16	static
../Core/Src/main.c:290:6:SetDirection	16	static
../Core/Src/main.c:304:6:MotorStop	16	static
../Core/Src/main.c:314:6:HAL_GPIO_EXTI_Callback	16	static
../Core/Src/main.c:335:6:Error_Handler	4	static,ignoring_inline_asm
