../Core/Src/main.c:75:5:main	8	static
../Core/Src/main.c:132:6:SystemClock_Config	128	static
../Core/Src/main.c:181:13:MX_I2C1_Init	8	static
../Core/Src/main.c:229:13:MX_SPI1_Init	8	static
../Core/Src/main.c:269:13:MX_TIM3_Init	48	static
../Core/Src/main.c:322:13:MX_USB_PCD_Init	8	static
../Core/Src/main.c:353:13:MX_GPIO_Init	48	static
../Core/Src/main.c:411:6:Start_mootr	8	static
../Core/Src/main.c:417:6:Set_Direction	16	static
../Core/Src/main.c:428:6:Set_PWM	16	static
../Core/Src/main.c:438:6:Error_Handler	4	static,ignoring_inline_asm
