../Core/Src/main.c:68:5:main	8	static
../Core/Src/main.c:118:6:SystemClock_Config	88	static
../Core/Src/main.c:159:13:MX_NVIC_Init	8	static
../Core/Src/main.c:171:13:MX_USART2_UART_Init	8	static
../Core/Src/main.c:204:13:MX_GPIO_Init	40	static
../Core/Src/main.c:230:6:HAL_UART_RxCpltCallback	16	static
../Core/Src/main.c:246:6:Motor_Forward	8	static
../Core/Src/main.c:251:6:Motor_Backward	8	static
../Core/Src/main.c:256:6:Motor_Stop	8	static
../Core/Src/main.c:266:6:Error_Handler	4	static,ignoring_inline_asm
