16:17:09 **** Incremental Build of configuration Debug for project robot_project ****
make -j9 all 
arm-none-eabi-gcc "../Core/Src/main.c" -mcpu=cortex-m4 -std=gnu11 -g3 -DDEBUG -DUSE_HAL_DRIVER -DSTM32F303xC -c -I../Core/Inc -I../Drivers/STM32F3xx_HAL_Driver/Inc -I../Drivers/STM32F3xx_HAL_Driver/Inc/Legacy -I../Drivers/CMSIS/Device/ST/STM32F3xx/Include -I../Drivers/CMSIS/Include -O0 -ffunction-sections -fdata-sections -Wall -fstack-usage -fcyclomatic-complexity -MMD -MP -MF"Core/Src/main.d" -MT"Core/Src/main.o" --specs=nano.specs -mfpu=fpv4-sp-d16 -mfloat-abi=hard -mthumb -o "Core/Src/main.o"
../Core/Src/main.c: In function 'main':
../Core/Src/main.c:117:11: warning: implicit declaration of function 'Set_Servo_Angle' [-Wimplicit-function-declaration]
  117 |           Set_Servo_Angle(0);
      |           ^~~~~~~~~~~~~~~
../Core/Src/main.c:123:34: warning: implicit declaration of function 'HCSR04_GetDistance' [-Wimplicit-function-declaration]
  123 |                   int distance = HCSR04_GetDistance();
      |                                  ^~~~~~~~~~~~~~~~~~
../Core/Src/main.c:124:19: warning: implicit declaration of function 'printf' [-Wimplicit-function-declaration]
  124 |                   printf("distance: ", distance);
      |                   ^~~~~~
../Core/Src/main.c:21:1: note: include '<stdio.h>' or provide a declaration of 'printf'
   20 | #include "main.h"
  +++ |+#include <stdio.h>
   21 | 
../Core/Src/main.c:124:19: warning: incompatible implicit declaration of built-in function 'printf' [-Wbuiltin-declaration-mismatch]
  124 |                   printf("distance: ", distance);
      |                   ^~~~~~
../Core/Src/main.c:124:19: note: include '<stdio.h>' or provide a declaration of 'printf'
../Core/Src/main.c:124:26: warning: too many arguments for format [-Wformat-extra-args]
  124 |                   printf("distance: ", distance);
      |                          ^~~~~~~~~~~~
../Core/Src/main.c: At top level:
../Core/Src/main.c:467:6: warning: conflicting types for 'Set_Servo_Angle'; have 'void(uint8_t)' {aka 'void(unsigned char)'}
  467 | void Set_Servo_Angle(uint8_t angle) {
      |      ^~~~~~~~~~~~~~~
../Core/Src/main.c:117:11: note: previous implicit declaration of 'Set_Servo_Angle' with type 'void(uint8_t)' {aka 'void(unsigned char)'}
  117 |           Set_Servo_Angle(0);
      |           ^~~~~~~~~~~~~~~
../Core/Src/main.c: In function 'delay_us':
../Core/Src/main.c:476:9: warning: variable 'timercount' set but not used [-Wunused-but-set-variable]
  476 |     int timercount;
      |         ^~~~~~~~~~
arm-none-eabi-gcc -o "robot_project.elf" @"objects.list"   -mcpu=cortex-m4 -T"/Users/kyw/STM32CubeIDE/workspace_1.17.0/robot_project/STM32F303VCTX_FLASH.ld" --specs=nosys.specs -Wl,-Map="robot_project.map" -Wl,--gc-sections -static --specs=nano.specs -mfpu=fpv4-sp-d16 -mfloat-abi=hard -mthumb -Wl,--start-group -lc -lm -Wl,--end-group
Finished building target: robot_project.elf
 
arm-none-eabi-size  robot_project.elf 
arm-none-eabi-objdump -h -S robot_project.elf  > "robot_project.list"
   text	   data	    bss	    dec	    hex	filename
  22928	    104	   2968	  26000	   6590	robot_project.elf
Finished building: default.size.stdout
 
Finished building: robot_project.list
 
16:17:14 **** Incremental Build of configuration Debug for project robot_project ****
make -j9 all 
arm-none-eabi-size  robot_project.elf 
   text	   data	    bss	    dec	    hex	filename
  22928	    104	   2968	  26000	   6590	robot_project.elf
Finished building: default.size.stdout
 
16:32:05 **** Incremental Build of configuration Debug for project robot_project ****
make -j9 all 
arm-none-eabi-size  robot_project.elf 
   text	   data	    bss	    dec	    hex	filename
  22928	    104	   2968	  26000	   6590	robot_project.elf
Finished building: default.size.stdout
 
16:32:39 **** Incremental Build of configuration Debug for project robot_project ****
make -j9 all 
arm-none-eabi-size  robot_project.elf 
   text	   data	    bss	    dec	    hex	filename
  22928	    104	   2968	  26000	   6590	robot_project.elf
Finished building: default.size.stdout
 
16:35:11 **** Incremental Build of configuration Debug for project robot_project ****
make -j9 all 
arm-none-eabi-size  robot_project.elf 
   text	   data	    bss	    dec	    hex	filename
  22928	    104	   2968	  26000	   6590	robot_project.elf
Finished building: default.size.stdout
 
16:35:36 **** Incremental Build of configuration Debug for project robot_project ****
make -j9 all 
arm-none-eabi-size  robot_project.elf 
   text	   data	    bss	    dec	    hex	filename
  22928	    104	   2968	  26000	   6590	robot_project.elf
Finished building: default.size.stdout
 
16:36:11 **** Cleaning Selected Files of configuration Debug for project robot_project ****
Info: Internal Builder is used for build
Debug/Core/Src/main.o deleted.
Debug/Core/Src/main.su deleted.
Debug/Core/Src/main.cyclo deleted.
16:36:37 **** Incremental Build of configuration Debug for project robot_project ****
make -j9 all 
arm-none-eabi-gcc "../Core/Src/main.c" -mcpu=cortex-m4 -std=gnu11 -g3 -DDEBUG -DUSE_HAL_DRIVER -DSTM32F303xC -c -I../Core/Inc -I../Drivers/STM32F3xx_HAL_Driver/Inc -I../Drivers/STM32F3xx_HAL_Driver/Inc/Legacy -I../Drivers/CMSIS/Device/ST/STM32F3xx/Include -I../Drivers/CMSIS/Include -O0 -ffunction-sections -fdata-sections -Wall -fstack-usage -fcyclomatic-complexity -MMD -MP -MF"Core/Src/main.d" -MT"Core/Src/main.o" --specs=nano.specs -mfpu=fpv4-sp-d16 -mfloat-abi=hard -mthumb -o "Core/Src/main.o"
../Core/Src/main.c: In function 'main':
../Core/Src/main.c:117:11: warning: implicit declaration of function 'Set_Servo_Angle' [-Wimplicit-function-declaration]
  117 |           Set_Servo_Angle(0);
      |           ^~~~~~~~~~~~~~~
../Core/Src/main.c:123:34: warning: implicit declaration of function 'HCSR04_GetDistance' [-Wimplicit-function-declaration]
  123 |                   int distance = HCSR04_GetDistance();
      |                                  ^~~~~~~~~~~~~~~~~~
../Core/Src/main.c:124:19: warning: implicit declaration of function 'printf' [-Wimplicit-function-declaration]
  124 |                   printf("distance: ", distance);
      |                   ^~~~~~
../Core/Src/main.c:21:1: note: include '<stdio.h>' or provide a declaration of 'printf'
   20 | #include "main.h"
  +++ |+#include <stdio.h>
   21 | 
../Core/Src/main.c:124:19: warning: incompatible implicit declaration of built-in function 'printf' [-Wbuiltin-declaration-mismatch]
  124 |                   printf("distance: ", distance);
      |                   ^~~~~~
../Core/Src/main.c:124:19: note: include '<stdio.h>' or provide a declaration of 'printf'
../Core/Src/main.c:124:26: warning: too many arguments for format [-Wformat-extra-args]
  124 |                   printf("distance: ", distance);
      |                          ^~~~~~~~~~~~
../Core/Src/main.c: At top level:
../Core/Src/main.c:467:6: warning: conflicting types for 'Set_Servo_Angle'; have 'void(uint8_t)' {aka 'void(unsigned char)'}
  467 | void Set_Servo_Angle(uint8_t angle) {
      |      ^~~~~~~~~~~~~~~
../Core/Src/main.c:117:11: note: previous implicit declaration of 'Set_Servo_Angle' with type 'void(uint8_t)' {aka 'void(unsigned char)'}
  117 |           Set_Servo_Angle(0);
      |           ^~~~~~~~~~~~~~~
../Core/Src/main.c: In function 'delay_us':
../Core/Src/main.c:476:9: warning: variable 'timercount' set but not used [-Wunused-but-set-variable]
  476 |     int timercount;
      |         ^~~~~~~~~~
arm-none-eabi-gcc -o "robot_project.elf" @"objects.list"   -mcpu=cortex-m4 -T"/Users/kyw/STM32CubeIDE/workspace_1.17.0/robot_project/STM32F303VCTX_FLASH.ld" --specs=nosys.specs -Wl,-Map="robot_project.map" -Wl,--gc-sections -static --specs=nano.specs -mfpu=fpv4-sp-d16 -mfloat-abi=hard -mthumb -Wl,--start-group -lc -lm -Wl,--end-group
Finished building target: robot_project.elf
 
arm-none-eabi-size  robot_project.elf 
arm-none-eabi-objdump -h -S robot_project.elf  > "robot_project.list"
   text	   data	    bss	    dec	    hex	filename
  22928	    104	   2968	  26000	   6590	robot_project.elf
Finished building: default.size.stdout
 
Finished building: robot_project.list
 
16:38:38 **** Incremental Build of configuration Debug for project robot_project ****
make -j9 all 
arm-none-eabi-size  robot_project.elf 
   text	   data	    bss	    dec	    hex	filename
  22928	    104	   2968	  26000	   6590	robot_project.elf
Finished building: default.size.stdout
 
11:51:59 **** Incremental Build of configuration Debug for project robot_project ****
make -j9 all 
arm-none-eabi-gcc "../Core/Src/main.c" -mcpu=cortex-m4 -std=gnu11 -g3 -DDEBUG -DUSE_HAL_DRIVER -DSTM32F303xC -c -I../Core/Inc -I../Drivers/STM32F3xx_HAL_Driver/Inc -I../Drivers/STM32F3xx_HAL_Driver/Inc/Legacy -I../Drivers/CMSIS/Device/ST/STM32F3xx/Include -I../Drivers/CMSIS/Include -O0 -ffunction-sections -fdata-sections -Wall -fstack-usage -fcyclomatic-complexity -MMD -MP -MF"Core/Src/main.d" -MT"Core/Src/main.o" --specs=nano.specs -mfpu=fpv4-sp-d16 -mfloat-abi=hard -mthumb -o "Core/Src/main.o"
../Core/Src/main.c: In function 'main':
../Core/Src/main.c:117:34: warning: implicit declaration of function 'HCSR04_GetDistance' [-Wimplicit-function-declaration]
  117 |                   int distance = HCSR04_GetDistance();
      |                                  ^~~~~~~~~~~~~~~~~~
../Core/Src/main.c:118:19: warning: implicit declaration of function 'printf' [-Wimplicit-function-declaration]
  118 |                   printf("distance: ", distance);
      |                   ^~~~~~
../Core/Src/main.c:21:1: note: include '<stdio.h>' or provide a declaration of 'printf'
   20 | #include "main.h"
  +++ |+#include <stdio.h>
   21 | 
../Core/Src/main.c:118:19: warning: incompatible implicit declaration of built-in function 'printf' [-Wbuiltin-declaration-mismatch]
  118 |                   printf("distance: ", distance);
      |                   ^~~~~~
../Core/Src/main.c:118:19: note: include '<stdio.h>' or provide a declaration of 'printf'
../Core/Src/main.c:118:26: warning: too many arguments for format [-Wformat-extra-args]
  118 |                   printf("distance: ", distance);
      |                          ^~~~~~~~~~~~
../Core/Src/main.c:119:19: warning: implicit declaration of function 'Set_Servo_Angle' [-Wimplicit-function-declaration]
  119 |                   Set_Servo_Angle(distance);
      |                   ^~~~~~~~~~~~~~~
../Core/Src/main.c: At top level:
../Core/Src/main.c:461:6: warning: conflicting types for 'Set_Servo_Angle'; have 'void(uint8_t)' {aka 'void(unsigned char)'}
  461 | void Set_Servo_Angle(uint8_t angle) {
      |      ^~~~~~~~~~~~~~~
../Core/Src/main.c:119:19: note: previous implicit declaration of 'Set_Servo_Angle' with type 'void(uint8_t)' {aka 'void(unsigned char)'}
  119 |                   Set_Servo_Angle(distance);
      |                   ^~~~~~~~~~~~~~~
../Core/Src/main.c: In function 'delay_us':
../Core/Src/main.c:470:9: warning: variable 'timercount' set but not used [-Wunused-but-set-variable]
  470 |     int timercount;
      |         ^~~~~~~~~~
arm-none-eabi-gcc -o "robot_project.elf" @"objects.list"   -mcpu=cortex-m4 -T"/Users/kyw/STM32CubeIDE/workspace_1.17.0/robot_project/STM32F303VCTX_FLASH.ld" --specs=nosys.specs -Wl,-Map="robot_project.map" -Wl,--gc-sections -static --specs=nano.specs -mfpu=fpv4-sp-d16 -mfloat-abi=hard -mthumb -Wl,--start-group -lc -lm -Wl,--end-group
Finished building target: robot_project.elf
 
arm-none-eabi-size  robot_project.elf 
arm-none-eabi-objdump -h -S robot_project.elf  > "robot_project.list"
   text	   data	    bss	    dec	    hex	filename
  22816	    104	   2968	  25888	   6520	robot_project.elf
Finished building: default.size.stdout
 
Finished building: robot_project.list
 
15:08:19 **** Build of configuration Debug for project L298N_PWM_motor_control ****
make -j9 all 
arm-none-eabi-gcc "../Drivers/STM32F3xx_HAL_Driver/Src/stm32f3xx_hal.c" -mcpu=cortex-m4 -std=gnu11 -g3 -DDEBUG -DUSE_HAL_DRIVER -DSTM32F303xC -c -I../Core/Inc -I../Drivers/STM32F3xx_HAL_Driver/Inc -I../Drivers/STM32F3xx_HAL_Driver/Inc/Legacy -I../Drivers/CMSIS/Device/ST/STM32F3xx/Include -I../Drivers/CMSIS/Include -O0 -ffunction-sections -fdata-sections -Wall -fstack-usage -fcyclomatic-complexity -MMD -MP -MF"Drivers/STM32F3xx_HAL_Driver/Src/stm32f3xx_hal.d" -MT"Drivers/STM32F3xx_HAL_Driver/Src/stm32f3xx_hal.o" --specs=nano.specs -mfpu=fpv4-sp-d16 -mfloat-abi=hard -mthumb -o "Drivers/STM32F3xx_HAL_Driver/Src/stm32f3xx_hal.o"
arm-none-eabi-gcc "../Drivers/STM32F3xx_HAL_Driver/Src/stm32f3xx_hal_cortex.c" -mcpu=cortex-m4 -std=gnu11 -g3 -DDEBUG -DUSE_HAL_DRIVER -DSTM32F303xC -c -I../Core/Inc -I../Drivers/STM32F3xx_HAL_Driver/Inc -I../Drivers/STM32F3xx_HAL_Driver/Inc/Legacy -I../Drivers/CMSIS/Device/ST/STM32F3xx/Include -I../Drivers/CMSIS/Include -O0 -ffunction-sections -fdata-sections -Wall -fstack-usage -fcyclomatic-complexity -MMD -MP -MF"Drivers/STM32F3xx_HAL_Driver/Src/stm32f3xx_hal_cortex.d" -MT"Drivers/STM32F3xx_HAL_Driver/Src/stm32f3xx_hal_cortex.o" --specs=nano.specs -mfpu=fpv4-sp-d16 -mfloat-abi=hard -mthumb -o "Drivers/STM32F3xx_HAL_Driver/Src/stm32f3xx_hal_cortex.o"
arm-none-eabi-gcc "../Drivers/STM32F3xx_HAL_Driver/Src/stm32f3xx_hal_dma.c" -mcpu=cortex-m4 -std=gnu11 -g3 -DDEBUG -DUSE_HAL_DRIVER -DSTM32F303xC -c -I../Core/Inc -I../Drivers/STM32F3xx_HAL_Driver/Inc -I../Drivers/STM32F3xx_HAL_Driver/Inc/Legacy -I../Drivers/CMSIS/Device/ST/STM32F3xx/Include -I../Drivers/CMSIS/Include -O0 -ffunction-sections -fdata-sections -Wall -fstack-usage -fcyclomatic-complexity -MMD -MP -MF"Drivers/STM32F3xx_HAL_Driver/Src/stm32f3xx_hal_dma.d" -MT"Drivers/STM32F3xx_HAL_Driver/Src/stm32f3xx_hal_dma.o" --specs=nano.specs -mfpu=fpv4-sp-d16 -mfloat-abi=hard -mthumb -o "Drivers/STM32F3xx_HAL_Driver/Src/stm32f3xx_hal_dma.o"
arm-none-eabi-gcc "../Drivers/STM32F3xx_HAL_Driver/Src/stm32f3xx_hal_exti.c" -mcpu=cortex-m4 -std=gnu11 -g3 -DDEBUG -DUSE_HAL_DRIVER -DSTM32F303xC -c -I../Core/Inc -I../Drivers/STM32F3xx_HAL_Driver/Inc -I../Drivers/STM32F3xx_HAL_Driver/Inc/Legacy -I../Drivers/CMSIS/Device/ST/STM32F3xx/Include -I../Drivers/CMSIS/Include -O0 -ffunction-sections -fdata-sections -Wall -fstack-usage -fcyclomatic-complexity -MMD -MP -MF"Drivers/STM32F3xx_HAL_Driver/Src/stm32f3xx_hal_exti.d" -MT"Drivers/STM32F3xx_HAL_Driver/Src/stm32f3xx_hal_exti.o" --specs=nano.specs -mfpu=fpv4-sp-d16 -mfloat-abi=hard -mthumb -o "Drivers/STM32F3xx_HAL_Driver/Src/stm32f3xx_hal_exti.o"
arm-none-eabi-gcc "../Drivers/STM32F3xx_HAL_Driver/Src/stm32f3xx_hal_flash.c" -mcpu=cortex-m4 -std=gnu11 -g3 -DDEBUG -DUSE_HAL_DRIVER -DSTM32F303xC -c -I../Core/Inc -I../Drivers/STM32F3xx_HAL_Driver/Inc -I../Drivers/STM32F3xx_HAL_Driver/Inc/Legacy -I../Drivers/CMSIS/Device/ST/STM32F3xx/Include -I../Drivers/CMSIS/Include -O0 -ffunction-sections -fdata-sections -Wall -fstack-usage -fcyclomatic-complexity -MMD -MP -MF"Drivers/STM32F3xx_HAL_Driver/Src/stm32f3xx_hal_flash.d" -MT"Drivers/STM32F3xx_HAL_Driver/Src/stm32f3xx_hal_flash.o" --specs=nano.specs -mfpu=fpv4-sp-d16 -mfloat-abi=hard -mthumb -o "Drivers/STM32F3xx_HAL_Driver/Src/stm32f3xx_hal_flash.o"
arm-none-eabi-gcc "../Drivers/STM32F3xx_HAL_Driver/Src/stm32f3xx_hal_flash_ex.c" -mcpu=cortex-m4 -std=gnu11 -g3 -DDEBUG -DUSE_HAL_DRIVER -DSTM32F303xC -c -I../Core/Inc -I../Drivers/STM32F3xx_HAL_Driver/Inc -I../Drivers/STM32F3xx_HAL_Driver/Inc/Legacy -I../Drivers/CMSIS/Device/ST/STM32F3xx/Include -I../Drivers/CMSIS/Include -O0 -ffunction-sections -fdata-sections -Wall -fstack-usage -fcyclomatic-complexity -MMD -MP -MF"Drivers/STM32F3xx_HAL_Driver/Src/stm32f3xx_hal_flash_ex.d" -MT"Drivers/STM32F3xx_HAL_Driver/Src/stm32f3xx_hal_flash_ex.o" --specs=nano.specs -mfpu=fpv4-sp-d16 -mfloat-abi=hard -mthumb -o "Drivers/STM32F3xx_HAL_Driver/Src/stm32f3xx_hal_flash_ex.o"
arm-none-eabi-gcc "../Drivers/STM32F3xx_HAL_Driver/Src/stm32f3xx_hal_gpio.c" -mcpu=cortex-m4 -std=gnu11 -g3 -DDEBUG -DUSE_HAL_DRIVER -DSTM32F303xC -c -I../Core/Inc -I../Drivers/STM32F3xx_HAL_Driver/Inc -I../Drivers/STM32F3xx_HAL_Driver/Inc/Legacy -I../Drivers/CMSIS/Device/ST/STM32F3xx/Include -I../Drivers/CMSIS/Include -O0 -ffunction-sections -fdata-sections -Wall -fstack-usage -fcyclomatic-complexity -MMD -MP -MF"Drivers/STM32F3xx_HAL_Driver/Src/stm32f3xx_hal_gpio.d" -MT"Drivers/STM32F3xx_HAL_Driver/Src/stm32f3xx_hal_gpio.o" --specs=nano.specs -mfpu=fpv4-sp-d16 -mfloat-abi=hard -mthumb -o "Drivers/STM32F3xx_HAL_Driver/Src/stm32f3xx_hal_gpio.o"
arm-none-eabi-gcc "../Drivers/STM32F3xx_HAL_Driver/Src/stm32f3xx_hal_i2c.c" -mcpu=cortex-m4 -std=gnu11 -g3 -DDEBUG -DUSE_HAL_DRIVER -DSTM32F303xC -c -I../Core/Inc -I../Drivers/STM32F3xx_HAL_Driver/Inc -I../Drivers/STM32F3xx_HAL_Driver/Inc/Legacy -I../Drivers/CMSIS/Device/ST/STM32F3xx/Include -I../Drivers/CMSIS/Include -O0 -ffunction-sections -fdata-sections -Wall -fstack-usage -fcyclomatic-complexity -MMD -MP -MF"Drivers/STM32F3xx_HAL_Driver/Src/stm32f3xx_hal_i2c.d" -MT"Drivers/STM32F3xx_HAL_Driver/Src/stm32f3xx_hal_i2c.o" --specs=nano.specs -mfpu=fpv4-sp-d16 -mfloat-abi=hard -mthumb -o "Drivers/STM32F3xx_HAL_Driver/Src/stm32f3xx_hal_i2c.o"
arm-none-eabi-gcc "../Drivers/STM32F3xx_HAL_Driver/Src/stm32f3xx_hal_i2c_ex.c" -mcpu=cortex-m4 -std=gnu11 -g3 -DDEBUG -DUSE_HAL_DRIVER -DSTM32F303xC -c -I../Core/Inc -I../Drivers/STM32F3xx_HAL_Driver/Inc -I../Drivers/STM32F3xx_HAL_Driver/Inc/Legacy -I../Drivers/CMSIS/Device/ST/STM32F3xx/Include -I../Drivers/CMSIS/Include -O0 -ffunction-sections -fdata-sections -Wall -fstack-usage -fcyclomatic-complexity -MMD -MP -MF"Drivers/STM32F3xx_HAL_Driver/Src/stm32f3xx_hal_i2c_ex.d" -MT"Drivers/STM32F3xx_HAL_Driver/Src/stm32f3xx_hal_i2c_ex.o" --specs=nano.specs -mfpu=fpv4-sp-d16 -mfloat-abi=hard -mthumb -o "Drivers/STM32F3xx_HAL_Driver/Src/stm32f3xx_hal_i2c_ex.o"
arm-none-eabi-gcc "../Drivers/STM32F3xx_HAL_Driver/Src/stm32f3xx_hal_pcd.c" -mcpu=cortex-m4 -std=gnu11 -g3 -DDEBUG -DUSE_HAL_DRIVER -DSTM32F303xC -c -I../Core/Inc -I../Drivers/STM32F3xx_HAL_Driver/Inc -I../Drivers/STM32F3xx_HAL_Driver/Inc/Legacy -I../Drivers/CMSIS/Device/ST/STM32F3xx/Include -I../Drivers/CMSIS/Include -O0 -ffunction-sections -fdata-sections -Wall -fstack-usage -fcyclomatic-complexity -MMD -MP -MF"Drivers/STM32F3xx_HAL_Driver/Src/stm32f3xx_hal_pcd.d" -MT"Drivers/STM32F3xx_HAL_Driver/Src/stm32f3xx_hal_pcd.o" --specs=nano.specs -mfpu=fpv4-sp-d16 -mfloat-abi=hard -mthumb -o "Drivers/STM32F3xx_HAL_Driver/Src/stm32f3xx_hal_pcd.o"
arm-none-eabi-gcc "../Drivers/STM32F3xx_HAL_Driver/Src/stm32f3xx_hal_pcd_ex.c" -mcpu=cortex-m4 -std=gnu11 -g3 -DDEBUG -DUSE_HAL_DRIVER -DSTM32F303xC -c -I../Core/Inc -I../Drivers/STM32F3xx_HAL_Driver/Inc -I../Drivers/STM32F3xx_HAL_Driver/Inc/Legacy -I../Drivers/CMSIS/Device/ST/STM32F3xx/Include -I../Drivers/CMSIS/Include -O0 -ffunction-sections -fdata-sections -Wall -fstack-usage -fcyclomatic-complexity -MMD -MP -MF"Drivers/STM32F3xx_HAL_Driver/Src/stm32f3xx_hal_pcd_ex.d" -MT"Drivers/STM32F3xx_HAL_Driver/Src/stm32f3xx_hal_pcd_ex.o" --specs=nano.specs -mfpu=fpv4-sp-d16 -mfloat-abi=hard -mthumb -o "Drivers/STM32F3xx_HAL_Driver/Src/stm32f3xx_hal_pcd_ex.o"
arm-none-eabi-gcc "../Drivers/STM32F3xx_HAL_Driver/Src/stm32f3xx_hal_pwr.c" -mcpu=cortex-m4 -std=gnu11 -g3 -DDEBUG -DUSE_HAL_DRIVER -DSTM32F303xC -c -I../Core/Inc -I../Drivers/STM32F3xx_HAL_Driver/Inc -I../Drivers/STM32F3xx_HAL_Driver/Inc/Legacy -I../Drivers/CMSIS/Device/ST/STM32F3xx/Include -I../Drivers/CMSIS/Include -O0 -ffunction-sections -fdata-sections -Wall -fstack-usage -fcyclomatic-complexity -MMD -MP -MF"Drivers/STM32F3xx_HAL_Driver/Src/stm32f3xx_hal_pwr.d" -MT"Drivers/STM32F3xx_HAL_Driver/Src/stm32f3xx_hal_pwr.o" --specs=nano.specs -mfpu=fpv4-sp-d16 -mfloat-abi=hard -mthumb -o "Drivers/STM32F3xx_HAL_Driver/Src/stm32f3xx_hal_pwr.o"
arm-none-eabi-gcc "../Drivers/STM32F3xx_HAL_Driver/Src/stm32f3xx_hal_pwr_ex.c" -mcpu=cortex-m4 -std=gnu11 -g3 -DDEBUG -DUSE_HAL_DRIVER -DSTM32F303xC -c -I../Core/Inc -I../Drivers/STM32F3xx_HAL_Driver/Inc -I../Drivers/STM32F3xx_HAL_Driver/Inc/Legacy -I../Drivers/CMSIS/Device/ST/STM32F3xx/Include -I../Drivers/CMSIS/Include -O0 -ffunction-sections -fdata-sections -Wall -fstack-usage -fcyclomatic-complexity -MMD -MP -MF"Drivers/STM32F3xx_HAL_Driver/Src/stm32f3xx_hal_pwr_ex.d" -MT"Drivers/STM32F3xx_HAL_Driver/Src/stm32f3xx_hal_pwr_ex.o" --specs=nano.specs -mfpu=fpv4-sp-d16 -mfloat-abi=hard -mthumb -o "Drivers/STM32F3xx_HAL_Driver/Src/stm32f3xx_hal_pwr_ex.o"
arm-none-eabi-gcc "../Drivers/STM32F3xx_HAL_Driver/Src/stm32f3xx_hal_rcc.c" -mcpu=cortex-m4 -std=gnu11 -g3 -DDEBUG -DUSE_HAL_DRIVER -DSTM32F303xC -c -I../Core/Inc -I../Drivers/STM32F3xx_HAL_Driver/Inc -I../Drivers/STM32F3xx_HAL_Driver/Inc/Legacy -I../Drivers/CMSIS/Device/ST/STM32F3xx/Include -I../Drivers/CMSIS/Include -O0 -ffunction-sections -fdata-sections -Wall -fstack-usage -fcyclomatic-complexity -MMD -MP -MF"Drivers/STM32F3xx_HAL_Driver/Src/stm32f3xx_hal_rcc.d" -MT"Drivers/STM32F3xx_HAL_Driver/Src/stm32f3xx_hal_rcc.o" --specs=nano.specs -mfpu=fpv4-sp-d16 -mfloat-abi=hard -mthumb -o "Drivers/STM32F3xx_HAL_Driver/Src/stm32f3xx_hal_rcc.o"
arm-none-eabi-gcc "../Drivers/STM32F3xx_HAL_Driver/Src/stm32f3xx_hal_rcc_ex.c" -mcpu=cortex-m4 -std=gnu11 -g3 -DDEBUG -DUSE_HAL_DRIVER -DSTM32F303xC -c -I../Core/Inc -I../Drivers/STM32F3xx_HAL_Driver/Inc -I../Drivers/STM32F3xx_HAL_Driver/Inc/Legacy -I../Drivers/CMSIS/Device/ST/STM32F3xx/Include -I../Drivers/CMSIS/Include -O0 -ffunction-sections -fdata-sections -Wall -fstack-usage -fcyclomatic-complexity -MMD -MP -MF"Drivers/STM32F3xx_HAL_Driver/Src/stm32f3xx_hal_rcc_ex.d" -MT"Drivers/STM32F3xx_HAL_Driver/Src/stm32f3xx_hal_rcc_ex.o" --specs=nano.specs -mfpu=fpv4-sp-d16 -mfloat-abi=hard -mthumb -o "Drivers/STM32F3xx_HAL_Driver/Src/stm32f3xx_hal_rcc_ex.o"
arm-none-eabi-gcc "../Drivers/STM32F3xx_HAL_Driver/Src/stm32f3xx_hal_spi.c" -mcpu=cortex-m4 -std=gnu11 -g3 -DDEBUG -DUSE_HAL_DRIVER -DSTM32F303xC -c -I../Core/Inc -I../Drivers/STM32F3xx_HAL_Driver/Inc -I../Drivers/STM32F3xx_HAL_Driver/Inc/Legacy -I../Drivers/CMSIS/Device/ST/STM32F3xx/Include -I../Drivers/CMSIS/Include -O0 -ffunction-sections -fdata-sections -Wall -fstack-usage -fcyclomatic-complexity -MMD -MP -MF"Drivers/STM32F3xx_HAL_Driver/Src/stm32f3xx_hal_spi.d" -MT"Drivers/STM32F3xx_HAL_Driver/Src/stm32f3xx_hal_spi.o" --specs=nano.specs -mfpu=fpv4-sp-d16 -mfloat-abi=hard -mthumb -o "Drivers/STM32F3xx_HAL_Driver/Src/stm32f3xx_hal_spi.o"
arm-none-eabi-gcc "../Drivers/STM32F3xx_HAL_Driver/Src/stm32f3xx_hal_spi_ex.c" -mcpu=cortex-m4 -std=gnu11 -g3 -DDEBUG -DUSE_HAL_DRIVER -DSTM32F303xC -c -I../Core/Inc -I../Drivers/STM32F3xx_HAL_Driver/Inc -I../Drivers/STM32F3xx_HAL_Driver/Inc/Legacy -I../Drivers/CMSIS/Device/ST/STM32F3xx/Include -I../Drivers/CMSIS/Include -O0 -ffunction-sections -fdata-sections -Wall -fstack-usage -fcyclomatic-complexity -MMD -MP -MF"Drivers/STM32F3xx_HAL_Driver/Src/stm32f3xx_hal_spi_ex.d" -MT"Drivers/STM32F3xx_HAL_Driver/Src/stm32f3xx_hal_spi_ex.o" --specs=nano.specs -mfpu=fpv4-sp-d16 -mfloat-abi=hard -mthumb -o "Drivers/STM32F3xx_HAL_Driver/Src/stm32f3xx_hal_spi_ex.o"
arm-none-eabi-gcc "../Drivers/STM32F3xx_HAL_Driver/Src/stm32f3xx_hal_tim.c" -mcpu=cortex-m4 -std=gnu11 -g3 -DDEBUG -DUSE_HAL_DRIVER -DSTM32F303xC -c -I../Core/Inc -I../Drivers/STM32F3xx_HAL_Driver/Inc -I../Drivers/STM32F3xx_HAL_Driver/Inc/Legacy -I../Drivers/CMSIS/Device/ST/STM32F3xx/Include -I../Drivers/CMSIS/Include -O0 -ffunction-sections -fdata-sections -Wall -fstack-usage -fcyclomatic-complexity -MMD -MP -MF"Drivers/STM32F3xx_HAL_Driver/Src/stm32f3xx_hal_tim.d" -MT"Drivers/STM32F3xx_HAL_Driver/Src/stm32f3xx_hal_tim.o" --specs=nano.specs -mfpu=fpv4-sp-d16 -mfloat-abi=hard -mthumb -o "Drivers/STM32F3xx_HAL_Driver/Src/stm32f3xx_hal_tim.o"
arm-none-eabi-gcc "../Drivers/STM32F3xx_HAL_Driver/Src/stm32f3xx_hal_tim_ex.c" -mcpu=cortex-m4 -std=gnu11 -g3 -DDEBUG -DUSE_HAL_DRIVER -DSTM32F303xC -c -I../Core/Inc -I../Drivers/STM32F3xx_HAL_Driver/Inc -I../Drivers/STM32F3xx_HAL_Driver/Inc/Legacy -I../Drivers/CMSIS/Device/ST/STM32F3xx/Include -I../Drivers/CMSIS/Include -O0 -ffunction-sections -fdata-sections -Wall -fstack-usage -fcyclomatic-complexity -MMD -MP -MF"Drivers/STM32F3xx_HAL_Driver/Src/stm32f3xx_hal_tim_ex.d" -MT"Drivers/STM32F3xx_HAL_Driver/Src/stm32f3xx_hal_tim_ex.o" --specs=nano.specs -mfpu=fpv4-sp-d16 -mfloat-abi=hard -mthumb -o "Drivers/STM32F3xx_HAL_Driver/Src/stm32f3xx_hal_tim_ex.o"
arm-none-eabi-gcc "../Drivers/STM32F3xx_HAL_Driver/Src/stm32f3xx_ll_usb.c" -mcpu=cortex-m4 -std=gnu11 -g3 -DDEBUG -DUSE_HAL_DRIVER -DSTM32F303xC -c -I../Core/Inc -I../Drivers/STM32F3xx_HAL_Driver/Inc -I../Drivers/STM32F3xx_HAL_Driver/Inc/Legacy -I../Drivers/CMSIS/Device/ST/STM32F3xx/Include -I../Drivers/CMSIS/Include -O0 -ffunction-sections -fdata-sections -Wall -fstack-usage -fcyclomatic-complexity -MMD -MP -MF"Drivers/STM32F3xx_HAL_Driver/Src/stm32f3xx_ll_usb.d" -MT"Drivers/STM32F3xx_HAL_Driver/Src/stm32f3xx_ll_usb.o" --specs=nano.specs -mfpu=fpv4-sp-d16 -mfloat-abi=hard -mthumb -o "Drivers/STM32F3xx_HAL_Driver/Src/stm32f3xx_ll_usb.o"
arm-none-eabi-gcc -mcpu=cortex-m4 -g3 -DDEBUG -c -x assembler-with-cpp -MMD -MP -MF"Core/Startup/startup_stm32f303vctx.d" -MT"Core/Startup/startup_stm32f303vctx.o" --specs=nano.specs -mfpu=fpv4-sp-d16 -mfloat-abi=hard -mthumb -o "Core/Startup/startup_stm32f303vctx.o" "../Core/Startup/startup_stm32f303vctx.s"
arm-none-eabi-gcc "../Core/Src/main.c" -mcpu=cortex-m4 -std=gnu11 -g3 -DDEBUG -DUSE_HAL_DRIVER -DSTM32F303xC -c -I../Core/Inc -I../Drivers/STM32F3xx_HAL_Driver/Inc -I../Drivers/STM32F3xx_HAL_Driver/Inc/Legacy -I../Drivers/CMSIS/Device/ST/STM32F3xx/Include -I../Drivers/CMSIS/Include -O0 -ffunction-sections -fdata-sections -Wall -fstack-usage -fcyclomatic-complexity -MMD -MP -MF"Core/Src/main.d" -MT"Core/Src/main.o" --specs=nano.specs -mfpu=fpv4-sp-d16 -mfloat-abi=hard -mthumb -o "Core/Src/main.o"
arm-none-eabi-gcc "../Core/Src/stm32f3xx_hal_msp.c" -mcpu=cortex-m4 -std=gnu11 -g3 -DDEBUG -DUSE_HAL_DRIVER -DSTM32F303xC -c -I../Core/Inc -I../Drivers/STM32F3xx_HAL_Driver/Inc -I../Drivers/STM32F3xx_HAL_Driver/Inc/Legacy -I../Drivers/CMSIS/Device/ST/STM32F3xx/Include -I../Drivers/CMSIS/Include -O0 -ffunction-sections -fdata-sections -Wall -fstack-usage -fcyclomatic-complexity -MMD -MP -MF"Core/Src/stm32f3xx_hal_msp.d" -MT"Core/Src/stm32f3xx_hal_msp.o" --specs=nano.specs -mfpu=fpv4-sp-d16 -mfloat-abi=hard -mthumb -o "Core/Src/stm32f3xx_hal_msp.o"
arm-none-eabi-gcc "../Core/Src/stm32f3xx_it.c" -mcpu=cortex-m4 -std=gnu11 -g3 -DDEBUG -DUSE_HAL_DRIVER -DSTM32F303xC -c -I../Core/Inc -I../Drivers/STM32F3xx_HAL_Driver/Inc -I../Drivers/STM32F3xx_HAL_Driver/Inc/Legacy -I../Drivers/CMSIS/Device/ST/STM32F3xx/Include -I../Drivers/CMSIS/Include -O0 -ffunction-sections -fdata-sections -Wall -fstack-usage -fcyclomatic-complexity -MMD -MP -MF"Core/Src/stm32f3xx_it.d" -MT"Core/Src/stm32f3xx_it.o" --specs=nano.specs -mfpu=fpv4-sp-d16 -mfloat-abi=hard -mthumb -o "Core/Src/stm32f3xx_it.o"
arm-none-eabi-gcc "../Core/Src/syscalls.c" -mcpu=cortex-m4 -std=gnu11 -g3 -DDEBUG -DUSE_HAL_DRIVER -DSTM32F303xC -c -I../Core/Inc -I../Drivers/STM32F3xx_HAL_Driver/Inc -I../Drivers/STM32F3xx_HAL_Driver/Inc/Legacy -I../Drivers/CMSIS/Device/ST/STM32F3xx/Include -I../Drivers/CMSIS/Include -O0 -ffunction-sections -fdata-sections -Wall -fstack-usage -fcyclomatic-complexity -MMD -MP -MF"Core/Src/syscalls.d" -MT"Core/Src/syscalls.o" --specs=nano.specs -mfpu=fpv4-sp-d16 -mfloat-abi=hard -mthumb -o "Core/Src/syscalls.o"
arm-none-eabi-gcc "../Core/Src/sysmem.c" -mcpu=cortex-m4 -std=gnu11 -g3 -DDEBUG -DUSE_HAL_DRIVER -DSTM32F303xC -c -I../Core/Inc -I../Drivers/STM32F3xx_HAL_Driver/Inc -I../Drivers/STM32F3xx_HAL_Driver/Inc/Legacy -I../Drivers/CMSIS/Device/ST/STM32F3xx/Include -I../Drivers/CMSIS/Include -O0 -ffunction-sections -fdata-sections -Wall -fstack-usage -fcyclomatic-complexity -MMD -MP -MF"Core/Src/sysmem.d" -MT"Core/Src/sysmem.o" --specs=nano.specs -mfpu=fpv4-sp-d16 -mfloat-abi=hard -mthumb -o "Core/Src/sysmem.o"
arm-none-eabi-gcc "../Core/Src/system_stm32f3xx.c" -mcpu=cortex-m4 -std=gnu11 -g3 -DDEBUG -DUSE_HAL_DRIVER -DSTM32F303xC -c -I../Core/Inc -I../Drivers/STM32F3xx_HAL_Driver/Inc -I../Drivers/STM32F3xx_HAL_Driver/Inc/Legacy -I../Drivers/CMSIS/Device/ST/STM32F3xx/Include -I../Drivers/CMSIS/Include -O0 -ffunction-sections -fdata-sections -Wall -fstack-usage -fcyclomatic-complexity -MMD -MP -MF"Core/Src/system_stm32f3xx.d" -MT"Core/Src/system_stm32f3xx.o" --specs=nano.specs -mfpu=fpv4-sp-d16 -mfloat-abi=hard -mthumb -o "Core/Src/system_stm32f3xx.o"
arm-none-eabi-gcc -o "L298N_PWM_motor_control.elf" @"objects.list"   -mcpu=cortex-m4 -T"/Users/kyw/STM32CubeIDE/workspace_1.17.0/L298N_PWM_motor_control/STM32F303VCTX_FLASH.ld" --specs=nosys.specs -Wl,-Map="L298N_PWM_motor_control.map" -Wl,--gc-sections -static --specs=nano.specs -mfpu=fpv4-sp-d16 -mfloat-abi=hard -mthumb -Wl,--start-group -lc -lm -Wl,--end-group
Finished building target: L298N_PWM_motor_control.elf
 
arm-none-eabi-size  L298N_PWM_motor_control.elf 
arm-none-eabi-objdump -h -S L298N_PWM_motor_control.elf  > "L298N_PWM_motor_control.list"
   text	   data	    bss	    dec	    hex	filename
  15044	     12	   2556	  17612	   44cc	L298N_PWM_motor_control.elf
Finished building: default.size.stdout
 
Finished building: L298N_PWM_motor_control.list
 
15:08:29 **** Incremental Build of configuration Debug for project L298N_PWM_motor_control ****
make -j9 all 
arm-none-eabi-gcc "../Core/Src/main.c" -mcpu=cortex-m4 -std=gnu11 -g3 -DDEBUG -DUSE_HAL_DRIVER -DSTM32F303xC -c -I../Core/Inc -I../Drivers/STM32F3xx_HAL_Driver/Inc -I../Drivers/STM32F3xx_HAL_Driver/Inc/Legacy -I../Drivers/CMSIS/Device/ST/STM32F3xx/Include -I../Drivers/CMSIS/Include -O0 -ffunction-sections -fdata-sections -Wall -fstack-usage -fcyclomatic-complexity -MMD -MP -MF"Core/Src/main.d" -MT"Core/Src/main.o" --specs=nano.specs -mfpu=fpv4-sp-d16 -mfloat-abi=hard -mthumb -o "Core/Src/main.o"
../Core/Src/main.c: In function 'main':
../Core/Src/main.c:113:11: warning: implicit declaration of function 'Set_Direction' [-Wimplicit-function-declaration]
  113 |           Set_Direction(1, 1); // 모터 A 정방향
      |           ^~~~~~~~~~~~~
../Core/Src/main.c:115:11: warning: implicit declaration of function 'Set_PWM' [-Wimplicit-function-declaration]
  115 |           Set_PWM(100, 75);    // 모터 A: 100%, 모터 B: 75%
      |           ^~~~~~~
../Core/Src/main.c: At top level:
../Core/Src/main.c:416:6: warning: conflicting types for 'Set_Direction'; have 'void(uint8_t,  uint8_t)' {aka 'void(unsigned char,  unsigned char)'}
  416 | void Set_Direction(uint8_t motor, uint8_t dir)
      |      ^~~~~~~~~~~~~
../Core/Src/main.c:113:11: note: previous implicit declaration of 'Set_Direction' with type 'void(uint8_t,  uint8_t)' {aka 'void(unsigned char,  unsigned char)'}
  113 |           Set_Direction(1, 1); // 모터 A 정방향
      |           ^~~~~~~~~~~~~
../Core/Src/main.c:427:30: error: unknown type name 'uint_t'; did you mean 'uint8_t'?
  427 | void Set_PWM(uint8_t duty_A, uint_t duty_B){
      |                              ^~~~~~
      |                              uint8_t
make: *** [Core/Src/subdir.mk:34: Core/Src/main.o] Error 1
"make -j9 all" terminated with exit code 2. Build might be incomplete.
15:08:50 **** Incremental Build of configuration Debug for project L298N_PWM_motor_control ****
make -j9 all 
arm-none-eabi-gcc "../Core/Src/main.c" -mcpu=cortex-m4 -std=gnu11 -g3 -DDEBUG -DUSE_HAL_DRIVER -DSTM32F303xC -c -I../Core/Inc -I../Drivers/STM32F3xx_HAL_Driver/Inc -I../Drivers/STM32F3xx_HAL_Driver/Inc/Legacy -I../Drivers/CMSIS/Device/ST/STM32F3xx/Include -I../Drivers/CMSIS/Include -O0 -ffunction-sections -fdata-sections -Wall -fstack-usage -fcyclomatic-complexity -MMD -MP -MF"Core/Src/main.d" -MT"Core/Src/main.o" --specs=nano.specs -mfpu=fpv4-sp-d16 -mfloat-abi=hard -mthumb -o "Core/Src/main.o"
../Core/Src/main.c: In function 'main':
../Core/Src/main.c:113:11: warning: implicit declaration of function 'Set_Direction' [-Wimplicit-function-declaration]
  113 |           Set_Direction(1, 1); // 모터 A 정방향
      |           ^~~~~~~~~~~~~
../Core/Src/main.c:115:11: warning: implicit declaration of function 'Set_PWM' [-Wimplicit-function-declaration]
  115 |           Set_PWM(100, 75);    // 모터 A: 100%, 모터 B: 75%
      |           ^~~~~~~
../Core/Src/main.c: At top level:
../Core/Src/main.c:416:6: warning: conflicting types for 'Set_Direction'; have 'void(uint8_t,  uint8_t)' {aka 'void(unsigned char,  unsigned char)'}
  416 | void Set_Direction(uint8_t motor, uint8_t dir)
      |      ^~~~~~~~~~~~~
../Core/Src/main.c:113:11: note: previous implicit declaration of 'Set_Direction' with type 'void(uint8_t,  uint8_t)' {aka 'void(unsigned char,  unsigned char)'}
  113 |           Set_Direction(1, 1); // 모터 A 정방향
      |           ^~~~~~~~~~~~~
../Core/Src/main.c:427:6: warning: conflicting types for 'Set_PWM'; have 'void(uint8_t,  uint8_t)' {aka 'void(unsigned char,  unsigned char)'}
  427 | void Set_PWM(uint8_t duty_A, uint8_t duty_B){
      |      ^~~~~~~
../Core/Src/main.c:115:11: note: previous implicit declaration of 'Set_PWM' with type 'void(uint8_t,  uint8_t)' {aka 'void(unsigned char,  unsigned char)'}
  115 |           Set_PWM(100, 75);    // 모터 A: 100%, 모터 B: 75%
      |           ^~~~~~~
arm-none-eabi-gcc -o "L298N_PWM_motor_control.elf" @"objects.list"   -mcpu=cortex-m4 -T"/Users/kyw/STM32CubeIDE/workspace_1.17.0/L298N_PWM_motor_control/STM32F303VCTX_FLASH.ld" --specs=nosys.specs -Wl,-Map="L298N_PWM_motor_control.map" -Wl,--gc-sections -static --specs=nano.specs -mfpu=fpv4-sp-d16 -mfloat-abi=hard -mthumb -Wl,--start-group -lc -lm -Wl,--end-group
Finished building target: L298N_PWM_motor_control.elf
 
arm-none-eabi-size  L298N_PWM_motor_control.elf 
arm-none-eabi-objdump -h -S L298N_PWM_motor_control.elf  > "L298N_PWM_motor_control.list"
   text	   data	    bss	    dec	    hex	filename
  15380	     12	   2556	  17948	   461c	L298N_PWM_motor_control.elf
Finished building: default.size.stdout
 
Finished building: L298N_PWM_motor_control.list
 
15:19:48 **** Incremental Build of configuration Debug for project L298N_PWM_motor_control ****
make -j9 all 
arm-none-eabi-gcc "../Core/Src/main.c" -mcpu=cortex-m4 -std=gnu11 -g3 -DDEBUG -DUSE_HAL_DRIVER -DSTM32F303xC -c -I../Core/Inc -I../Drivers/STM32F3xx_HAL_Driver/Inc -I../Drivers/STM32F3xx_HAL_Driver/Inc/Legacy -I../Drivers/CMSIS/Device/ST/STM32F3xx/Include -I../Drivers/CMSIS/Include -O0 -ffunction-sections -fdata-sections -Wall -fstack-usage -fcyclomatic-complexity -MMD -MP -MF"Core/Src/main.d" -MT"Core/Src/main.o" --specs=nano.specs -mfpu=fpv4-sp-d16 -mfloat-abi=hard -mthumb -o "Core/Src/main.o"
../Core/Src/main.c: In function 'main':
../Core/Src/main.c:113:11: warning: implicit declaration of function 'Set_Direction' [-Wimplicit-function-declaration]
  113 |           Set_Direction(1, 1); // 모터 A 정방향
      |           ^~~~~~~~~~~~~
../Core/Src/main.c:115:11: warning: implicit declaration of function 'Set_PWM' [-Wimplicit-function-declaration]
  115 |           Set_PWM(50, 50);    // 모터 A: 100%, 모터 B: 75%
      |           ^~~~~~~
../Core/Src/main.c: At top level:
../Core/Src/main.c:419:6: warning: conflicting types for 'Set_Direction'; have 'void(uint8_t,  uint8_t)' {aka 'void(unsigned char,  unsigned char)'}
  419 | void Set_Direction(uint8_t motor, uint8_t dir)
      |      ^~~~~~~~~~~~~
../Core/Src/main.c:113:11: note: previous implicit declaration of 'Set_Direction' with type 'void(uint8_t,  uint8_t)' {aka 'void(unsigned char,  unsigned char)'}
  113 |           Set_Direction(1, 1); // 모터 A 정방향
      |           ^~~~~~~~~~~~~
../Core/Src/main.c:430:6: warning: conflicting types for 'Set_PWM'; have 'void(uint8_t,  uint8_t)' {aka 'void(unsigned char,  unsigned char)'}
  430 | void Set_PWM(uint8_t duty_A, uint8_t duty_B){
      |      ^~~~~~~
../Core/Src/main.c:115:11: note: previous implicit declaration of 'Set_PWM' with type 'void(uint8_t,  uint8_t)' {aka 'void(unsigned char,  unsigned char)'}
  115 |           Set_PWM(50, 50);    // 모터 A: 100%, 모터 B: 75%
      |           ^~~~~~~
arm-none-eabi-gcc -o "L298N_PWM_motor_control.elf" @"objects.list"   -mcpu=cortex-m4 -T"/Users/kyw/STM32CubeIDE/workspace_1.17.0/L298N_PWM_motor_control/STM32F303VCTX_FLASH.ld" --specs=nosys.specs -Wl,-Map="L298N_PWM_motor_control.map" -Wl,--gc-sections -static --specs=nano.specs -mfpu=fpv4-sp-d16 -mfloat-abi=hard -mthumb -Wl,--start-group -lc -lm -Wl,--end-group
Finished building target: L298N_PWM_motor_control.elf
 
arm-none-eabi-size  L298N_PWM_motor_control.elf 
arm-none-eabi-objdump -h -S L298N_PWM_motor_control.elf  > "L298N_PWM_motor_control.list"
   text	   data	    bss	    dec	    hex	filename
  15396	     12	   2556	  17964	   462c	L298N_PWM_motor_control.elf
Finished building: default.size.stdout
 
Finished building: L298N_PWM_motor_control.list
 
15:20:23 **** Incremental Build of configuration Debug for project L298N_PWM_motor_control ****
make -j9 all 
arm-none-eabi-size  L298N_PWM_motor_control.elf 
   text	   data	    bss	    dec	    hex	filename
  15396	     12	   2556	  17964	   462c	L298N_PWM_motor_control.elf
Finished building: default.size.stdout
 
15:21:30 **** Incremental Build of configuration Debug for project L298N_PWM_motor_control ****
make -j9 all 
arm-none-eabi-gcc "../Core/Src/main.c" -mcpu=cortex-m4 -std=gnu11 -g3 -DDEBUG -DUSE_HAL_DRIVER -DSTM32F303xC -c -I../Core/Inc -I../Drivers/STM32F3xx_HAL_Driver/Inc -I../Drivers/STM32F3xx_HAL_Driver/Inc/Legacy -I../Drivers/CMSIS/Device/ST/STM32F3xx/Include -I../Drivers/CMSIS/Include -O0 -ffunction-sections -fdata-sections -Wall -fstack-usage -fcyclomatic-complexity -MMD -MP -MF"Core/Src/main.d" -MT"Core/Src/main.o" --specs=nano.specs -mfpu=fpv4-sp-d16 -mfloat-abi=hard -mthumb -o "Core/Src/main.o"
../Core/Src/main.c: In function 'main':
../Core/Src/main.c:113:11: warning: implicit declaration of function 'Set_Direction' [-Wimplicit-function-declaration]
  113 |           Set_Direction(1, 1); // 모터 A 정방향
      |           ^~~~~~~~~~~~~
../Core/Src/main.c:115:11: warning: implicit declaration of function 'Set_PWM' [-Wimplicit-function-declaration]
  115 |           Set_PWM(50, 50);    // 모터 A: 100%, 모터 B: 75%
      |           ^~~~~~~
../Core/Src/main.c: At top level:
../Core/Src/main.c:419:6: warning: conflicting types for 'Set_Direction'; have 'void(uint8_t,  uint8_t)' {aka 'void(unsigned char,  unsigned char)'}
  419 | void Set_Direction(uint8_t motor, uint8_t dir)
      |      ^~~~~~~~~~~~~
../Core/Src/main.c:113:11: note: previous implicit declaration of 'Set_Direction' with type 'void(uint8_t,  uint8_t)' {aka 'void(unsigned char,  unsigned char)'}
  113 |           Set_Direction(1, 1); // 모터 A 정방향
      |           ^~~~~~~~~~~~~
../Core/Src/main.c:430:6: warning: conflicting types for 'Set_PWM'; have 'void(uint8_t,  uint8_t)' {aka 'void(unsigned char,  unsigned char)'}
  430 | void Set_PWM(uint8_t duty_A, uint8_t duty_B){
      |      ^~~~~~~
../Core/Src/main.c:115:11: note: previous implicit declaration of 'Set_PWM' with type 'void(uint8_t,  uint8_t)' {aka 'void(unsigned char,  unsigned char)'}
  115 |           Set_PWM(50, 50);    // 모터 A: 100%, 모터 B: 75%
      |           ^~~~~~~
arm-none-eabi-gcc -o "L298N_PWM_motor_control.elf" @"objects.list"   -mcpu=cortex-m4 -T"/Users/kyw/STM32CubeIDE/workspace_1.17.0/L298N_PWM_motor_control/STM32F303VCTX_FLASH.ld" --specs=nosys.specs -Wl,-Map="L298N_PWM_motor_control.map" -Wl,--gc-sections -static --specs=nano.specs -mfpu=fpv4-sp-d16 -mfloat-abi=hard -mthumb -Wl,--start-group -lc -lm -Wl,--end-group
Finished building target: L298N_PWM_motor_control.elf
 
arm-none-eabi-size  L298N_PWM_motor_control.elf 
arm-none-eabi-objdump -h -S L298N_PWM_motor_control.elf  > "L298N_PWM_motor_control.list"
   text	   data	    bss	    dec	    hex	filename
  15396	     12	   2556	  17964	   462c	L298N_PWM_motor_control.elf
Finished building: default.size.stdout
 
Finished building: L298N_PWM_motor_control.list
 
15:22:09 **** Incremental Build of configuration Debug for project L298N_PWM_motor_control ****
make -j9 all 
arm-none-eabi-size  L298N_PWM_motor_control.elf 
   text	   data	    bss	    dec	    hex	filename
  15396	     12	   2556	  17964	   462c	L298N_PWM_motor_control.elf
Finished building: default.size.stdout
 
15:22:55 **** Incremental Build of configuration Debug for project L298N_PWM_motor_control ****
make -j9 all 
arm-none-eabi-size  L298N_PWM_motor_control.elf 
   text	   data	    bss	    dec	    hex	filename
  15396	     12	   2556	  17964	   462c	L298N_PWM_motor_control.elf
Finished building: default.size.stdout
 
15:26:39 **** Incremental Build of configuration Debug for project L298N_PWM_motor_control ****
make -j9 all 
arm-none-eabi-size  L298N_PWM_motor_control.elf 
   text	   data	    bss	    dec	    hex	filename
  15396	     12	   2556	  17964	   462c	L298N_PWM_motor_control.elf
Finished building: default.size.stdout
 
15:27:48 **** Incremental Build of configuration Debug for project L298N_PWM_motor_control ****
make -j9 all 
arm-none-eabi-gcc "../Core/Src/main.c" -mcpu=cortex-m4 -std=gnu11 -g3 -DDEBUG -DUSE_HAL_DRIVER -DSTM32F303xC -c -I../Core/Inc -I../Drivers/STM32F3xx_HAL_Driver/Inc -I../Drivers/STM32F3xx_HAL_Driver/Inc/Legacy -I../Drivers/CMSIS/Device/ST/STM32F3xx/Include -I../Drivers/CMSIS/Include -O0 -ffunction-sections -fdata-sections -Wall -fstack-usage -fcyclomatic-complexity -MMD -MP -MF"Core/Src/main.d" -MT"Core/Src/main.o" --specs=nano.specs -mfpu=fpv4-sp-d16 -mfloat-abi=hard -mthumb -o "Core/Src/main.o"
../Core/Src/main.c: In function 'main':
../Core/Src/main.c:105:3: warning: implicit declaration of function 'Start_mootr' [-Wimplicit-function-declaration]
  105 |   Start_mootr();
      |   ^~~~~~~~~~~
../Core/Src/main.c:114:11: warning: implicit declaration of function 'Set_Direction' [-Wimplicit-function-declaration]
  114 |           Set_Direction(1, 1); // 모터 A 정방향
      |           ^~~~~~~~~~~~~
../Core/Src/main.c:116:11: warning: implicit declaration of function 'Set_PWM' [-Wimplicit-function-declaration]
  116 |           Set_PWM(50, 50);    // 모터 A: 100%, 모터 B: 75%
      |           ^~~~~~~
../Core/Src/main.c: At top level:
../Core/Src/main.c:414:6: warning: conflicting types for 'Start_mootr'; have 'void()'
  414 | void Start_mootr()
      |      ^~~~~~~~~~~
../Core/Src/main.c:105:3: note: previous implicit declaration of 'Start_mootr' with type 'void()'
  105 |   Start_mootr();
      |   ^~~~~~~~~~~
../Core/Src/main.c:420:6: warning: conflicting types for 'Set_Direction'; have 'void(uint8_t,  uint8_t)' {aka 'void(unsigned char,  unsigned char)'}
  420 | void Set_Direction(uint8_t motor, uint8_t dir)
      |      ^~~~~~~~~~~~~
../Core/Src/main.c:114:11: note: previous implicit declaration of 'Set_Direction' with type 'void(uint8_t,  uint8_t)' {aka 'void(unsigned char,  unsigned char)'}
  114 |           Set_Direction(1, 1); // 모터 A 정방향
      |           ^~~~~~~~~~~~~
../Core/Src/main.c:431:6: warning: conflicting types for 'Set_PWM'; have 'void(uint8_t,  uint8_t)' {aka 'void(unsigned char,  unsigned char)'}
  431 | void Set_PWM(uint8_t duty_A, uint8_t duty_B){
      |      ^~~~~~~
../Core/Src/main.c:116:11: note: previous implicit declaration of 'Set_PWM' with type 'void(uint8_t,  uint8_t)' {aka 'void(unsigned char,  unsigned char)'}
  116 |           Set_PWM(50, 50);    // 모터 A: 100%, 모터 B: 75%
      |           ^~~~~~~
arm-none-eabi-gcc -o "L298N_PWM_motor_control.elf" @"objects.list"   -mcpu=cortex-m4 -T"/Users/kyw/STM32CubeIDE/workspace_1.17.0/L298N_PWM_motor_control/STM32F303VCTX_FLASH.ld" --specs=nosys.specs -Wl,-Map="L298N_PWM_motor_control.map" -Wl,--gc-sections -static --specs=nano.specs -mfpu=fpv4-sp-d16 -mfloat-abi=hard -mthumb -Wl,--start-group -lc -lm -Wl,--end-group
Finished building target: L298N_PWM_motor_control.elf
 
arm-none-eabi-size  L298N_PWM_motor_control.elf 
arm-none-eabi-objdump -h -S L298N_PWM_motor_control.elf  > "L298N_PWM_motor_control.list"
   text	   data	    bss	    dec	    hex	filename
  16016	     12	   2556	  18584	   4898	L298N_PWM_motor_control.elf
Finished building: default.size.stdout
 
Finished building: L298N_PWM_motor_control.list
 
15:28:10 **** Incremental Build of configuration Debug for project L298N_PWM_motor_control ****
make -j9 all 
arm-none-eabi-size  L298N_PWM_motor_control.elf 
   text	   data	    bss	    dec	    hex	filename
  16016	     12	   2556	  18584	   4898	L298N_PWM_motor_control.elf
Finished building: default.size.stdout
 
15:29:00 **** Incremental Build of configuration Debug for project L298N_PWM_motor_control ****
make -j9 all 
arm-none-eabi-gcc "../Core/Src/main.c" -mcpu=cortex-m4 -std=gnu11 -g3 -DDEBUG -DUSE_HAL_DRIVER -DSTM32F303xC -c -I../Core/Inc -I../Drivers/STM32F3xx_HAL_Driver/Inc -I../Drivers/STM32F3xx_HAL_Driver/Inc/Legacy -I../Drivers/CMSIS/Device/ST/STM32F3xx/Include -I../Drivers/CMSIS/Include -O0 -ffunction-sections -fdata-sections -Wall -fstack-usage -fcyclomatic-complexity -MMD -MP -MF"Core/Src/main.d" -MT"Core/Src/main.o" --specs=nano.specs -mfpu=fpv4-sp-d16 -mfloat-abi=hard -mthumb -o "Core/Src/main.o"
../Core/Src/main.c: In function 'main':
../Core/Src/main.c:105:3: warning: implicit declaration of function 'Start_mootr' [-Wimplicit-function-declaration]
  105 |   Start_mootr();
      |   ^~~~~~~~~~~
../Core/Src/main.c:114:11: warning: implicit declaration of function 'Set_Direction' [-Wimplicit-function-declaration]
  114 |           Set_Direction(1, 1); // 모터 A 정방향
      |           ^~~~~~~~~~~~~
../Core/Src/main.c:116:11: warning: implicit declaration of function 'Set_PWM' [-Wimplicit-function-declaration]
  116 |           Set_PWM(100, 100);    // 모터 A: 100%, 모터 B: 75%
      |           ^~~~~~~
../Core/Src/main.c: At top level:
../Core/Src/main.c:414:6: warning: conflicting types for 'Start_mootr'; have 'void()'
  414 | void Start_mootr()
      |      ^~~~~~~~~~~
../Core/Src/main.c:105:3: note: previous implicit declaration of 'Start_mootr' with type 'void()'
  105 |   Start_mootr();
      |   ^~~~~~~~~~~
../Core/Src/main.c:420:6: warning: conflicting types for 'Set_Direction'; have 'void(uint8_t,  uint8_t)' {aka 'void(unsigned char,  unsigned char)'}
  420 | void Set_Direction(uint8_t motor, uint8_t dir)
      |      ^~~~~~~~~~~~~
../Core/Src/main.c:114:11: note: previous implicit declaration of 'Set_Direction' with type 'void(uint8_t,  uint8_t)' {aka 'void(unsigned char,  unsigned char)'}
  114 |           Set_Direction(1, 1); // 모터 A 정방향
      |           ^~~~~~~~~~~~~
../Core/Src/main.c:431:6: warning: conflicting types for 'Set_PWM'; have 'void(uint8_t,  uint8_t)' {aka 'void(unsigned char,  unsigned char)'}
  431 | void Set_PWM(uint8_t duty_A, uint8_t duty_B){
      |      ^~~~~~~
../Core/Src/main.c:116:11: note: previous implicit declaration of 'Set_PWM' with type 'void(uint8_t,  uint8_t)' {aka 'void(unsigned char,  unsigned char)'}
  116 |           Set_PWM(100, 100);    // 모터 A: 100%, 모터 B: 75%
      |           ^~~~~~~
arm-none-eabi-gcc -o "L298N_PWM_motor_control.elf" @"objects.list"   -mcpu=cortex-m4 -T"/Users/kyw/STM32CubeIDE/workspace_1.17.0/L298N_PWM_motor_control/STM32F303VCTX_FLASH.ld" --specs=nosys.specs -Wl,-Map="L298N_PWM_motor_control.map" -Wl,--gc-sections -static --specs=nano.specs -mfpu=fpv4-sp-d16 -mfloat-abi=hard -mthumb -Wl,--start-group -lc -lm -Wl,--end-group
Finished building target: L298N_PWM_motor_control.elf
 
arm-none-eabi-size  L298N_PWM_motor_control.elf 
arm-none-eabi-objdump -h -S L298N_PWM_motor_control.elf  > "L298N_PWM_motor_control.list"
   text	   data	    bss	    dec	    hex	filename
  16016	     12	   2556	  18584	   4898	L298N_PWM_motor_control.elf
Finished building: default.size.stdout
 
Finished building: L298N_PWM_motor_control.list
 
15:29:38 **** Incremental Build of configuration Debug for project L298N_PWM_motor_control ****
make -j9 all 
arm-none-eabi-gcc "../Core/Src/main.c" -mcpu=cortex-m4 -std=gnu11 -g3 -DDEBUG -DUSE_HAL_DRIVER -DSTM32F303xC -c -I../Core/Inc -I../Drivers/STM32F3xx_HAL_Driver/Inc -I../Drivers/STM32F3xx_HAL_Driver/Inc/Legacy -I../Drivers/CMSIS/Device/ST/STM32F3xx/Include -I../Drivers/CMSIS/Include -O0 -ffunction-sections -fdata-sections -Wall -fstack-usage -fcyclomatic-complexity -MMD -MP -MF"Core/Src/main.d" -MT"Core/Src/main.o" --specs=nano.specs -mfpu=fpv4-sp-d16 -mfloat-abi=hard -mthumb -o "Core/Src/main.o"
../Core/Src/main.c: In function 'main':
../Core/Src/main.c:105:3: warning: implicit declaration of function 'Start_mootr' [-Wimplicit-function-declaration]
  105 |   Start_mootr();
      |   ^~~~~~~~~~~
../Core/Src/main.c:114:11: warning: implicit declaration of function 'Set_Direction' [-Wimplicit-function-declaration]
  114 |           Set_Direction(1, 1); // 모터 A 정방향
      |           ^~~~~~~~~~~~~
../Core/Src/main.c:116:11: warning: implicit declaration of function 'Set_PWM' [-Wimplicit-function-declaration]
  116 |           Set_PWM(100, 75);    // 모터 A: 100%, 모터 B: 75%
      |           ^~~~~~~
../Core/Src/main.c: At top level:
../Core/Src/main.c:414:6: warning: conflicting types for 'Start_mootr'; have 'void()'
  414 | void Start_mootr()
      |      ^~~~~~~~~~~
../Core/Src/main.c:105:3: note: previous implicit declaration of 'Start_mootr' with type 'void()'
  105 |   Start_mootr();
      |   ^~~~~~~~~~~
../Core/Src/main.c:420:6: warning: conflicting types for 'Set_Direction'; have 'void(uint8_t,  uint8_t)' {aka 'void(unsigned char,  unsigned char)'}
  420 | void Set_Direction(uint8_t motor, uint8_t dir)
      |      ^~~~~~~~~~~~~
../Core/Src/main.c:114:11: note: previous implicit declaration of 'Set_Direction' with type 'void(uint8_t,  uint8_t)' {aka 'void(unsigned char,  unsigned char)'}
  114 |           Set_Direction(1, 1); // 모터 A 정방향
      |           ^~~~~~~~~~~~~
../Core/Src/main.c:431:6: warning: conflicting types for 'Set_PWM'; have 'void(uint8_t,  uint8_t)' {aka 'void(unsigned char,  unsigned char)'}
  431 | void Set_PWM(uint8_t duty_A, uint8_t duty_B){
      |      ^~~~~~~
../Core/Src/main.c:116:11: note: previous implicit declaration of 'Set_PWM' with type 'void(uint8_t,  uint8_t)' {aka 'void(unsigned char,  unsigned char)'}
  116 |           Set_PWM(100, 75);    // 모터 A: 100%, 모터 B: 75%
      |           ^~~~~~~
arm-none-eabi-gcc -o "L298N_PWM_motor_control.elf" @"objects.list"   -mcpu=cortex-m4 -T"/Users/kyw/STM32CubeIDE/workspace_1.17.0/L298N_PWM_motor_control/STM32F303VCTX_FLASH.ld" --specs=nosys.specs -Wl,-Map="L298N_PWM_motor_control.map" -Wl,--gc-sections -static --specs=nano.specs -mfpu=fpv4-sp-d16 -mfloat-abi=hard -mthumb -Wl,--start-group -lc -lm -Wl,--end-group
Finished building target: L298N_PWM_motor_control.elf
 
arm-none-eabi-size  L298N_PWM_motor_control.elf 
arm-none-eabi-objdump -h -S L298N_PWM_motor_control.elf  > "L298N_PWM_motor_control.list"
   text	   data	    bss	    dec	    hex	filename
  16016	     12	   2556	  18584	   4898	L298N_PWM_motor_control.elf
Finished building: default.size.stdout
 
Finished building: L298N_PWM_motor_control.list
 
15:36:44 **** Incremental Build of configuration Debug for project L298N_PWM_motor_control ****
make -j9 all 
arm-none-eabi-gcc "../Core/Src/main.c" -mcpu=cortex-m4 -std=gnu11 -g3 -DDEBUG -DUSE_HAL_DRIVER -DSTM32F303xC -c -I../Core/Inc -I../Drivers/STM32F3xx_HAL_Driver/Inc -I../Drivers/STM32F3xx_HAL_Driver/Inc/Legacy -I../Drivers/CMSIS/Device/ST/STM32F3xx/Include -I../Drivers/CMSIS/Include -O0 -ffunction-sections -fdata-sections -Wall -fstack-usage -fcyclomatic-complexity -MMD -MP -MF"Core/Src/main.d" -MT"Core/Src/main.o" --specs=nano.specs -mfpu=fpv4-sp-d16 -mfloat-abi=hard -mthumb -o "Core/Src/main.o"
../Core/Src/main.c: In function 'main':
../Core/Src/main.c:105:3: warning: implicit declaration of function 'Start_mootr' [-Wimplicit-function-declaration]
  105 |   Start_mootr();
      |   ^~~~~~~~~~~
../Core/Src/main.c:114:11: warning: implicit declaration of function 'Set_Direction' [-Wimplicit-function-declaration]
  114 |           Set_Direction(1, 1); // 모터 A 정방향
      |           ^~~~~~~~~~~~~
../Core/Src/main.c:116:11: warning: implicit declaration of function 'Set_PWM' [-Wimplicit-function-declaration]
  116 |           Set_PWM(100, 100);    // 모터 A: 100%, 모터 B: 75%
      |           ^~~~~~~
../Core/Src/main.c: At top level:
../Core/Src/main.c:414:6: warning: conflicting types for 'Start_mootr'; have 'void()'
  414 | void Start_mootr()
      |      ^~~~~~~~~~~
../Core/Src/main.c:105:3: note: previous implicit declaration of 'Start_mootr' with type 'void()'
  105 |   Start_mootr();
      |   ^~~~~~~~~~~
../Core/Src/main.c:420:6: warning: conflicting types for 'Set_Direction'; have 'void(uint8_t,  uint8_t)' {aka 'void(unsigned char,  unsigned char)'}
  420 | void Set_Direction(uint8_t motor, uint8_t dir)
      |      ^~~~~~~~~~~~~
../Core/Src/main.c:114:11: note: previous implicit declaration of 'Set_Direction' with type 'void(uint8_t,  uint8_t)' {aka 'void(unsigned char,  unsigned char)'}
  114 |           Set_Direction(1, 1); // 모터 A 정방향
      |           ^~~~~~~~~~~~~
../Core/Src/main.c:431:6: warning: conflicting types for 'Set_PWM'; have 'void(uint8_t,  uint8_t)' {aka 'void(unsigned char,  unsigned char)'}
  431 | void Set_PWM(uint8_t duty_A, uint8_t duty_B){
      |      ^~~~~~~
../Core/Src/main.c:116:11: note: previous implicit declaration of 'Set_PWM' with type 'void(uint8_t,  uint8_t)' {aka 'void(unsigned char,  unsigned char)'}
  116 |           Set_PWM(100, 100);    // 모터 A: 100%, 모터 B: 75%
      |           ^~~~~~~
arm-none-eabi-gcc -o "L298N_PWM_motor_control.elf" @"objects.list"   -mcpu=cortex-m4 -T"/Users/kyw/STM32CubeIDE/workspace_1.17.0/L298N_PWM_motor_control/STM32F303VCTX_FLASH.ld" --specs=nosys.specs -Wl,-Map="L298N_PWM_motor_control.map" -Wl,--gc-sections -static --specs=nano.specs -mfpu=fpv4-sp-d16 -mfloat-abi=hard -mthumb -Wl,--start-group -lc -lm -Wl,--end-group
Finished building target: L298N_PWM_motor_control.elf
 
arm-none-eabi-size  L298N_PWM_motor_control.elf 
arm-none-eabi-objdump -h -S L298N_PWM_motor_control.elf  > "L298N_PWM_motor_control.list"
   text	   data	    bss	    dec	    hex	filename
  16016	     12	   2556	  18584	   4898	L298N_PWM_motor_control.elf
Finished building: default.size.stdout
 
Finished building: L298N_PWM_motor_control.list
 
15:43:25 **** Incremental Build of configuration Debug for project L298N_PWM_motor_control ****
make -j9 all 
arm-none-eabi-gcc "../Core/Src/main.c" -mcpu=cortex-m4 -std=gnu11 -g3 -DDEBUG -DUSE_HAL_DRIVER -DSTM32F303xC -c -I../Core/Inc -I../Drivers/STM32F3xx_HAL_Driver/Inc -I../Drivers/STM32F3xx_HAL_Driver/Inc/Legacy -I../Drivers/CMSIS/Device/ST/STM32F3xx/Include -I../Drivers/CMSIS/Include -O0 -ffunction-sections -fdata-sections -Wall -fstack-usage -fcyclomatic-complexity -MMD -MP -MF"Core/Src/main.d" -MT"Core/Src/main.o" --specs=nano.specs -mfpu=fpv4-sp-d16 -mfloat-abi=hard -mthumb -o "Core/Src/main.o"
../Core/Src/main.c: In function 'main':
../Core/Src/main.c:105:3: warning: implicit declaration of function 'Start_mootr' [-Wimplicit-function-declaration]
  105 |   Start_mootr();
      |   ^~~~~~~~~~~
../Core/Src/main.c:114:11: warning: implicit declaration of function 'Set_Direction' [-Wimplicit-function-declaration]
  114 |           Set_Direction(1, 1); // 모터 A 정방향
      |           ^~~~~~~~~~~~~
../Core/Src/main.c:116:11: warning: implicit declaration of function 'Set_PWM' [-Wimplicit-function-declaration]
  116 |           Set_PWM(50, 100);    // 모터 A: 100%, 모터 B: 75%
      |           ^~~~~~~
../Core/Src/main.c: At top level:
../Core/Src/main.c:414:6: warning: conflicting types for 'Start_mootr'; have 'void()'
  414 | void Start_mootr()
      |      ^~~~~~~~~~~
../Core/Src/main.c:105:3: note: previous implicit declaration of 'Start_mootr' with type 'void()'
  105 |   Start_mootr();
      |   ^~~~~~~~~~~
../Core/Src/main.c:420:6: warning: conflicting types for 'Set_Direction'; have 'void(uint8_t,  uint8_t)' {aka 'void(unsigned char,  unsigned char)'}
  420 | void Set_Direction(uint8_t motor, uint8_t dir)
      |      ^~~~~~~~~~~~~
../Core/Src/main.c:114:11: note: previous implicit declaration of 'Set_Direction' with type 'void(uint8_t,  uint8_t)' {aka 'void(unsigned char,  unsigned char)'}
  114 |           Set_Direction(1, 1); // 모터 A 정방향
      |           ^~~~~~~~~~~~~
../Core/Src/main.c:431:6: warning: conflicting types for 'Set_PWM'; have 'void(uint8_t,  uint8_t)' {aka 'void(unsigned char,  unsigned char)'}
  431 | void Set_PWM(uint8_t duty_A, uint8_t duty_B){
      |      ^~~~~~~
../Core/Src/main.c:116:11: note: previous implicit declaration of 'Set_PWM' with type 'void(uint8_t,  uint8_t)' {aka 'void(unsigned char,  unsigned char)'}
  116 |           Set_PWM(50, 100);    // 모터 A: 100%, 모터 B: 75%
      |           ^~~~~~~
arm-none-eabi-gcc -o "L298N_PWM_motor_control.elf" @"objects.list"   -mcpu=cortex-m4 -T"/Users/kyw/STM32CubeIDE/workspace_1.17.0/L298N_PWM_motor_control/STM32F303VCTX_FLASH.ld" --specs=nosys.specs -Wl,-Map="L298N_PWM_motor_control.map" -Wl,--gc-sections -static --specs=nano.specs -mfpu=fpv4-sp-d16 -mfloat-abi=hard -mthumb -Wl,--start-group -lc -lm -Wl,--end-group
Finished building target: L298N_PWM_motor_control.elf
 
arm-none-eabi-size  L298N_PWM_motor_control.elf 
arm-none-eabi-objdump -h -S L298N_PWM_motor_control.elf  > "L298N_PWM_motor_control.list"
   text	   data	    bss	    dec	    hex	filename
  16016	     12	   2556	  18584	   4898	L298N_PWM_motor_control.elf
Finished building: default.size.stdout
 
Finished building: L298N_PWM_motor_control.list
 
15:45:11 **** Incremental Build of configuration Debug for project L298N_PWM_motor_control ****
make -j9 all 
arm-none-eabi-gcc "../Core/Src/main.c" -mcpu=cortex-m4 -std=gnu11 -g3 -DDEBUG -DUSE_HAL_DRIVER -DSTM32F303xC -c -I../Core/Inc -I../Drivers/STM32F3xx_HAL_Driver/Inc -I../Drivers/STM32F3xx_HAL_Driver/Inc/Legacy -I../Drivers/CMSIS/Device/ST/STM32F3xx/Include -I../Drivers/CMSIS/Include -O0 -ffunction-sections -fdata-sections -Wall -fstack-usage -fcyclomatic-complexity -MMD -MP -MF"Core/Src/main.d" -MT"Core/Src/main.o" --specs=nano.specs -mfpu=fpv4-sp-d16 -mfloat-abi=hard -mthumb -o "Core/Src/main.o"
../Core/Src/main.c: In function 'main':
../Core/Src/main.c:105:3: warning: implicit declaration of function 'Start_mootr' [-Wimplicit-function-declaration]
  105 |   Start_mootr();
      |   ^~~~~~~~~~~
../Core/Src/main.c:114:7: warning: implicit declaration of function 'Set_Direction' [-Wimplicit-function-declaration]
  114 |       Set_Direction(1, 1); // 모터 A 정방향
      |       ^~~~~~~~~~~~~
../Core/Src/main.c:116:7: warning: implicit declaration of function 'Set_PWM' [-Wimplicit-function-declaration]
  116 |       Set_PWM(100, 75);    // 모터 A: 100%, 모터 B: 75%
      |       ^~~~~~~
../Core/Src/main.c: At top level:
../Core/Src/main.c:411:6: warning: conflicting types for 'Start_mootr'; have 'void()'
  411 | void Start_mootr()
      |      ^~~~~~~~~~~
../Core/Src/main.c:105:3: note: previous implicit declaration of 'Start_mootr' with type 'void()'
  105 |   Start_mootr();
      |   ^~~~~~~~~~~
../Core/Src/main.c:417:6: warning: conflicting types for 'Set_Direction'; have 'void(uint8_t,  uint8_t)' {aka 'void(unsigned char,  unsigned char)'}
  417 | void Set_Direction(uint8_t motor, uint8_t dir)
      |      ^~~~~~~~~~~~~
../Core/Src/main.c:114:7: note: previous implicit declaration of 'Set_Direction' with type 'void(uint8_t,  uint8_t)' {aka 'void(unsigned char,  unsigned char)'}
  114 |       Set_Direction(1, 1); // 모터 A 정방향
      |       ^~~~~~~~~~~~~
../Core/Src/main.c:428:6: warning: conflicting types for 'Set_PWM'; have 'void(uint8_t,  uint8_t)' {aka 'void(unsigned char,  unsigned char)'}
  428 | void Set_PWM(uint8_t duty_A, uint8_t duty_B){
      |      ^~~~~~~
../Core/Src/main.c:116:7: note: previous implicit declaration of 'Set_PWM' with type 'void(uint8_t,  uint8_t)' {aka 'void(unsigned char,  unsigned char)'}
  116 |       Set_PWM(100, 75);    // 모터 A: 100%, 모터 B: 75%
      |       ^~~~~~~
arm-none-eabi-gcc -o "L298N_PWM_motor_control.elf" @"objects.list"   -mcpu=cortex-m4 -T"/Users/kyw/STM32CubeIDE/workspace_1.17.0/L298N_PWM_motor_control/STM32F303VCTX_FLASH.ld" --specs=nosys.specs -Wl,-Map="L298N_PWM_motor_control.map" -Wl,--gc-sections -static --specs=nano.specs -mfpu=fpv4-sp-d16 -mfloat-abi=hard -mthumb -Wl,--start-group -lc -lm -Wl,--end-group
Finished building target: L298N_PWM_motor_control.elf
 
arm-none-eabi-size  L298N_PWM_motor_control.elf 
arm-none-eabi-objdump -h -S L298N_PWM_motor_control.elf  > "L298N_PWM_motor_control.list"
   text	   data	    bss	    dec	    hex	filename
  16000	     12	   2556	  18568	   4888	L298N_PWM_motor_control.elf
Finished building: default.size.stdout
 
Finished building: L298N_PWM_motor_control.list
 
15:53:26 **** Incremental Build of configuration Debug for project L298N_PWM_motor_control ****
make -j9 all 
arm-none-eabi-gcc "../Core/Src/main.c" -mcpu=cortex-m4 -std=gnu11 -g3 -DDEBUG -DUSE_HAL_DRIVER -DSTM32F303xC -c -I../Core/Inc -I../Drivers/STM32F3xx_HAL_Driver/Inc -I../Drivers/STM32F3xx_HAL_Driver/Inc/Legacy -I../Drivers/CMSIS/Device/ST/STM32F3xx/Include -I../Drivers/CMSIS/Include -O0 -ffunction-sections -fdata-sections -Wall -fstack-usage -fcyclomatic-complexity -MMD -MP -MF"Core/Src/main.d" -MT"Core/Src/main.o" --specs=nano.specs -mfpu=fpv4-sp-d16 -mfloat-abi=hard -mthumb -o "Core/Src/main.o"
../Core/Src/main.c: In function 'main':
../Core/Src/main.c:105:3: warning: implicit declaration of function 'Start_mootr' [-Wimplicit-function-declaration]
  105 |   Start_mootr();
      |   ^~~~~~~~~~~
../Core/Src/main.c: At top level:
../Core/Src/main.c:137:1: error: expected identifier or '(' before '}' token
  137 | }
      | ^
../Core/Src/main.c:422:6: warning: conflicting types for 'Start_mootr'; have 'void()'
  422 | void Start_mootr()
      |      ^~~~~~~~~~~
../Core/Src/main.c:105:3: note: previous implicit declaration of 'Start_mootr' with type 'void()'
  105 |   Start_mootr();
      |   ^~~~~~~~~~~
make: *** [Core/Src/subdir.mk:34: Core/Src/main.o] Error 1
"make -j9 all" terminated with exit code 2. Build might be incomplete.
15:54:15 **** Incremental Build of configuration Debug for project L298N_PWM_motor_control ****
make -j9 all 
arm-none-eabi-gcc "../Core/Src/main.c" -mcpu=cortex-m4 -std=gnu11 -g3 -DDEBUG -DUSE_HAL_DRIVER -DSTM32F303xC -c -I../Core/Inc -I../Drivers/STM32F3xx_HAL_Driver/Inc -I../Drivers/STM32F3xx_HAL_Driver/Inc/Legacy -I../Drivers/CMSIS/Device/ST/STM32F3xx/Include -I../Drivers/CMSIS/Include -O0 -ffunction-sections -fdata-sections -Wall -fstack-usage -fcyclomatic-complexity -MMD -MP -MF"Core/Src/main.d" -MT"Core/Src/main.o" --specs=nano.specs -mfpu=fpv4-sp-d16 -mfloat-abi=hard -mthumb -o "Core/Src/main.o"
../Core/Src/main.c: In function 'main':
../Core/Src/main.c:105:3: warning: implicit declaration of function 'Start_mootr' [-Wimplicit-function-declaration]
  105 |   Start_mootr();
      |   ^~~~~~~~~~~
../Core/Src/main.c: At top level:
../Core/Src/main.c:137:1: error: expected identifier or '(' before '}' token
  137 | }
      | ^
../Core/Src/main.c:422:6: warning: conflicting types for 'Start_mootr'; have 'void()'
  422 | void Start_mootr()
      |      ^~~~~~~~~~~
../Core/Src/main.c:105:3: note: previous implicit declaration of 'Start_mootr' with type 'void()'
  105 |   Start_mootr();
      |   ^~~~~~~~~~~
make: *** [Core/Src/subdir.mk:34: Core/Src/main.o] Error 1
"make -j9 all" terminated with exit code 2. Build might be incomplete.
15:54:38 **** Incremental Build of configuration Debug for project L298N_PWM_motor_control ****
make -j9 all 
arm-none-eabi-gcc "../Core/Src/main.c" -mcpu=cortex-m4 -std=gnu11 -g3 -DDEBUG -DUSE_HAL_DRIVER -DSTM32F303xC -c -I../Core/Inc -I../Drivers/STM32F3xx_HAL_Driver/Inc -I../Drivers/STM32F3xx_HAL_Driver/Inc/Legacy -I../Drivers/CMSIS/Device/ST/STM32F3xx/Include -I../Drivers/CMSIS/Include -O0 -ffunction-sections -fdata-sections -Wall -fstack-usage -fcyclomatic-complexity -MMD -MP -MF"Core/Src/main.d" -MT"Core/Src/main.o" --specs=nano.specs -mfpu=fpv4-sp-d16 -mfloat-abi=hard -mthumb -o "Core/Src/main.o"
../Core/Src/main.c: In function 'main':
../Core/Src/main.c:105:3: warning: implicit declaration of function 'Start_mootr' [-Wimplicit-function-declaration]
  105 |   Start_mootr();
      |   ^~~~~~~~~~~
../Core/Src/main.c: At top level:
../Core/Src/main.c:422:6: warning: conflicting types for 'Start_mootr'; have 'void()'
  422 | void Start_mootr()
      |      ^~~~~~~~~~~
../Core/Src/main.c:105:3: note: previous implicit declaration of 'Start_mootr' with type 'void()'
  105 |   Start_mootr();
      |   ^~~~~~~~~~~
arm-none-eabi-gcc -o "L298N_PWM_motor_control.elf" @"objects.list"   -mcpu=cortex-m4 -T"/Users/kyw/STM32CubeIDE/workspace_1.17.0/L298N_PWM_motor_control/STM32F303VCTX_FLASH.ld" --specs=nosys.specs -Wl,-Map="L298N_PWM_motor_control.map" -Wl,--gc-sections -static --specs=nano.specs -mfpu=fpv4-sp-d16 -mfloat-abi=hard -mthumb -Wl,--start-group -lc -lm -Wl,--end-group
Finished building target: L298N_PWM_motor_control.elf
 
arm-none-eabi-size  L298N_PWM_motor_control.elf 
arm-none-eabi-objdump -h -S L298N_PWM_motor_control.elf  > "L298N_PWM_motor_control.list"
   text	   data	    bss	    dec	    hex	filename
  15836	     12	   2556	  18404	   47e4	L298N_PWM_motor_control.elf
Finished building: default.size.stdout
 
Finished building: L298N_PWM_motor_control.list
 
15:55:54 **** Incremental Build of configuration Debug for project L298N_PWM_motor_control ****
make -j9 all 
arm-none-eabi-size  L298N_PWM_motor_control.elf 
   text	   data	    bss	    dec	    hex	filename
  15836	     12	   2556	  18404	   47e4	L298N_PWM_motor_control.elf
Finished building: default.size.stdout
 
15:59:56 **** Incremental Build of configuration Debug for project L298N_PWM_motor_control ****
make -j9 all 
arm-none-eabi-gcc "../Core/Src/main.c" -mcpu=cortex-m4 -std=gnu11 -g3 -DDEBUG -DUSE_HAL_DRIVER -DSTM32F303xC -c -I../Core/Inc -I../Drivers/STM32F3xx_HAL_Driver/Inc -I../Drivers/STM32F3xx_HAL_Driver/Inc/Legacy -I../Drivers/CMSIS/Device/ST/STM32F3xx/Include -I../Drivers/CMSIS/Include -O0 -ffunction-sections -fdata-sections -Wall -fstack-usage -fcyclomatic-complexity -MMD -MP -MF"Core/Src/main.d" -MT"Core/Src/main.o" --specs=nano.specs -mfpu=fpv4-sp-d16 -mfloat-abi=hard -mthumb -o "Core/Src/main.o"
../Core/Src/main.c: In function 'main':
../Core/Src/main.c:105:3: warning: implicit declaration of function 'Start_mootr' [-Wimplicit-function-declaration]
  105 |   Start_mootr();
      |   ^~~~~~~~~~~
../Core/Src/main.c:114:7: warning: implicit declaration of function 'Set_Direction' [-Wimplicit-function-declaration]
  114 |       Set_Direction(1, 1); // 모터 A 정방향
      |       ^~~~~~~~~~~~~
../Core/Src/main.c:116:7: warning: implicit declaration of function 'Set_PWM' [-Wimplicit-function-declaration]
  116 |       Set_PWM(100, 75);    // 모터 A: 100%, 모터 B: 75%
      |       ^~~~~~~
../Core/Src/main.c: At top level:
../Core/Src/main.c:411:6: warning: conflicting types for 'Start_mootr'; have 'void()'
  411 | void Start_mootr()
      |      ^~~~~~~~~~~
../Core/Src/main.c:105:3: note: previous implicit declaration of 'Start_mootr' with type 'void()'
  105 |   Start_mootr();
      |   ^~~~~~~~~~~
../Core/Src/main.c:417:6: warning: conflicting types for 'Set_Direction'; have 'void(uint8_t,  uint8_t)' {aka 'void(unsigned char,  unsigned char)'}
  417 | void Set_Direction(uint8_t motor, uint8_t dir)
      |      ^~~~~~~~~~~~~
../Core/Src/main.c:114:7: note: previous implicit declaration of 'Set_Direction' with type 'void(uint8_t,  uint8_t)' {aka 'void(unsigned char,  unsigned char)'}
  114 |       Set_Direction(1, 1); // 모터 A 정방향
      |       ^~~~~~~~~~~~~
../Core/Src/main.c:428:6: warning: conflicting types for 'Set_PWM'; have 'void(uint8_t,  uint8_t)' {aka 'void(unsigned char,  unsigned char)'}
  428 | void Set_PWM(uint8_t duty_A, uint8_t duty_B){
      |      ^~~~~~~
../Core/Src/main.c:116:7: note: previous implicit declaration of 'Set_PWM' with type 'void(uint8_t,  uint8_t)' {aka 'void(unsigned char,  unsigned char)'}
  116 |       Set_PWM(100, 75);    // 모터 A: 100%, 모터 B: 75%
      |       ^~~~~~~
arm-none-eabi-gcc -o "L298N_PWM_motor_control.elf" @"objects.list"   -mcpu=cortex-m4 -T"/Users/kyw/STM32CubeIDE/workspace_1.17.0/L298N_PWM_motor_control/STM32F303VCTX_FLASH.ld" --specs=nosys.specs -Wl,-Map="L298N_PWM_motor_control.map" -Wl,--gc-sections -static --specs=nano.specs -mfpu=fpv4-sp-d16 -mfloat-abi=hard -mthumb -Wl,--start-group -lc -lm -Wl,--end-group
Finished building target: L298N_PWM_motor_control.elf
 
arm-none-eabi-size  L298N_PWM_motor_control.elf 
arm-none-eabi-objdump -h -S L298N_PWM_motor_control.elf  > "L298N_PWM_motor_control.list"
   text	   data	    bss	    dec	    hex	filename
  16000	     12	   2556	  18568	   4888	L298N_PWM_motor_control.elf
Finished building: default.size.stdout
 
Finished building: L298N_PWM_motor_control.list
 
